Archive member included to satisfy reference by file (symbol)

c:/st/stm32cubeide_1.5.1/stm32cubeide/plugins/com.st.stm32cube.ide.mcu.externaltools.gnu-tools-for-stm32.7-2018-q2-update.win32_1.5.0.202011040924/tools/bin/../lib/gcc/arm-none-eabi/7.3.1/../../../../arm-none-eabi/lib/thumb/v6-m\libc.a(lib_a-atof.o)
                              BOS/BOS_CLI.o (atof)
c:/st/stm32cubeide_1.5.1/stm32cubeide/plugins/com.st.stm32cube.ide.mcu.externaltools.gnu-tools-for-stm32.7-2018-q2-update.win32_1.5.0.202011040924/tools/bin/../lib/gcc/arm-none-eabi/7.3.1/../../../../arm-none-eabi/lib/thumb/v6-m\libc.a(lib_a-atoi.o)
                              BOS/BOS_CLI.o (atoi)
c:/st/stm32cubeide_1.5.1/stm32cubeide/plugins/com.st.stm32cube.ide.mcu.externaltools.gnu-tools-for-stm32.7-2018-q2-update.win32_1.5.0.202011040924/tools/bin/../lib/gcc/arm-none-eabi/7.3.1/../../../../arm-none-eabi/lib/thumb/v6-m\libc.a(lib_a-atol.o)
                              BOS/BOS.o (atol)
c:/st/stm32cubeide_1.5.1/stm32cubeide/plugins/com.st.stm32cube.ide.mcu.externaltools.gnu-tools-for-stm32.7-2018-q2-update.win32_1.5.0.202011040924/tools/bin/../lib/gcc/arm-none-eabi/7.3.1/../../../../arm-none-eabi/lib/thumb/v6-m\libc.a(lib_a-calloc.o)
                              BOS/BOS.o (calloc)
c:/st/stm32cubeide_1.5.1/stm32cubeide/plugins/com.st.stm32cube.ide.mcu.externaltools.gnu-tools-for-stm32.7-2018-q2-update.win32_1.5.0.202011040924/tools/bin/../lib/gcc/arm-none-eabi/7.3.1/../../../../arm-none-eabi/lib/thumb/v6-m\libc.a(lib_a-callocr.o)
                              c:/st/stm32cubeide_1.5.1/stm32cubeide/plugins/com.st.stm32cube.ide.mcu.externaltools.gnu-tools-for-stm32.7-2018-q2-update.win32_1.5.0.202011040924/tools/bin/../lib/gcc/arm-none-eabi/7.3.1/../../../../arm-none-eabi/lib/thumb/v6-m\libc.a(lib_a-calloc.o) (_calloc_r)
c:/st/stm32cubeide_1.5.1/stm32cubeide/plugins/com.st.stm32cube.ide.mcu.externaltools.gnu-tools-for-stm32.7-2018-q2-update.win32_1.5.0.202011040924/tools/bin/../lib/gcc/arm-none-eabi/7.3.1/../../../../arm-none-eabi/lib/thumb/v6-m\libc.a(lib_a-exit.o)
                              c:/st/stm32cubeide_1.5.1/stm32cubeide/plugins/com.st.stm32cube.ide.mcu.externaltools.gnu-tools-for-stm32.7-2018-q2-update.win32_1.5.0.202011040924/tools/bin/../lib/gcc/arm-none-eabi/7.3.1/../../../../arm-none-eabi/lib/thumb/v6-m/crt0.o (exit)
c:/st/stm32cubeide_1.5.1/stm32cubeide/plugins/com.st.stm32cube.ide.mcu.externaltools.gnu-tools-for-stm32.7-2018-q2-update.win32_1.5.0.202011040924/tools/bin/../lib/gcc/arm-none-eabi/7.3.1/../../../../arm-none-eabi/lib/thumb/v6-m\libc.a(lib_a-impure.o)
                              c:/st/stm32cubeide_1.5.1/stm32cubeide/plugins/com.st.stm32cube.ide.mcu.externaltools.gnu-tools-for-stm32.7-2018-q2-update.win32_1.5.0.202011040924/tools/bin/../lib/gcc/arm-none-eabi/7.3.1/../../../../arm-none-eabi/lib/thumb/v6-m\libc.a(lib_a-exit.o) (_global_impure_ptr)
c:/st/stm32cubeide_1.5.1/stm32cubeide/plugins/com.st.stm32cube.ide.mcu.externaltools.gnu-tools-for-stm32.7-2018-q2-update.win32_1.5.0.202011040924/tools/bin/../lib/gcc/arm-none-eabi/7.3.1/../../../../arm-none-eabi/lib/thumb/v6-m\libc.a(lib_a-init.o)
                              c:/st/stm32cubeide_1.5.1/stm32cubeide/plugins/com.st.stm32cube.ide.mcu.externaltools.gnu-tools-for-stm32.7-2018-q2-update.win32_1.5.0.202011040924/tools/bin/../lib/gcc/arm-none-eabi/7.3.1/../../../../arm-none-eabi/lib/thumb/v6-m/crt0.o (__libc_init_array)
c:/st/stm32cubeide_1.5.1/stm32cubeide/plugins/com.st.stm32cube.ide.mcu.externaltools.gnu-tools-for-stm32.7-2018-q2-update.win32_1.5.0.202011040924/tools/bin/../lib/gcc/arm-none-eabi/7.3.1/../../../../arm-none-eabi/lib/thumb/v6-m\libc.a(lib_a-locale.o)
                              BOS/BOS_CLI.o (__locale_ctype_ptr)
c:/st/stm32cubeide_1.5.1/stm32cubeide/plugins/com.st.stm32cube.ide.mcu.externaltools.gnu-tools-for-stm32.7-2018-q2-update.win32_1.5.0.202011040924/tools/bin/../lib/gcc/arm-none-eabi/7.3.1/../../../../arm-none-eabi/lib/thumb/v6-m\libc.a(lib_a-malloc.o)
                              BOS/BOS.o (malloc)
c:/st/stm32cubeide_1.5.1/stm32cubeide/plugins/com.st.stm32cube.ide.mcu.externaltools.gnu-tools-for-stm32.7-2018-q2-update.win32_1.5.0.202011040924/tools/bin/../lib/gcc/arm-none-eabi/7.3.1/../../../../arm-none-eabi/lib/thumb/v6-m\libc.a(lib_a-mallocr.o)
                              c:/st/stm32cubeide_1.5.1/stm32cubeide/plugins/com.st.stm32cube.ide.mcu.externaltools.gnu-tools-for-stm32.7-2018-q2-update.win32_1.5.0.202011040924/tools/bin/../lib/gcc/arm-none-eabi/7.3.1/../../../../arm-none-eabi/lib/thumb/v6-m\libc.a(lib_a-callocr.o) (_malloc_r)
c:/st/stm32cubeide_1.5.1/stm32cubeide/plugins/com.st.stm32cube.ide.mcu.externaltools.gnu-tools-for-stm32.7-2018-q2-update.win32_1.5.0.202011040924/tools/bin/../lib/gcc/arm-none-eabi/7.3.1/../../../../arm-none-eabi/lib/thumb/v6-m\libc.a(lib_a-mbtowc_r.o)
[...]
Memory Configuration

Name             Origin             Length             Attributes
RAM              0x0000000020000000 0x0000000000008000 xrw
FLASH            0x0000000008000000 0x0000000000020000 xr
*default*        0x0000000000000000 0xffffffffffffffff

Linker script and memory map

LOAD c:/st/stm32cubeide_1.5.1/stm32cubeide/plugins/com.st.stm32cube.ide.mcu.externaltools.gnu-tools-for-stm32.7-2018-q2-update.win32_1.5.0.202011040924/tools/bin/../lib/gcc/arm-none-eabi/7.3.1/thumb/v6-m/crti.o
LOAD c:/st/stm32cubeide_1.5.1/stm32cubeide/plugins/com.st.stm32cube.ide.mcu.externaltools.gnu-tools-for-stm32.7-2018-q2-update.win32_1.5.0.202011040924/tools/bin/../lib/gcc/arm-none-eabi/7.3.1/thumb/v6-m/crtbegin.o
LOAD c:/st/stm32cubeide_1.5.1/stm32cubeide/plugins/com.st.stm32cube.ide.mcu.externaltools.gnu-tools-for-stm32.7-2018-q2-update.win32_1.5.0.202011040924/tools/bin/../lib/gcc/arm-none-eabi/7.3.1/../../../../arm-none-eabi/lib/thumb/v6-m/crt0.o
LOAD BOS/BOS.o
LOAD BOS/BOS_CLI.o
LOAD BOS/BOS_CLIcommands.o
LOAD BOS/BOS_dma.o
LOAD BOS/BOS_freertos.o
LOAD BOS/BOS_messaging.o
LOAD BOS/BOS_msgparser.o
LOAD H0FR6/H0FR6.o
LOAD H0FR6/H0FR6_adc.o
LOAD H0FR6/H0FR6_dma.o
LOAD H0FR6/H0FR6_eeprom.o
LOAD H0FR6/H0FR6_gpio.o
LOAD H0FR6/H0FR6_inputs.o
LOAD H0FR6/H0FR6_it.o
LOAD H0FR6/H0FR6_rtc.o
LOAD H0FR6/H0FR6_timers.o
LOAD H0FR6/H0FR6_uart.o
LOAD H0FR6/startup_stm32f091xc.o
LOAD Thirdparty/CMSIS/STM32F0xx/Device/ST/STM32F0xx/Source/Templates/system_stm32f0xx.o
LOAD Thirdparty/Middleware/STM32F0xx/FreeRTOS/Source/CMSIS_RTOS/cmsis_os.o
LOAD Thirdparty/Middleware/STM32F0xx/FreeRTOS/Source/FreeRTOS_CLI.o
LOAD Thirdparty/Middleware/STM32F0xx/FreeRTOS/Source/croutine.o
LOAD Thirdparty/Middleware/STM32F0xx/FreeRTOS/Source/event_groups.o
LOAD Thirdparty/Middleware/STM32F0xx/FreeRTOS/Source/list.o
LOAD Thirdparty/Middleware/STM32F0xx/FreeRTOS/Source/queue.o
LOAD Thirdparty/Middleware/STM32F0xx/FreeRTOS/Source/tasks.o
LOAD Thirdparty/Middleware/STM32F0xx/FreeRTOS/Source/timers.o
LOAD Thirdparty/Middleware/STM32F0xx/FreeRTOS/Source/portable/GCC/ARM_CM0/port.o
LOAD Thirdparty/Middleware/STM32F0xx/FreeRTOS/Source/portable/MemMang/heap_4.o
LOAD Thirdparty/STM32F0xx_HAL_Driver/Src/stm32f0xx_hal.o
LOAD Thirdparty/STM32F0xx_HAL_Driver/Src/stm32f0xx_hal_adc.o
LOAD Thirdparty/STM32F0xx_HAL_Driver/Src/stm32f0xx_hal_adc_ex.o
LOAD Thirdparty/STM32F0xx_HAL_Driver/Src/stm32f0xx_hal_can.o
LOAD Thirdparty/STM32F0xx_HAL_Driver/Src/stm32f0xx_hal_cec.o
LOAD Thirdparty/STM32F0xx_HAL_Driver/Src/stm32f0xx_hal_comp.o
LOAD Thirdparty/STM32F0xx_HAL_Driver/Src/stm32f0xx_hal_cortex.o
LOAD Thirdparty/STM32F0xx_HAL_Driver/Src/stm32f0xx_hal_crc.o
LOAD Thirdparty/STM32F0xx_HAL_Driver/Src/stm32f0xx_hal_crc_ex.o
LOAD Thirdparty/STM32F0xx_HAL_Driver/Src/stm32f0xx_hal_dac.o
LOAD Thirdparty/STM32F0xx_HAL_Driver/Src/stm32f0xx_hal_dac_ex.o
LOAD Thirdparty/STM32F0xx_HAL_Driver/Src/stm32f0xx_hal_dma.o
LOAD Thirdparty/STM32F0xx_HAL_Driver/Src/stm32f0xx_hal_flash.o
LOAD Thirdparty/STM32F0xx_HAL_Driver/Src/stm32f0xx_hal_flash_ex.o
LOAD Thirdparty/STM32F0xx_HAL_Driver/Src/stm32f0xx_hal_gpio.o
LOAD Thirdparty/STM32F0xx_HAL_Driver/Src/stm32f0xx_hal_i2c.o
LOAD Thirdparty/STM32F0xx_HAL_Driver/Src/stm32f0xx_hal_i2c_ex.o
LOAD Thirdparty/STM32F0xx_HAL_Driver/Src/stm32f0xx_hal_i2s.o
LOAD Thirdparty/STM32F0xx_HAL_Driver/Src/stm32f0xx_hal_irda.o
LOAD Thirdparty/STM32F0xx_HAL_Driver/Src/stm32f0xx_hal_iwdg.o
LOAD Thirdparty/STM32F0xx_HAL_Driver/Src/stm32f0xx_hal_msp_template.o
LOAD Thirdparty/STM32F0xx_HAL_Driver/Src/stm32f0xx_hal_pcd.o
LOAD Thirdparty/STM32F0xx_HAL_Driver/Src/stm32f0xx_hal_pcd_ex.o
LOAD Thirdparty/STM32F0xx_HAL_Driver/Src/stm32f0xx_hal_pwr.o
LOAD Thirdparty/STM32F0xx_HAL_Driver/Src/stm32f0xx_hal_pwr_ex.o
LOAD Thirdparty/STM32F0xx_HAL_Driver/Src/stm32f0xx_hal_rcc.o
LOAD Thirdparty/STM32F0xx_HAL_Driver/Src/stm32f0xx_hal_rcc_ex.o
LOAD Thirdparty/STM32F0xx_HAL_Driver/Src/stm32f0xx_hal_rtc.o
LOAD Thirdparty/STM32F0xx_HAL_Driver/Src/stm32f0xx_hal_rtc_ex.o
LOAD Thirdparty/STM32F0xx_HAL_Driver/Src/stm32f0xx_hal_smartcard.o
LOAD Thirdparty/STM32F0xx_HAL_Driver/Src/stm32f0xx_hal_smartcard_ex.o
LOAD Thirdparty/STM32F0xx_HAL_Driver/Src/stm32f0xx_hal_smbus.o
LOAD Thirdparty/STM32F0xx_HAL_Driver/Src/stm32f0xx_hal_spi.o
LOAD Thirdparty/STM32F0xx_HAL_Driver/Src/stm32f0xx_hal_spi_ex.o
LOAD Thirdparty/STM32F0xx_HAL_Driver/Src/stm32f0xx_hal_tim.o
LOAD Thirdparty/STM32F0xx_HAL_Driver/Src/stm32f0xx_hal_tim_ex.o
LOAD Thirdparty/STM32F0xx_HAL_Driver/Src/stm32f0xx_hal_tsc.o
LOAD Thirdparty/STM32F0xx_HAL_Driver/Src/stm32f0xx_hal_uart.o
LOAD Thirdparty/STM32F0xx_HAL_Driver/Src/stm32f0xx_hal_uart_ex.o
LOAD Thirdparty/STM32F0xx_HAL_Driver/Src/stm32f0xx_hal_usart.o
LOAD Thirdparty/STM32F0xx_HAL_Driver/Src/stm32f0xx_hal_wwdg.o
LOAD User/main.o
START GROUP
LOAD c:/st/stm32cubeide_1.5.1/stm32cubeide/plugins/com.st.stm32cube.ide.mcu.externaltools.gnu-tools-for-stm32.7-2018-q2-update.win32_1.5.0.202011040924/tools/bin/../lib/gcc/arm-none-eabi/7.3.1/../../../../arm-none-eabi/lib/thumb/v6-m\libc.a
LOAD c:/st/stm32cubeide_1.5.1/stm32cubeide/plugins/com.st.stm32cube.ide.mcu.externaltools.gnu-tools-for-stm32.7-2018-q2-update.win32_1.5.0.202011040924/tools/bin/../lib/gcc/arm-none-eabi/7.3.1/../../../../arm-none-eabi/lib/thumb/v6-m\libm.a
END GROUP
START GROUP
LOAD c:/st/stm32cubeide_1.5.1/stm32cubeide/plugins/com.st.stm32cube.ide.mcu.externaltools.gnu-tools-for-stm32.7-2018-q2-update.win32_1.5.0.202011040924/tools/bin/../lib/gcc/arm-none-eabi/7.3.1/thumb/v6-m\libgcc.a
LOAD c:/st/stm32cubeide_1.5.1/stm32cubeide/plugins/com.st.stm32cube.ide.mcu.externaltools.gnu-tools-for-stm32.7-2018-q2-update.win32_1.5.0.202011040924/tools/bin/../lib/gcc/arm-none-eabi/7.3.1/../../../../arm-none-eabi/lib/thumb/v6-m\libc.a
END GROUP
START GROUP
LOAD c:/st/stm32cubeide_1.5.1/stm32cubeide/plugins/com.st.stm32cube.ide.mcu.externaltools.gnu-tools-for-stm32.7-2018-q2-update.win32_1.5.0.202011040924/tools/bin/../lib/gcc/arm-none-eabi/7.3.1/thumb/v6-m\libgcc.a
LOAD c:/st/stm32cubeide_1.5.1/stm32cubeide/plugins/com.st.stm32cube.ide.mcu.externaltools.gnu-tools-for-stm32.7-2018-q2-update.win32_1.5.0.202011040924/tools/bin/../lib/gcc/arm-none-eabi/7.3.1/../../../../arm-none-eabi/lib/thumb/v6-m\libc.a
LOAD c:/st/stm32cubeide_1.5.1/stm32cubeide/plugins/com.st.stm32cube.ide.mcu.externaltools.gnu-tools-for-stm32.7-2018-q2-update.win32_1.5.0.202011040924/tools/bin/../lib/gcc/arm-none-eabi/7.3.1/../../../../arm-none-eabi/lib/thumb/v6-m\libnosys.a
END GROUP
LOAD c:/st/stm32cubeide_1.5.1/stm32cubeide/plugins/com.st.stm32cube.ide.mcu.externaltools.gnu-tools-for-stm32.7-2018-q2-update.win32_1.5.0.202011040924/tools/bin/../lib/gcc/arm-none-eabi/7.3.1/thumb/v6-m/crtend.o
LOAD c:/st/stm32cubeide_1.5.1/stm32cubeide/plugins/com.st.stm32cube.ide.mcu.externaltools.gnu-tools-for-stm32.7-2018-q2-update.win32_1.5.0.202011040924/tools/bin/../lib/gcc/arm-none-eabi/7.3.1/thumb/v6-m/crtn.o
                0x0000000020008000                _estack = 0x20008000
                0x0000000000000200                _Min_Heap_Size = 0x200
                0x0000000000000400                _Min_Stack_Size = 0x400

.isr_vector     0x0000000008000000       0xbc
                0x0000000008000000                . = ALIGN (0x4)
 *(.isr_vector)
 .isr_vector    0x0000000008000000       0xbc H0FR6/startup_stm32f091xc.o
                0x0000000008000000                g_pfnVectors
                0x00000000080000bc                . = ALIGN (0x4)

.text           0x00000000080000bc    0x1775c
                0x00000000080000bc                . = ALIGN (0x4)
 *(.text)
 .text          0x00000000080000bc       0x48 c:/st/stm32cubeide_1.5.1/stm32cubeide/plugins/com.st.stm32cube.ide.mcu.externaltools.gnu-tools-for-stm32.7-2018-q2-update.win32_1.5.0.202011040924/tools/bin/../lib/gcc/arm-none-eabi/7.3.1/thumb/v6-m/crtbegin.o
 .text          0x0000000008000104       0x14 c:/st/stm32cubeide_1.5.1/stm32cubeide/plugins/com.st.stm32cube.ide.mcu.externaltools.gnu-tools-for-stm32.7-2018-q2-update.win32_1.5.0.202011040924/tools/bin/../lib/gcc/arm-none-eabi/7.3.1/../../../../arm-none-eabi/lib/thumb/v6-m\libc.a(lib_a-strcmp.o)
                0x0000000008000104                strcmp
 .text          0x0000000008000118        0xe c:/st/stm32cubeide_1.5.1/stm32cubeide/plugins/com.st.stm32cube.ide.mcu.externaltools.gnu-tools-for-stm32.7-2018-q2-update.win32_1.5.0.202011040924/tools/bin/../lib/gcc/arm-none-eabi/7.3.1/../../../../arm-none-eabi/lib/thumb/v6-m\libc.a(lib_a-strlen.o)
                0x0000000008000118                strlen
 *fill*         0x0000000008000126        0x2 
 .text          0x0000000008000128       0x14 c:/st/stm32cubeide_1.5.1/stm32cubeide/plugins/com.st.stm32cube.ide.mcu.externaltools.gnu-tools-for-stm32.7-2018-q2-update.win32_1.5.0.202011040924/tools/bin/../lib/gcc/arm-none-eabi/7.3.1/thumb/v6-m\libgcc.a(_thumb1_case_uqi.o)
                0x0000000008000128                __gnu_thumb1_case_uqi
 .text          0x000000000800013c       0x14 c:/st/stm32cubeide_1.5.1/stm32cubeide/plugins/com.st.stm32cube.ide.mcu.externaltools.gnu-tools-for-stm32.7-2018-q2-update.win32_1.5.0.202011040924/tools/bin/../lib/gcc/arm-none-eabi/7.3.1/thumb/v6-m\libgcc.a(_thumb1_case_shi.o)
                0x000000000800013c                __gnu_thumb1_case_shi
 .text          0x0000000008000150      0x114 c:/st/stm32cubeide_1.5.1/stm32cubeide/plugins/com.st.stm32cube.ide.mcu.externaltools.gnu-tools-for-stm32.7-2018-q2-update.win32_1.5.0.202011040924/tools/bin/../lib/gcc/arm-none-eabi/7.3.1/thumb/v6-m\libgcc.a(_udivsi3.o)
                0x0000000008000150                __aeabi_uidiv
                0x0000000008000150                __udivsi3
                0x000000000800025c                __aeabi_uidivmod
 .text          0x0000000008000264      0x1d4 c:/st/stm32cubeide_1.5.1/stm32cubeide/plugins/com.st.stm32cube.ide.mcu.externaltools.gnu-tools-for-stm32.7-2018-q2-update.win32_1.5.0.202011040924/tools/bin/../lib/gcc/arm-none-eabi/7.3.1/thumb/v6-m\libgcc.a(_divsi3.o)
                0x0000000008000264                __divsi3
                0x0000000008000264                __aeabi_idiv
                0x0000000008000430                __aeabi_idivmod
 .text          0x0000000008000438        0x4 c:/st/stm32cubeide_1.5.1/stm32cubeide/plugins/com.st.stm32cube.ide.mcu.externaltools.gnu-tools-for-stm32.7-2018-q2-update.win32_1.5.0.202011040924/tools/bin/../lib/gcc/arm-none-eabi/7.3.1/thumb/v6-m\libgcc.a(_dvmd_tls.o)
                0x0000000008000438                __aeabi_idiv0
                0x0000000008000438                __aeabi_ldiv0
 .text          0x000000000800043c       0x7c c:/st/stm32cubeide_1.5.1/stm32cubeide/plugins/com.st.stm32cube.ide.mcu.externaltools.gnu-tools-for-stm32.7-2018-q2-update.win32_1.5.0.202011040924/tools/bin/../lib/gcc/arm-none-eabi/7.3.1/thumb/v6-m\libgcc.a(_arm_cmpdf2.o)
                0x000000000800043c                __aeabi_cdrcmple
                0x000000000800044c                __aeabi_cdcmple
                0x000000000800044c                __aeabi_cdcmpeq
                0x000000000800045c                __aeabi_dcmpeq
                0x0000000008000468                __aeabi_dcmplt
                0x000000000800047c                __aeabi_dcmple
                0x0000000008000490                __aeabi_dcmpgt
                0x00000000080004a4                __aeabi_dcmpge
 .text          0x00000000080004b8       0x74 c:/st/stm32cubeide_1.5.1/stm32cubeide/plugins/com.st.stm32cube.ide.mcu.externaltools.gnu-tools-for-stm32.7-2018-q2-update.win32_1.5.0.202011040924/tools/bin/../lib/gcc/arm-none-eabi/7.3.1/thumb/v6-m\libgcc.a(_arm_cmpsf2.o)
                0x00000000080004b8                __aeabi_cfrcmple
                0x00000000080004c0                __aeabi_cfcmpeq
                0x00000000080004c0                __aeabi_cfcmple
                0x00000000080004d0                __aeabi_fcmpeq
                0x00000000080004dc                __aeabi_fcmplt
                0x00000000080004f0                __aeabi_fcmple
                0x0000000008000504                __aeabi_fcmpgt
                0x0000000008000518                __aeabi_fcmpge
 .text          0x000000000800052c       0x40 c:/st/stm32cubeide_1.5.1/stm32cubeide/plugins/com.st.stm32cube.ide.mcu.externaltools.gnu-tools-for-stm32.7-2018-q2-update.win32_1.5.0.202011040924/tools/bin/../lib/gcc/arm-none-eabi/7.3.1/thumb/v6-m\libgcc.a(_aeabi_uldivmod.o)
                0x000000000800052c                __aeabi_uldivmod
 .text          0x000000000800056c       0x54 c:/st/stm32cubeide_1.5.1/stm32cubeide/plugins/com.st.stm32cube.ide.mcu.externaltools.gnu-tools-for-stm32.7-2018-q2-update.win32_1.5.0.202011040924/tools/bin/../lib/gcc/arm-none-eabi/7.3.1/thumb/v6-m\libgcc.a(_muldi3.o)
                0x000000000800056c                __muldi3
                0x000000000800056c                __aeabi_lmul
 .text          0x00000000080005c0       0x30 c:/st/stm32cubeide_1.5.1/stm32cubeide/plugins/com.st.stm32cube.ide.mcu.externaltools.gnu-tools-for-stm32.7-2018-q2-update.win32_1.5.0.202011040924/tools/bin/../lib/gcc/arm-none-eabi/7.3.1/thumb/v6-m\libgcc.a(_fixunssfsi.o)
                0x00000000080005c0                __fixunssfsi
                0x00000000080005c0                __aeabi_f2uiz
 .text          0x00000000080005f0       0x3c c:/st/stm32cubeide_1.5.1/stm32cubeide/plugins/com.st.stm32cube.ide.mcu.externaltools.gnu-tools-for-stm32.7-2018-q2-update.win32_1.5.0.202011040924/tools/bin/../lib/gcc/arm-none-eabi/7.3.1/thumb/v6-m\libgcc.a(_fixunsdfsi.o)
                0x00000000080005f0                __aeabi_d2uiz
                0x00000000080005f0                __fixunsdfsi
 .text          0x000000000800062c      0x184 c:/st/stm32cubeide_1.5.1/stm32cubeide/plugins/com.st.stm32cube.ide.mcu.externaltools.gnu-tools-for-stm32.7-2018-q2-update.win32_1.5.0.202011040924/tools/bin/../lib/gcc/arm-none-eabi/7.3.1/thumb/v6-m\libgcc.a(_udivmoddi4.o)
                0x000000000800062c                __udivmoddi4
 .text          0x00000000080007b0      0x224 c:/st/stm32cubeide_1.5.1/stm32cubeide/plugins/com.st.stm32cube.ide.mcu.externaltools.gnu-tools-for-stm32.7-2018-q2-update.win32_1.5.0.202011040924/tools/bin/../lib/gcc/arm-none-eabi/7.3.1/thumb/v6-m\libgcc.a(divsf3.o)
                0x00000000080007b0                __aeabi_fdiv
 .text          0x00000000080009d4       0x50 c:/st/stm32cubeide_1.5.1/stm32cubeide/plugins/com.st.stm32cube.ide.mcu.externaltools.gnu-tools-for-stm32.7-2018-q2-update.win32_1.5.0.202011040924/tools/bin/../lib/gcc/arm-none-eabi/7.3.1/thumb/v6-m\libgcc.a(eqsf2.o)
                0x00000000080009d4                __eqsf2
                0x00000000080009d4                __nesf2
 .text          0x0000000008000a24       0x9c c:/st/stm32cubeide_1.5.1/stm32cubeide/plugins/com.st.stm32cube.ide.mcu.externaltools.gnu-tools-for-stm32.7-2018-q2-update.win32_1.5.0.202011040924/tools/bin/../lib/gcc/arm-none-eabi/7.3.1/thumb/v6-m\libgcc.a(gesf2.o)
                0x0000000008000a24                __gesf2
                0x0000000008000a24                __gtsf2
 .text          0x0000000008000ac0       0xa0 c:/st/stm32cubeide_1.5.1/stm32cubeide/plugins/com.st.stm32cube.ide.mcu.externaltools.gnu-tools-for-stm32.7-2018-q2-update.win32_1.5.0.202011040924/tools/bin/../lib/gcc/arm-none-eabi/7.3.1/thumb/v6-m\libgcc.a(lesf2.o)
                0x0000000008000ac0                __ltsf2
                0x0000000008000ac0                __lesf2
 .text          0x0000000008000b60      0x264 c:/st/stm32cubeide_1.5.1/stm32cubeide/plugins/com.st.stm32cube.ide.mcu.externaltools.gnu-tools-for-stm32.7-2018-q2-update.win32_1.5.0.202011040924/tools/bin/../lib/gcc/arm-none-eabi/7.3.1/thumb/v6-m\libgcc.a(mulsf3.o)
                0x0000000008000b60                __aeabi_fmul
 .text          0x0000000008000dc4      0x388 c:/st/stm32cubeide_1.5.1/stm32cubeide/plugins/com.st.stm32cube.ide.mcu.externaltools.gnu-tools-for-stm32.7-2018-q2-update.win32_1.5.0.202011040924/tools/bin/../lib/gcc/arm-none-eabi/7.3.1/thumb/v6-m\libgcc.a(subsf3.o)
                0x0000000008000dc4                __aeabi_fsub
 .text          0x000000000800114c       0x40 c:/st/stm32cubeide_1.5.1/stm32cubeide/plugins/com.st.stm32cube.ide.mcu.externaltools.gnu-tools-for-stm32.7-2018-q2-update.win32_1.5.0.202011040924/tools/bin/../lib/gcc/arm-none-eabi/7.3.1/thumb/v6-m\libgcc.a(fixsfsi.o)
                0x000000000800114c                __aeabi_f2iz
 .text          0x000000000800118c       0x80 c:/st/stm32cubeide_1.5.1/stm32cubeide/plugins/com.st.stm32cube.ide.mcu.externaltools.gnu-tools-for-stm32.7-2018-q2-update.win32_1.5.0.202011040924/tools/bin/../lib/gcc/arm-none-eabi/7.3.1/thumb/v6-m\libgcc.a(floatunsisf.o)
                0x000000000800118c                __aeabi_ui2f
 .text          0x000000000800120c      0x638 c:/st/stm32cubeide_1.5.1/stm32cubeide/plugins/com.st.stm32cube.ide.mcu.externaltools.gnu-tools-for-stm32.7-2018-q2-update.win32_1.5.0.202011040924/tools/bin/../lib/gcc/arm-none-eabi/7.3.1/thumb/v6-m\libgcc.a(adddf3.o)
                0x000000000800120c                __aeabi_dadd
 .text          0x0000000008001844      0x604 c:/st/stm32cubeide_1.5.1/stm32cubeide/plugins/com.st.stm32cube.ide.mcu.externaltools.gnu-tools-for-stm32.7-2018-q2-update.win32_1.5.0.202011040924/tools/bin/../lib/gcc/arm-none-eabi/7.3.1/thumb/v6-m\libgcc.a(divdf3.o)
                0x0000000008001844                __aeabi_ddiv
 .text          0x0000000008001e48       0x78 c:/st/stm32cubeide_1.5.1/stm32cubeide/plugins/com.st.stm32cube.ide.mcu.externaltools.gnu-tools-for-stm32.7-2018-q2-update.win32_1.5.0.202011040924/tools/bin/../lib/gcc/arm-none-eabi/7.3.1/thumb/v6-m\libgcc.a(eqdf2.o)
                0x0000000008001e48                __nedf2
                0x0000000008001e48                __eqdf2
 .text          0x0000000008001ec0       0xc8 c:/st/stm32cubeide_1.5.1/stm32cubeide/plugins/com.st.stm32cube.ide.mcu.externaltools.gnu-tools-for-stm32.7-2018-q2-update.win32_1.5.0.202011040924/tools/bin/../lib/gcc/arm-none-eabi/7.3.1/thumb/v6-m\libgcc.a(gedf2.o)
                0x0000000008001ec0                __gedf2
                0x0000000008001ec0                __gtdf2
 .text          0x0000000008001f88       0xd0 c:/st/stm32cubeide_1.5.1/stm32cubeide/plugins/com.st.stm32cube.ide.mcu.externaltools.gnu-tools-for-stm32.7-2018-q2-update.win32_1.5.0.202011040924/tools/bin/../lib/gcc/arm-none-eabi/7.3.1/thumb/v6-m\libgcc.a(ledf2.o)
                0x0000000008001f88                __ledf2
                0x0000000008001f88                __ltdf2
 .text          0x0000000008002058      0x4e4 c:/st/stm32cubeide_1.5.1/stm32cubeide/plugins/com.st.stm32cube.ide.mcu.externaltools.gnu-tools-for-stm32.7-2018-q2-update.win32_1.5.0.202011040924/tools/bin/../lib/gcc/arm-none-eabi/7.3.1/thumb/v6-m\libgcc.a(muldf3.o)
                0x0000000008002058                __aeabi_dmul
 .text          0x000000000800253c      0x690 c:/st/stm32cubeide_1.5.1/stm32cubeide/plugins/com.st.stm32cube.ide.mcu.externaltools.gnu-tools-for-stm32.7-2018-q2-update.win32_1.5.0.202011040924/tools/bin/../lib/gcc/arm-none-eabi/7.3.1/thumb/v6-m\libgcc.a(subdf3.o)
                0x000000000800253c                __aeabi_dsub
 .text          0x0000000008002bcc       0x38 c:/st/stm32cubeide_1.5.1/stm32cubeide/plugins/com.st.stm32cube.ide.mcu.externaltools.gnu-tools-for-stm32.7-2018-q2-update.win32_1.5.0.202011040924/tools/bin/../lib/gcc/arm-none-eabi/7.3.1/thumb/v6-m\libgcc.a(unorddf2.o)
                0x0000000008002bcc                __aeabi_dcmpun
 .text          0x0000000008002c04       0x6c c:/st/stm32cubeide_1.5.1/stm32cubeide/plugins/com.st.stm32cube.ide.mcu.externaltools.gnu-tools-for-stm32.7-2018-q2-update.win32_1.5.0.202011040924/tools/bin/../lib/gcc/arm-none-eabi/7.3.1/thumb/v6-m\libgcc.a(fixdfsi.o)
                0x0000000008002c04                __aeabi_d2iz
 .text          0x0000000008002c70       0x74 c:/st/stm32cubeide_1.5.1/stm32cubeide/plugins/com.st.stm32cube.ide.mcu.externaltools.gnu-tools-for-stm32.7-2018-q2-update.win32_1.5.0.202011040924/tools/bin/../lib/gcc/arm-none-eabi/7.3.1/thumb/v6-m\libgcc.a(floatsidf.o)
                0x0000000008002c70                __aeabi_i2d
 .text          0x0000000008002ce4       0x64 c:/st/stm32cubeide_1.5.1/stm32cubeide/plugins/com.st.stm32cube.ide.mcu.externaltools.gnu-tools-for-stm32.7-2018-q2-update.win32_1.5.0.202011040924/tools/bin/../lib/gcc/arm-none-eabi/7.3.1/thumb/v6-m\libgcc.a(floatunsidf.o)
                0x0000000008002ce4                __aeabi_ui2d
 .text          0x0000000008002d48       0xa4 c:/st/stm32cubeide_1.5.1/stm32cubeide/plugins/com.st.stm32cube.ide.mcu.externaltools.gnu-tools-for-stm32.7-2018-q2-update.win32_1.5.0.202011040924/tools/bin/../lib/gcc/arm-none-eabi/7.3.1/thumb/v6-m\libgcc.a(extendsfdf2.o)
                0x0000000008002d48                __aeabi_f2d
 .text          0x0000000008002dec      0x108 c:/st/stm32cubeide_1.5.1/stm32cubeide/plugins/com.st.stm32cube.ide.mcu.externaltools.gnu-tools-for-stm32.7-2018-q2-update.win32_1.5.0.202011040924/tools/bin/../lib/gcc/arm-none-eabi/7.3.1/thumb/v6-m\libgcc.a(truncdfsf2.o)
                0x0000000008002dec                __aeabi_d2f
 .text          0x0000000008002ef4       0x3c c:/st/stm32cubeide_1.5.1/stm32cubeide/plugins/com.st.stm32cube.ide.mcu.externaltools.gnu-tools-for-stm32.7-2018-q2-update.win32_1.5.0.202011040924/tools/bin/../lib/gcc/arm-none-eabi/7.3.1/thumb/v6-m\libgcc.a(_clzsi2.o)
                0x0000000008002ef4                __clzsi2
 .text          0x0000000008002f30       0x18 c:/st/stm32cubeide_1.5.1/stm32cubeide/plugins/com.st.stm32cube.ide.mcu.externaltools.gnu-tools-for-stm32.7-2018-q2-update.win32_1.5.0.202011040924/tools/bin/../lib/gcc/arm-none-eabi/7.3.1/thumb/v6-m\libgcc.a(_clzdi2.o)
                0x0000000008002f30                __clzdi2
 *(.text*)
 .text.Send_BOS_Message
                0x0000000008002f48       0x64 BOS/BOS.o
                0x0000000008002f48                Send_BOS_Message
 .text.LoadROtopology
                0x0000000008002fac       0xa0 BOS/BOS.o
                0x0000000008002fac                LoadROtopology
 .text.LoadEEportsDir
                0x000000000800304c       0x4c BOS/BOS.o
                0x000000000800304c                LoadEEportsDir
 .text.LoadEEalias
                0x0000000008003098       0x80 BOS/BOS.o
                0x0000000008003098                LoadEEalias
 .text.LoadEEgroup
                0x0000000008003118       0xa4 BOS/BOS.o
                0x0000000008003118                LoadEEgroup
 .text.LoadEEstreams
                0x00000000080031bc      0x120 BOS/BOS.o
                0x00000000080031bc                LoadEEstreams
 .text.LoadEEparams
                0x00000000080032dc      0x17c BOS/BOS.o
                0x00000000080032dc                LoadEEparams
 .text.LoadEEbuttons
                0x0000000008003458      0x104 BOS/BOS.o
                0x0000000008003458                LoadEEbuttons
 .text.LoadROsnippets
                0x000000000800355c      0x110 BOS/BOS.o
                0x000000000800355c                LoadROsnippets
 .text.LoadEEvars
                0x000000000800366c       0x24 BOS/BOS.o
                0x000000000800366c                LoadEEvars
 .text.SaveEEportsDir
                0x0000000008003690       0x50 BOS/BOS.o
                0x0000000008003690                SaveEEportsDir
 .text.SaveEEalias
                0x00000000080036e0       0x88 BOS/BOS.o
                0x00000000080036e0                SaveEEalias
 .text.SaveEEstreams
                0x0000000008003768       0x90 BOS/BOS.o
                0x0000000008003768                SaveEEstreams
 .text.SaveEEparams
                0x00000000080037f8       0x88 BOS/BOS.o
                0x00000000080037f8                SaveEEparams
 .text.ClearEEportsDir
                0x0000000008003880       0x58 BOS/BOS.o
                0x0000000008003880                ClearEEportsDir
 .text.IsLowerCLIbaud
                0x00000000080038d8       0x94 BOS/BOS.o
                0x00000000080038d8                IsLowerCLIbaud
 .text.IsModuleParameter
                0x000000000800396c       0x18 BOS/BOS.o
                0x000000000800396c                IsModuleParameter
 .text.IsMathOperator
                0x0000000008003984       0xb0 BOS/BOS.o
                0x0000000008003984                IsMathOperator
 .text.BOS_Init
                0x0000000008003a34      0x130 BOS/BOS.o
                0x0000000008003a34                BOS_Init
 .text.Module_Init
                0x0000000008003b64       0x18 BOS/BOS.o
                0x0000000008003b64                Module_Init
 .text.ExploreNeighbors
                0x0000000008003b7c       0x58 BOS/BOS.o
                0x0000000008003b7c                ExploreNeighbors
 .text.FindBroadcastRoutes
                0x0000000008003bd4      0x150 BOS/BOS.o
                0x0000000008003bd4                FindBroadcastRoutes
 .text.FindRoute
                0x0000000008003d24      0x1c0 BOS/BOS.o
                0x0000000008003d24                FindRoute
 .text.DisplayTopology
                0x0000000008003ee4      0x1a4 BOS/BOS.o
                0x0000000008003ee4                DisplayTopology
 .text.DisplayPortsDir
                0x0000000008004088       0xf4 BOS/BOS.o
                0x0000000008004088                DisplayPortsDir
 .text.DisplayModuleStatus
                0x000000000800417c      0x2ec BOS/BOS.o
                0x000000000800417c                DisplayModuleStatus
 .text.GetID    0x0000000008004468       0xc0 BOS/BOS.o
                0x0000000008004468                GetID
 .text.NameModule
                0x0000000008004528       0xd4 BOS/BOS.o
                0x0000000008004528                NameModule
 .text.AddModuleToGroup
                0x00000000080045fc      0x11c BOS/BOS.o
                0x00000000080045fc                AddModuleToGroup
 .text.WriteToRemote
                0x0000000008004718      0x230 BOS/BOS.o
                0x0000000008004718                WriteToRemote
 .text.GetDateString
                0x0000000008004948       0x3c BOS/BOS.o
                0x0000000008004948                GetDateString
 .text.Bridge   0x0000000008004984       0x28 BOS/BOS.o
                0x0000000008004984                Bridge
 .text.Unbridge
                0x00000000080049ac       0x70 BOS/BOS.o
                0x00000000080049ac                Unbridge
 .text.AddSnippet.part.0
                0x0000000008004a1c       0xb0 BOS/BOS_CLI.o
 .text.StringToLowerCase
                0x0000000008004acc       0x28 BOS/BOS_CLI.o
                0x0000000008004acc                StringToLowerCase
 .text.ParseSnippetCondition
                0x0000000008004af4      0x3c8 BOS/BOS_CLI.o
                0x0000000008004af4                ParseSnippetCondition
 .text.CLI_CommandParser
                0x0000000008004ebc      0x444 BOS/BOS_CLI.o
                0x0000000008004ebc                CLI_CommandParser
 .text.prvCLITask
                0x0000000008005300      0x19c BOS/BOS_CLI.o
                0x0000000008005300                prvCLITask
 .text.ParseSnippetCommand
                0x000000000800549c       0x78 BOS/BOS_CLI.o
                0x000000000800549c                ParseSnippetCommand
 .text.CheckSnippetCondition
                0x0000000008005514       0xd0 BOS/BOS_CLI.o
                0x0000000008005514                CheckSnippetCondition
 .text.ExecuteSnippet
                0x00000000080055e4       0xb4 BOS/BOS_CLI.o
                0x00000000080055e4                ExecuteSnippet
 .text.exploreCommand
                0x0000000008005698        0x4 BOS/BOS_CLIcommands.o
 .text.flashsizeCommand
                0x000000000800569c       0x18 BOS/BOS_CLIcommands.o
 .text.ReadVrefCommand
                0x00000000080056b4       0x38 BOS/BOS_CLIcommands.o
 .text.ReadTempCommand
                0x00000000080056ec       0x38 BOS/BOS_CLIcommands.o
 .text.ADCReadCommand
                0x0000000008005724       0xb0 BOS/BOS_CLIcommands.o
 .text.testportCommand
                0x00000000080057d4      0x1a8 BOS/BOS_CLIcommands.o
 .text.unbridgeCommand
                0x000000000800597c       0xa8 BOS/BOS_CLIcommands.o
 .text.bridgeCommand
                0x0000000008005a24       0xa8 BOS/BOS_CLIcommands.o
 .text.delSnipCommand
                0x0000000008005acc       0xf8 BOS/BOS_CLIcommands.o
 .text.pauseSnipCommand
                0x0000000008005bc4       0x68 BOS/BOS_CLIcommands.o
 .text.actSnipCommand
                0x0000000008005c2c       0x6c BOS/BOS_CLIcommands.o
 .text.snipCommand
                0x0000000008005c98      0x244 BOS/BOS_CLIcommands.o
 .text.idcodeCommand
                0x0000000008005edc       0xa0 BOS/BOS_CLIcommands.o
 .text.uuidCommand
                0x0000000008005f7c       0x64 BOS/BOS_CLIcommands.o
 .text.dateCommand
                0x0000000008005fe0       0x20 BOS/BOS_CLIcommands.o
 .text.getCommand
                0x0000000008006000      0x230 BOS/BOS_CLIcommands.o
 .text.defaultCommand
                0x0000000008006230       0xb4 BOS/BOS_CLIcommands.o
 .text.setCommand
                0x00000000080062e4      0x814 BOS/BOS_CLIcommands.o
 .text.removebuttonCommand
                0x0000000008006af8       0x48 BOS/BOS_CLIcommands.o
 .text.addbuttonCommand
                0x0000000008006b40       0xcc BOS/BOS_CLIcommands.o
 .text.scastCommand
                0x0000000008006c0c      0x180 BOS/BOS_CLIcommands.o
 .text.infoCommand
                0x0000000008006d8c       0xa4 BOS/BOS_CLIcommands.o
 .text.statusCommand
                0x0000000008006e30        0xc BOS/BOS_CLIcommands.o
 .text.groupCommand
                0x0000000008006e3c      0x1a0 BOS/BOS_CLIcommands.o
 .text.nameCommand
                0x0000000008006fdc       0x88 BOS/BOS_CLIcommands.o
 .text.bootloaderUpdateCommand
                0x0000000008007064      0x180 BOS/BOS_CLIcommands.o
 .text.pingCommand
                0x00000000080071e4       0x5c BOS/BOS_CLIcommands.o
 .text.prvRunTimeStatsCommand
                0x0000000008007240       0x1c BOS/BOS_CLIcommands.o
 .text.prvTaskStatsCommand
                0x000000000800725c       0x1c BOS/BOS_CLIcommands.o
 .text.setBaudrateCommand
                0x0000000008007278       0x78 BOS/BOS_CLIcommands.o
 .text.GetReadPrecentageCommand
                0x00000000080072f0       0x58 BOS/BOS_CLIcommands.o
 .text.timeCommand
                0x0000000008007348       0x74 BOS/BOS_CLIcommands.o
 .text.resetCommand
                0x00000000080073bc       0x1c BOS/BOS_CLIcommands.o
 .text.RegisterUserCLICommands
                0x00000000080073d8        0x4 BOS/BOS_CLIcommands.o
                0x00000000080073d8                RegisterUserCLICommands
 .text.vRegisterCLICommands
                0x00000000080073dc      0x130 BOS/BOS_CLIcommands.o
                0x00000000080073dc                vRegisterCLICommands
 .text.StartDMAstream
                0x000000000800750c       0x58 BOS/BOS_dma.o
                0x000000000800750c                StartDMAstream
 .text.DMA_IRQHandler
                0x0000000008007564       0x54 BOS/BOS_dma.o
                0x0000000008007564                DMA_IRQHandler
 .text.ResetUartORE
                0x00000000080075b8       0x38 BOS/BOS_dma.o
                0x00000000080075b8                ResetUartORE
 .text.MX_FREERTOS_Init
                0x00000000080075f0      0x1a8 BOS/BOS_freertos.o
                0x00000000080075f0                MX_FREERTOS_Init
 .text.ExecuteMonitor
                0x0000000008007798      0x400 BOS/BOS_freertos.o
                0x0000000008007798                ExecuteMonitor
 .text.StartDefaultTask
                0x0000000008007b98       0x84 BOS/BOS_freertos.o
                0x0000000008007b98                StartDefaultTask
 .text.vMainConfigureTimerForRunTimeStats
                0x0000000008007c1c       0x20 BOS/BOS_freertos.o
                0x0000000008007c1c                vMainConfigureTimerForRunTimeStats
 .text.ulMainGetRunTimeCounterValue
                0x0000000008007c3c       0x50 BOS/BOS_freertos.o
                0x0000000008007c3c                ulMainGetRunTimeCounterValue
 .text.StreamTimerCallback
                0x0000000008007c8c       0x18 BOS/BOS_messaging.o
                0x0000000008007c8c                StreamTimerCallback
 .text.SetupDMAStreams
                0x0000000008007ca4      0x198 BOS/BOS_messaging.o
                0x0000000008007ca4                SetupDMAStreams
 .text.NotifyMessagingTask
                0x0000000008007e3c       0x48 BOS/BOS_messaging.o
                0x0000000008007e3c                NotifyMessagingTask
 .text.SendMessageFromPort
                0x0000000008007e84       0x38 BOS/BOS_messaging.o
                0x0000000008007e84                SendMessageFromPort
 .text.SendMessageFromPort.part.0
                0x0000000008007ebc      0x3c0 BOS/BOS_messaging.o
 .text.BroadcastReceivedMessage
                0x000000000800827c       0x3c BOS/BOS_messaging.o
                0x000000000800827c                BroadcastReceivedMessage
 .text.BroadcastMessage
                0x00000000080082b8       0x4c BOS/BOS_messaging.o
                0x00000000080082b8                BroadcastMessage
 .text.ForwardReceivedMessage
                0x0000000008008304       0x40 BOS/BOS_messaging.o
                0x0000000008008304                ForwardReceivedMessage
 .text.SendMessageToModule
                0x0000000008008344       0x48 BOS/BOS_messaging.o
                0x0000000008008344                SendMessageToModule
 .text.StartScastDMAStream
                0x000000000800838c      0x178 BOS/BOS_messaging.o
                0x000000000800838c                StartScastDMAStream
 .text.BackEndTask
                0x0000000008008504      0x164 BOS/BOS_msgparser.o
                0x0000000008008504                BackEndTask
 .text.User_MessagingParser
                0x0000000008008668        0x4 BOS/BOS_msgparser.o
                0x0000000008008668                User_MessagingParser
 .text.PxMessagingTask
                0x000000000800866c     0x1448 BOS/BOS_msgparser.o
                0x000000000800866c                PxMessagingTask
 .text.ledModeCommand
                0x0000000008009ab4       0x94 H0FR6/H0FR6.o
                0x0000000008009ab4                ledModeCommand
 .text.SystemClock_Config
                0x0000000008009b48       0xb0 H0FR6/H0FR6.o
                0x0000000008009b48                SystemClock_Config
 .text.SaveToRO
                0x0000000008009bf8      0x1f0 H0FR6/H0FR6.o
                0x0000000008009bf8                SaveToRO
 .text.ClearROtopology
                0x0000000008009de8       0x2c H0FR6/H0FR6.o
                0x0000000008009de8                ClearROtopology
 .text.SetupPortForRemoteBootloaderUpdate
                0x0000000008009e14       0x2c H0FR6/H0FR6.o
                0x0000000008009e14                SetupPortForRemoteBootloaderUpdate
 .text.remoteBootloaderUpdate
                0x0000000008009e40       0xc4 H0FR6/H0FR6.o
                0x0000000008009e40                remoteBootloaderUpdate
 .text.Module_Peripheral_Init
                0x0000000008009f04       0x44 H0FR6/H0FR6.o
                0x0000000008009f04                Module_Peripheral_Init
 .text.RegisterModuleCLICommands
                0x0000000008009f48       0x30 H0FR6/H0FR6.o
                0x0000000008009f48                RegisterModuleCLICommands
 .text.GetPort  0x0000000008009f78       0x50 H0FR6/H0FR6.o
                0x0000000008009f78                GetPort
 .text.TIM3_Init
                0x0000000008009fc8       0xac H0FR6/H0FR6.o
                0x0000000008009fc8                TIM3_Init
 .text.TIM3_DeInit
                0x000000000800a074       0x2c H0FR6/H0FR6.o
                0x000000000800a074                TIM3_DeInit
 .text.Set_Switch_PWM
                0x000000000800a0a0       0x64 H0FR6/H0FR6.o
                0x000000000800a0a0                Set_Switch_PWM
 .text.Output_PWM.part.2
                0x000000000800a104       0x48 H0FR6/H0FR6.o
 .text.pwmCommand
                0x000000000800a14c       0x74 H0FR6/H0FR6.o
                0x000000000800a14c                pwmCommand
 .text.Output_on
                0x000000000800a1c0       0xa4 H0FR6/H0FR6.o
                0x000000000800a1c0                Output_on
 .text.onCommand
                0x000000000800a264       0x78 H0FR6/H0FR6.o
                0x000000000800a264                onCommand
 .text.Output_off
                0x000000000800a2dc       0x50 H0FR6/H0FR6.o
                0x000000000800a2dc                Output_off
 .text.SwitchTimerCallback
                0x000000000800a32c        0x8 H0FR6/H0FR6.o
                0x000000000800a32c                SwitchTimerCallback
 .text.offCommand
                0x000000000800a334       0x20 H0FR6/H0FR6.o
                0x000000000800a334                offCommand
 .text.Output_toggle
                0x000000000800a354       0x68 H0FR6/H0FR6.o
                0x000000000800a354                Output_toggle
 .text.toggleCommand
                0x000000000800a3bc       0x3c H0FR6/H0FR6.o
                0x000000000800a3bc                toggleCommand
 .text.Module_MessagingTask
                0x000000000800a3f8       0xac H0FR6/H0FR6.o
                0x000000000800a3f8                Module_MessagingTask
 .text.DMA_Init
                0x000000000800a4a4      0x188 H0FR6/H0FR6_dma.o
                0x000000000800a4a4                DMA_Init
 .text.StopStreamDMA
                0x000000000800a62c       0x30 H0FR6/H0FR6_dma.o
                0x000000000800a62c                StopStreamDMA
 .text.SwitchMsgDMAToStream
                0x000000000800a65c       0x40 H0FR6/H0FR6_dma.o
                0x000000000800a65c                SwitchMsgDMAToStream
 .text.SetupDMAInterrupts
                0x000000000800a69c       0xb8 H0FR6/H0FR6_dma.o
                0x000000000800a69c                SetupDMAInterrupts
 .text.UnSetupDMAInterrupts
                0x000000000800a754       0xa0 H0FR6/H0FR6_dma.o
                0x000000000800a754                UnSetupDMAInterrupts
 .text.DMA_MSG_TX_UnSetup
                0x000000000800a7f4       0x14 H0FR6/H0FR6_dma.o
                0x000000000800a7f4                DMA_MSG_TX_UnSetup
 .text.RemapAndLinkDMAtoUARTRx
                0x000000000800a808      0x5d0 H0FR6/H0FR6_dma.o
                0x000000000800a808                RemapAndLinkDMAtoUARTRx
 .text.DMA_MSG_RX_Setup
                0x000000000800add8       0x2c H0FR6/H0FR6_dma.o
                0x000000000800add8                DMA_MSG_RX_Setup
 .text.SetupMessagingRxDMAs
                0x000000000800ae04       0x80 H0FR6/H0FR6_dma.o
                0x000000000800ae04                SetupMessagingRxDMAs
 .text.SwitchStreamDMAToMsg
                0x000000000800ae84       0x98 H0FR6/H0FR6_dma.o
                0x000000000800ae84                SwitchStreamDMAToMsg
 .text.DMA_STREAM_Setup
                0x000000000800af1c       0x40 H0FR6/H0FR6_dma.o
                0x000000000800af1c                DMA_STREAM_Setup
 .text.CRC_Init
                0x000000000800af5c       0x28 H0FR6/H0FR6_dma.o
                0x000000000800af5c                CRC_Init
 .text.HAL_CRC_MspInit
                0x000000000800af84       0x1c H0FR6/H0FR6_dma.o
                0x000000000800af84                HAL_CRC_MspInit
 .text.CalculateCRC8
                0x000000000800afa0       0x94 H0FR6/H0FR6_dma.o
                0x000000000800afa0                CalculateCRC8
 .text.EE_VerifyPageFullWriteVariable
                0x000000000800b034       0xbc H0FR6/H0FR6_eeprom.o
 .text.EE_ReadVariable
                0x000000000800b0f0       0x60 H0FR6/H0FR6_eeprom.o
                0x000000000800b0f0                EE_ReadVariable
 .text.EE_WriteVariable
                0x000000000800b150      0x12c H0FR6/H0FR6_eeprom.o
                0x000000000800b150                EE_WriteVariable
 .text.EE_Format
                0x000000000800b27c       0xa0 H0FR6/H0FR6_eeprom.o
                0x000000000800b27c                EE_Format
 .text.EE_Init  0x000000000800b31c      0x2b0 H0FR6/H0FR6_eeprom.o
                0x000000000800b31c                EE_Init
 .text.EraseSector
                0x000000000800b5cc       0x30 H0FR6/H0FR6_eeprom.o
                0x000000000800b5cc                EraseSector
 .text.GPIO_Init
                0x000000000800b5fc       0x88 H0FR6/H0FR6_gpio.o
                0x000000000800b5fc                GPIO_Init
 .text.Switch_Init
                0x000000000800b684       0x24 H0FR6/H0FR6_gpio.o
                0x000000000800b684                Switch_Init
 .text.GetPortGPIOs
                0x000000000800b6a8       0xbc H0FR6/H0FR6_gpio.o
                0x000000000800b6a8                GetPortGPIOs
 .text.IsFactoryReset
                0x000000000800b764       0xec H0FR6/H0FR6_gpio.o
                0x000000000800b764                IsFactoryReset
 .text.buttonPressedCallback
                0x000000000800b850        0x4 H0FR6/H0FR6_inputs.o
                0x000000000800b850                buttonPressedCallback
 .text.AddPortButton
                0x000000000800b854       0xf4 H0FR6/H0FR6_inputs.o
                0x000000000800b854                AddPortButton
 .text.RemovePortButton
                0x000000000800b948      0x118 H0FR6/H0FR6_inputs.o
                0x000000000800b948                RemovePortButton
 .text.SetButtonEvents
                0x000000000800ba60      0x23c H0FR6/H0FR6_inputs.o
                0x000000000800ba60                SetButtonEvents
 .text.MX_ADC_Init
                0x000000000800bc9c       0x54 H0FR6/H0FR6_inputs.o
                0x000000000800bc9c                MX_ADC_Init
 .text.HAL_ADC_MspInit
                0x000000000800bcf0       0x60 H0FR6/H0FR6_inputs.o
                0x000000000800bcf0                HAL_ADC_MspInit
 .text.ReadTempAndVref
                0x000000000800bd50      0x18c H0FR6/H0FR6_inputs.o
                0x000000000800bd50                ReadTempAndVref
 .text.GetReadPrecentage
                0x000000000800bedc      0x1a8 H0FR6/H0FR6_inputs.o
                0x000000000800bedc                GetReadPrecentage
 .text.Get_Rank
                0x000000000800c084       0x58 H0FR6/H0FR6_inputs.o
                0x000000000800c084                Get_Rank
 .text.ADCSelectChannel
                0x000000000800c0dc       0xa0 H0FR6/H0FR6_inputs.o
                0x000000000800c0dc                ADCSelectChannel
 .text.ReadADCChannel
                0x000000000800c17c      0x114 H0FR6/H0FR6_inputs.o
                0x000000000800c17c                ReadADCChannel
 .text.buttonReleasedCallback
                0x000000000800c290        0x4 H0FR6/H0FR6_inputs.o
                0x000000000800c290                buttonReleasedCallback
 .text.buttonClickedCallback
                0x000000000800c294        0x4 H0FR6/H0FR6_inputs.o
                0x000000000800c294                buttonClickedCallback
 .text.buttonDblClickedCallback
                0x000000000800c298        0x4 H0FR6/H0FR6_inputs.o
                0x000000000800c298                buttonDblClickedCallback
 .text.buttonPressedForXCallback
                0x000000000800c29c        0x4 H0FR6/H0FR6_inputs.o
                0x000000000800c29c                buttonPressedForXCallback
 .text.buttonReleasedForYCallback
                0x000000000800c2a0        0x4 H0FR6/H0FR6_inputs.o
                0x000000000800c2a0                buttonReleasedForYCallback
 .text.CheckAttachedButtons
                0x000000000800c2a4      0x524 H0FR6/H0FR6_inputs.o
                0x000000000800c2a4                CheckAttachedButtons
 .text.NVIC_SystemReset
                0x000000000800c7c8       0x1c H0FR6/H0FR6_it.o
 .text.SysTick_Handler
                0x000000000800c7e4        0xc H0FR6/H0FR6_it.o
                0x000000000800c7e4                SysTick_Handler
 .text.HardFault_Handler
                0x000000000800c7f0       0x38 H0FR6/H0FR6_it.o
                0x000000000800c7f0                HardFault_Handler
 .text.USART1_IRQHandler
                0x000000000800c828       0x10 H0FR6/H0FR6_it.o
                0x000000000800c828                USART1_IRQHandler
 .text.USART2_IRQHandler
                0x000000000800c838       0x10 H0FR6/H0FR6_it.o
                0x000000000800c838                USART2_IRQHandler
 .text.USART3_8_IRQHandler
                0x000000000800c848       0x24 H0FR6/H0FR6_it.o
                0x000000000800c848                USART3_8_IRQHandler
 .text.DMA1_Ch2_3_DMA2_Ch1_2_IRQHandler
                0x000000000800c86c       0x40 H0FR6/H0FR6_it.o
                0x000000000800c86c                DMA1_Ch2_3_DMA2_Ch1_2_IRQHandler
 .text.DMA1_Ch4_7_DMA2_Ch3_5_IRQHandler
                0x000000000800c8ac       0x5c H0FR6/H0FR6_it.o
                0x000000000800c8ac                DMA1_Ch4_7_DMA2_Ch3_5_IRQHandler
 .text.ADC1_COMP_IRQHandler
                0x000000000800c908       0x10 H0FR6/H0FR6_it.o
                0x000000000800c908                ADC1_COMP_IRQHandler
 .text.HAL_UART_TxCpltCallback
                0x000000000800c918       0x30 H0FR6/H0FR6_it.o
                0x000000000800c918                HAL_UART_TxCpltCallback
 .text.HAL_UART_ErrorCallback
                0x000000000800c948       0x48 H0FR6/H0FR6_it.o
                0x000000000800c948                HAL_UART_ErrorCallback
 .text.HAL_UART_RxCpltCallback
                0x000000000800c990      0x1d0 H0FR6/H0FR6_it.o
                0x000000000800c990                HAL_UART_RxCpltCallback
 .text.vApplicationStackOverflowHook
                0x000000000800cb60       0x38 H0FR6/H0FR6_it.o
                0x000000000800cb60                vApplicationStackOverflowHook
 .text.vApplicationMallocFailedHook
                0x000000000800cb98       0x38 H0FR6/H0FR6_it.o
                0x000000000800cb98                vApplicationMallocFailedHook
 .text.RTC_CalendarConfig
                0x000000000800cbd0       0xfc H0FR6/H0FR6_rtc.o
                0x000000000800cbd0                RTC_CalendarConfig
 .text.RTC_Init
                0x000000000800cccc       0x98 H0FR6/H0FR6_rtc.o
                0x000000000800cccc                RTC_Init
 .text.BOS_CalendarConfig
                0x000000000800cd64       0xb4 H0FR6/H0FR6_rtc.o
                0x000000000800cd64                BOS_CalendarConfig
 .text.GetTimeDate
                0x000000000800ce18       0x64 H0FR6/H0FR6_rtc.o
                0x000000000800ce18                GetTimeDate
 .text.TIM_USEC_Init
                0x000000000800ce7c       0x64 H0FR6/H0FR6_timers.o
                0x000000000800ce7c                TIM_USEC_Init
 .text.TIM_MSEC_Init
                0x000000000800cee0       0x60 H0FR6/H0FR6_timers.o
                0x000000000800cee0                TIM_MSEC_Init
 .text.StartMicroDelay
                0x000000000800cf40       0x24 H0FR6/H0FR6_timers.o
                0x000000000800cf40                StartMicroDelay
 .text.StartMilliDelay
                0x000000000800cf64       0x24 H0FR6/H0FR6_timers.o
                0x000000000800cf64                StartMilliDelay
 .text.SwapUartPins.part.0
                0x000000000800cf88       0x38 H0FR6/H0FR6_uart.o
 .text.MX_USART1_UART_Init
                0x000000000800cfc0       0x30 H0FR6/H0FR6_uart.o
                0x000000000800cfc0                MX_USART1_UART_Init
 .text.MX_USART2_UART_Init
                0x000000000800cff0       0x30 H0FR6/H0FR6_uart.o
                0x000000000800cff0                MX_USART2_UART_Init
 .text.MX_USART3_UART_Init
                0x000000000800d020       0x30 H0FR6/H0FR6_uart.o
                0x000000000800d020                MX_USART3_UART_Init
 .text.MX_USART5_UART_Init
                0x000000000800d050       0x30 H0FR6/H0FR6_uart.o
                0x000000000800d050                MX_USART5_UART_Init
 .text.MX_USART6_UART_Init
                0x000000000800d080       0x30 H0FR6/H0FR6_uart.o
                0x000000000800d080                MX_USART6_UART_Init
 .text.HAL_UART_MspInit
                0x000000000800d0b0      0x1e4 H0FR6/H0FR6_uart.o
                0x000000000800d0b0                HAL_UART_MspInit
 .text.writePxMutex
                0x000000000800d294       0x64 H0FR6/H0FR6_uart.o
                0x000000000800d294                writePxMutex
 .text.writePxITMutex
                0x000000000800d2f8       0x40 H0FR6/H0FR6_uart.o
                0x000000000800d2f8                writePxITMutex
 .text.UpdateBaudrate
                0x000000000800d338       0x24 H0FR6/H0FR6_uart.o
                0x000000000800d338                UpdateBaudrate
 .text.GetUart  0x000000000800d35c       0x18 H0FR6/H0FR6_uart.o
                0x000000000800d35c                GetUart
 .text.SwapUartPins
                0x000000000800d374       0x4c H0FR6/H0FR6_uart.o
                0x000000000800d374                SwapUartPins
 .text.ReadPortsDir
                0x000000000800d3c0       0x5c H0FR6/H0FR6_uart.o
                0x000000000800d3c0                ReadPortsDir
 .text.ReadPortsDirMSG
                0x000000000800d41c       0x50 H0FR6/H0FR6_uart.o
                0x000000000800d41c                ReadPortsDirMSG
 .text.UpdateMyPortsDir
                0x000000000800d46c       0x60 H0FR6/H0FR6_uart.o
                0x000000000800d46c                UpdateMyPortsDir
 .text.Reset_Handler
                0x000000000800d4cc       0x8c H0FR6/startup_stm32f091xc.o
                0x000000000800d4cc                Reset_Handler
 .text.Default_Handler
                0x000000000800d558        0x2 H0FR6/startup_stm32f091xc.o
                0x000000000800d558                TIM1_CC_IRQHandler
                0x000000000800d558                TSC_IRQHandler
                0x000000000800d558                NMI_Handler
                0x000000000800d558                I2C1_IRQHandler
                0x000000000800d558                RCC_CRS_IRQHandler
                0x000000000800d558                SPI1_IRQHandler
                0x000000000800d558                TIM6_DAC_IRQHandler
                0x000000000800d558                DMA1_Ch1_IRQHandler
                0x000000000800d558                EXTI2_3_IRQHandler
                0x000000000800d558                I2C2_IRQHandler
                0x000000000800d558                TIM17_IRQHandler
                0x000000000800d558                CEC_CAN_IRQHandler
                0x000000000800d558                RTC_IRQHandler
                0x000000000800d558                PVD_VDDIO2_IRQHandler
                0x000000000800d558                TIM16_IRQHandler
                0x000000000800d558                TIM3_IRQHandler
                0x000000000800d558                EXTI4_15_IRQHandler
                0x000000000800d558                Default_Handler
                0x000000000800d558                TIM14_IRQHandler
                0x000000000800d558                TIM7_IRQHandler
                0x000000000800d558                TIM15_IRQHandler
                0x000000000800d558                EXTI0_1_IRQHandler
                0x000000000800d558                SPI2_IRQHandler
                0x000000000800d558                WWDG_IRQHandler
                0x000000000800d558                TIM2_IRQHandler
                0x000000000800d558                FLASH_IRQHandler
                0x000000000800d558                TIM1_BRK_UP_TRG_COM_IRQHandler
 *fill*         0x000000000800d55a        0x2 
 .text.SystemInit
                0x000000000800d55c       0x60 Thirdparty/CMSIS/STM32F0xx/Device/ST/STM32F0xx/Source/Templates/system_stm32f0xx.o
                0x000000000800d55c                SystemInit
 .text.osKernelStart
                0x000000000800d5bc        0xc Thirdparty/Middleware/STM32F0xx/FreeRTOS/Source/CMSIS_RTOS/cmsis_os.o
                0x000000000800d5bc                osKernelStart
 .text.osDelay  0x000000000800d5c8       0x10 Thirdparty/Middleware/STM32F0xx/FreeRTOS/Source/CMSIS_RTOS/cmsis_os.o
                0x000000000800d5c8                osDelay
 .text.osMutexRelease
                0x000000000800d5d8       0x48 Thirdparty/Middleware/STM32F0xx/FreeRTOS/Source/CMSIS_RTOS/cmsis_os.o
                0x000000000800d5d8                osMutexRelease
 .text.osSemaphoreCreate
                0x000000000800d620       0x2c Thirdparty/Middleware/STM32F0xx/FreeRTOS/Source/CMSIS_RTOS/cmsis_os.o
                0x000000000800d620                osSemaphoreCreate
 .text.osSemaphoreWait
                0x000000000800d64c       0x54 Thirdparty/Middleware/STM32F0xx/FreeRTOS/Source/CMSIS_RTOS/cmsis_os.o
                0x000000000800d64c                osSemaphoreWait
 .text.osSemaphoreRelease
                0x000000000800d6a0        0x8 Thirdparty/Middleware/STM32F0xx/FreeRTOS/Source/CMSIS_RTOS/cmsis_os.o
                0x000000000800d6a0                osSemaphoreRelease
 .text.osSystickHandler
                0x000000000800d6a8       0x10 Thirdparty/Middleware/STM32F0xx/FreeRTOS/Source/CMSIS_RTOS/cmsis_os.o
                0x000000000800d6a8                osSystickHandler
 .text.FreeRTOS_CLIRegisterCommand
                0x000000000800d6b8       0x30 Thirdparty/Middleware/STM32F0xx/FreeRTOS/Source/FreeRTOS_CLI.o
                0x000000000800d6b8                FreeRTOS_CLIRegisterCommand
 .text.FreeRTOS_CLIProcessCommand
                0x000000000800d6e8       0xf0 Thirdparty/Middleware/STM32F0xx/FreeRTOS/Source/FreeRTOS_CLI.o
                0x000000000800d6e8                FreeRTOS_CLIProcessCommand
 .text.FreeRTOS_CLIGetOutputBuffer
                0x000000000800d7d8        0x8 Thirdparty/Middleware/STM32F0xx/FreeRTOS/Source/FreeRTOS_CLI.o
                0x000000000800d7d8                FreeRTOS_CLIGetOutputBuffer
 .text.FreeRTOS_CLIGetParameter
                0x000000000800d7e0       0x54 Thirdparty/Middleware/STM32F0xx/FreeRTOS/Source/FreeRTOS_CLI.o
                0x000000000800d7e0                FreeRTOS_CLIGetParameter
 .text.prvHelpCommand
                0x000000000800d834      0x100 Thirdparty/Middleware/STM32F0xx/FreeRTOS/Source/FreeRTOS_CLI.o
 .text.vListInitialise
                0x000000000800d934       0x18 Thirdparty/Middleware/STM32F0xx/FreeRTOS/Source/list.o
                0x000000000800d934                vListInitialise
 .text.vListInitialiseItem
                0x000000000800d94c        0x8 Thirdparty/Middleware/STM32F0xx/FreeRTOS/Source/list.o
                0x000000000800d94c                vListInitialiseItem
 .text.vListInsertEnd
                0x000000000800d954       0x18 Thirdparty/Middleware/STM32F0xx/FreeRTOS/Source/list.o
                0x000000000800d954                vListInsertEnd
 .text.vListInsert
                0x000000000800d96c       0x30 Thirdparty/Middleware/STM32F0xx/FreeRTOS/Source/list.o
                0x000000000800d96c                vListInsert
 .text.uxListRemove
                0x000000000800d99c       0x20 Thirdparty/Middleware/STM32F0xx/FreeRTOS/Source/list.o
                0x000000000800d99c                uxListRemove
 .text.prvCopyDataToQueue
                0x000000000800d9bc       0x78 Thirdparty/Middleware/STM32F0xx/FreeRTOS/Source/queue.o
 .text.prvCopyDataFromQueue
                0x000000000800da34       0x24 Thirdparty/Middleware/STM32F0xx/FreeRTOS/Source/queue.o
 .text.prvUnlockQueue
                0x000000000800da58       0xa0 Thirdparty/Middleware/STM32F0xx/FreeRTOS/Source/queue.o
 .text.xQueueGenericReset
                0x000000000800daf8       0x60 Thirdparty/Middleware/STM32F0xx/FreeRTOS/Source/queue.o
                0x000000000800daf8                xQueueGenericReset
 .text.xQueueGenericCreate
                0x000000000800db58       0x44 Thirdparty/Middleware/STM32F0xx/FreeRTOS/Source/queue.o
                0x000000000800db58                xQueueGenericCreate
 .text.xQueueCreateCountingSemaphore
                0x000000000800db9c       0x14 Thirdparty/Middleware/STM32F0xx/FreeRTOS/Source/queue.o
                0x000000000800db9c                xQueueCreateCountingSemaphore
 .text.xQueueGenericSend
                0x000000000800dbb0       0xf8 Thirdparty/Middleware/STM32F0xx/FreeRTOS/Source/queue.o
                0x000000000800dbb0                xQueueGenericSend
 .text.xQueueGenericSendFromISR
                0x000000000800dca8       0x70 Thirdparty/Middleware/STM32F0xx/FreeRTOS/Source/queue.o
                0x000000000800dca8                xQueueGenericSendFromISR
 .text.xQueueGiveFromISR
                0x000000000800dd18       0x54 Thirdparty/Middleware/STM32F0xx/FreeRTOS/Source/queue.o
                0x000000000800dd18                xQueueGiveFromISR
 .text.xQueueGenericReceive
                0x000000000800dd6c      0x138 Thirdparty/Middleware/STM32F0xx/FreeRTOS/Source/queue.o
                0x000000000800dd6c                xQueueGenericReceive
 .text.xQueueReceiveFromISR
                0x000000000800dea4       0x68 Thirdparty/Middleware/STM32F0xx/FreeRTOS/Source/queue.o
                0x000000000800dea4                xQueueReceiveFromISR
 .text.vQueueAddToRegistry
                0x000000000800df0c       0x24 Thirdparty/Middleware/STM32F0xx/FreeRTOS/Source/queue.o
                0x000000000800df0c                vQueueAddToRegistry
 .text.vQueueWaitForMessageRestricted
                0x000000000800df30       0x3c Thirdparty/Middleware/STM32F0xx/FreeRTOS/Source/queue.o
                0x000000000800df30                vQueueWaitForMessageRestricted
 .text.prvWriteNameToBuffer
                0x000000000800df6c       0x30 Thirdparty/Middleware/STM32F0xx/FreeRTOS/Source/tasks.o
 .text.prvListTaskWithinSingleList.part.1
                0x000000000800df9c       0xa8 Thirdparty/Middleware/STM32F0xx/FreeRTOS/Source/tasks.o
 .text.prvResetNextTaskUnblockTime.part.2
                0x000000000800e044       0x18 Thirdparty/Middleware/STM32F0xx/FreeRTOS/Source/tasks.o
 .text.prvAddCurrentTaskToDelayedList
                0x000000000800e05c       0x3c Thirdparty/Middleware/STM32F0xx/FreeRTOS/Source/tasks.o
 .text.vTaskSwitchContext.part.5
                0x000000000800e098       0xac Thirdparty/Middleware/STM32F0xx/FreeRTOS/Source/tasks.o
 .text.xTaskGenericCreate
                0x000000000800e144      0x1a4 Thirdparty/Middleware/STM32F0xx/FreeRTOS/Source/tasks.o
                0x000000000800e144                xTaskGenericCreate
 .text.uxTaskPriorityGet
                0x000000000800e2e8       0x20 Thirdparty/Middleware/STM32F0xx/FreeRTOS/Source/tasks.o
                0x000000000800e2e8                uxTaskPriorityGet
 .text.vTaskPrioritySet
                0x000000000800e308       0xac Thirdparty/Middleware/STM32F0xx/FreeRTOS/Source/tasks.o
                0x000000000800e308                vTaskPrioritySet
 .text.vTaskStartScheduler
                0x000000000800e3b4       0x50 Thirdparty/Middleware/STM32F0xx/FreeRTOS/Source/tasks.o
                0x000000000800e3b4                vTaskStartScheduler
 .text.vTaskSuspendAll
                0x000000000800e404       0x10 Thirdparty/Middleware/STM32F0xx/FreeRTOS/Source/tasks.o
                0x000000000800e404                vTaskSuspendAll
 .text.xTaskGetTickCount
                0x000000000800e414        0xc Thirdparty/Middleware/STM32F0xx/FreeRTOS/Source/tasks.o
                0x000000000800e414                xTaskGetTickCount
 .text.xTaskGetTickCountFromISR
                0x000000000800e420        0xc Thirdparty/Middleware/STM32F0xx/FreeRTOS/Source/tasks.o
                0x000000000800e420                xTaskGetTickCountFromISR
 .text.xTaskIncrementTick
                0x000000000800e42c      0x114 Thirdparty/Middleware/STM32F0xx/FreeRTOS/Source/tasks.o
                0x000000000800e42c                xTaskIncrementTick
 .text.xTaskResumeAll
                0x000000000800e540       0xbc Thirdparty/Middleware/STM32F0xx/FreeRTOS/Source/tasks.o
                0x000000000800e540                xTaskResumeAll
 .text.vTaskDelay
                0x000000000800e5fc       0x38 Thirdparty/Middleware/STM32F0xx/FreeRTOS/Source/tasks.o
                0x000000000800e5fc                vTaskDelay
 .text.prvIdleTask
                0x000000000800e634       0x64 Thirdparty/Middleware/STM32F0xx/FreeRTOS/Source/tasks.o
 .text.uxTaskGetSystemState
                0x000000000800e698       0xe4 Thirdparty/Middleware/STM32F0xx/FreeRTOS/Source/tasks.o
                0x000000000800e698                uxTaskGetSystemState
 .text.vTaskSwitchContext
                0x000000000800e77c       0x20 Thirdparty/Middleware/STM32F0xx/FreeRTOS/Source/tasks.o
                0x000000000800e77c                vTaskSwitchContext
 .text.vTaskPlaceOnEventList
                0x000000000800e79c       0x38 Thirdparty/Middleware/STM32F0xx/FreeRTOS/Source/tasks.o
                0x000000000800e79c                vTaskPlaceOnEventList
 .text.vTaskPlaceOnEventListRestricted
                0x000000000800e7d4       0x24 Thirdparty/Middleware/STM32F0xx/FreeRTOS/Source/tasks.o
                0x000000000800e7d4                vTaskPlaceOnEventListRestricted
 .text.xTaskRemoveFromEventList
                0x000000000800e7f8       0x6c Thirdparty/Middleware/STM32F0xx/FreeRTOS/Source/tasks.o
                0x000000000800e7f8                xTaskRemoveFromEventList
 .text.vTaskSetTimeOutState
                0x000000000800e864       0x18 Thirdparty/Middleware/STM32F0xx/FreeRTOS/Source/tasks.o
                0x000000000800e864                vTaskSetTimeOutState
 .text.xTaskCheckForTimeOut
                0x000000000800e87c       0x58 Thirdparty/Middleware/STM32F0xx/FreeRTOS/Source/tasks.o
                0x000000000800e87c                xTaskCheckForTimeOut
 .text.vTaskMissedYield
                0x000000000800e8d4        0xc Thirdparty/Middleware/STM32F0xx/FreeRTOS/Source/tasks.o
                0x000000000800e8d4                vTaskMissedYield
 .text.xTaskGetSchedulerState
                0x000000000800e8e0       0x18 Thirdparty/Middleware/STM32F0xx/FreeRTOS/Source/tasks.o
                0x000000000800e8e0                xTaskGetSchedulerState
 .text.vTaskPriorityInherit
                0x000000000800e8f8       0x68 Thirdparty/Middleware/STM32F0xx/FreeRTOS/Source/tasks.o
                0x000000000800e8f8                vTaskPriorityInherit
 .text.xTaskPriorityDisinherit
                0x000000000800e960       0x54 Thirdparty/Middleware/STM32F0xx/FreeRTOS/Source/tasks.o
                0x000000000800e960                xTaskPriorityDisinherit
 .text.vTaskList
                0x000000000800e9b4       0xb4 Thirdparty/Middleware/STM32F0xx/FreeRTOS/Source/tasks.o
                0x000000000800e9b4                vTaskList
 .text.vTaskGetRunTimeStats
                0x000000000800ea68       0xb8 Thirdparty/Middleware/STM32F0xx/FreeRTOS/Source/tasks.o
                0x000000000800ea68                vTaskGetRunTimeStats
 .text.pvTaskIncrementMutexHeldCount
                0x000000000800eb20       0x18 Thirdparty/Middleware/STM32F0xx/FreeRTOS/Source/tasks.o
                0x000000000800eb20                pvTaskIncrementMutexHeldCount
 .text.ulTaskNotifyTake
                0x000000000800eb38       0x80 Thirdparty/Middleware/STM32F0xx/FreeRTOS/Source/tasks.o
                0x000000000800eb38                ulTaskNotifyTake
 .text.xTaskGenericNotify
                0x000000000800ebb8       0x98 Thirdparty/Middleware/STM32F0xx/FreeRTOS/Source/tasks.o
                0x000000000800ebb8                xTaskGenericNotify
 .text.prvCheckForValidListAndQueue
                0x000000000800ec50       0x4c Thirdparty/Middleware/STM32F0xx/FreeRTOS/Source/timers.o
 .text.prvInsertTimerInActiveList
                0x000000000800ec9c       0x44 Thirdparty/Middleware/STM32F0xx/FreeRTOS/Source/timers.o
 .text.xTimerCreateTimerTask
                0x000000000800ece0       0x38 Thirdparty/Middleware/STM32F0xx/FreeRTOS/Source/timers.o
                0x000000000800ece0                xTimerCreateTimerTask
 .text.xTimerCreate
                0x000000000800ed18       0x40 Thirdparty/Middleware/STM32F0xx/FreeRTOS/Source/timers.o
                0x000000000800ed18                xTimerCreate
 .text.xTimerGenericCommand
                0x000000000800ed58       0x54 Thirdparty/Middleware/STM32F0xx/FreeRTOS/Source/timers.o
                0x000000000800ed58                xTimerGenericCommand
 .text.prvSwitchTimerLists
                0x000000000800edac       0x6c Thirdparty/Middleware/STM32F0xx/FreeRTOS/Source/timers.o
 .text.prvTimerTask
                0x000000000800ee18      0x1a0 Thirdparty/Middleware/STM32F0xx/FreeRTOS/Source/timers.o
 .text.xTimerIsTimerActive
                0x000000000800efb8       0x18 Thirdparty/Middleware/STM32F0xx/FreeRTOS/Source/timers.o
                0x000000000800efb8                xTimerIsTimerActive
 .text.pvTimerGetTimerID
                0x000000000800efd0       0x14 Thirdparty/Middleware/STM32F0xx/FreeRTOS/Source/timers.o
                0x000000000800efd0                pvTimerGetTimerID
 .text.prvTaskExitError
                0x000000000800efe4        0x4 Thirdparty/Middleware/STM32F0xx/FreeRTOS/Source/portable/GCC/ARM_CM0/port.o
 .text.vPortStartFirstTask
                0x000000000800efe8       0x20 Thirdparty/Middleware/STM32F0xx/FreeRTOS/Source/portable/GCC/ARM_CM0/port.o
 .text.pxPortInitialiseStack
                0x000000000800f008       0x20 Thirdparty/Middleware/STM32F0xx/FreeRTOS/Source/portable/GCC/ARM_CM0/port.o
                0x000000000800f008                pxPortInitialiseStack
 .text.SVC_Handler
                0x000000000800f028        0x4 Thirdparty/Middleware/STM32F0xx/FreeRTOS/Source/portable/GCC/ARM_CM0/port.o
                0x000000000800f028                SVC_Handler
 .text.xPortStartScheduler
                0x000000000800f02c       0x54 Thirdparty/Middleware/STM32F0xx/FreeRTOS/Source/portable/GCC/ARM_CM0/port.o
                0x000000000800f02c                xPortStartScheduler
 .text.vPortYield
                0x000000000800f080       0x18 Thirdparty/Middleware/STM32F0xx/FreeRTOS/Source/portable/GCC/ARM_CM0/port.o
                0x000000000800f080                vPortYield
 .text.vPortEnterCritical
                0x000000000800f098       0x18 Thirdparty/Middleware/STM32F0xx/FreeRTOS/Source/portable/GCC/ARM_CM0/port.o
                0x000000000800f098                vPortEnterCritical
 .text.vPortExitCritical
                0x000000000800f0b0       0x14 Thirdparty/Middleware/STM32F0xx/FreeRTOS/Source/portable/GCC/ARM_CM0/port.o
                0x000000000800f0b0                vPortExitCritical
 .text.ulSetInterruptMaskFromISR
                0x000000000800f0c4        0xc Thirdparty/Middleware/STM32F0xx/FreeRTOS/Source/portable/GCC/ARM_CM0/port.o
                0x000000000800f0c4                ulSetInterruptMaskFromISR
 .text.vClearInterruptMaskFromISR
                0x000000000800f0d0        0x8 Thirdparty/Middleware/STM32F0xx/FreeRTOS/Source/portable/GCC/ARM_CM0/port.o
                0x000000000800f0d0                vClearInterruptMaskFromISR
 .text.PendSV_Handler
                0x000000000800f0d8       0x44 Thirdparty/Middleware/STM32F0xx/FreeRTOS/Source/portable/GCC/ARM_CM0/port.o
                0x000000000800f0d8                PendSV_Handler
 .text.xPortSysTickHandler
                0x000000000800f11c       0x24 Thirdparty/Middleware/STM32F0xx/FreeRTOS/Source/portable/GCC/ARM_CM0/port.o
                0x000000000800f11c                xPortSysTickHandler
 .text.prvInsertBlockIntoFreeList
                0x000000000800f140       0x4c Thirdparty/Middleware/STM32F0xx/FreeRTOS/Source/portable/MemMang/heap_4.o
 .text.pvPortMalloc
                0x000000000800f18c       0xec Thirdparty/Middleware/STM32F0xx/FreeRTOS/Source/portable/MemMang/heap_4.o
                0x000000000800f18c                pvPortMalloc
 .text.vPortFree
                0x000000000800f278       0x40 Thirdparty/Middleware/STM32F0xx/FreeRTOS/Source/portable/MemMang/heap_4.o
                0x000000000800f278                vPortFree
 .text.HAL_InitTick
                0x000000000800f2b8       0x24 Thirdparty/STM32F0xx_HAL_Driver/Src/stm32f0xx_hal.o
                0x000000000800f2b8                HAL_InitTick
 .text.HAL_Init
                0x000000000800f2dc       0x20 Thirdparty/STM32F0xx_HAL_Driver/Src/stm32f0xx_hal.o
                0x000000000800f2dc                HAL_Init
 .text.HAL_IncTick
                0x000000000800f2fc       0x10 Thirdparty/STM32F0xx_HAL_Driver/Src/stm32f0xx_hal.o
                0x000000000800f2fc                HAL_IncTick
 .text.HAL_GetTick
                0x000000000800f30c        0xc Thirdparty/STM32F0xx_HAL_Driver/Src/stm32f0xx_hal.o
                0x000000000800f30c                HAL_GetTick
 .text.HAL_Delay
                0x000000000800f318       0x1c Thirdparty/STM32F0xx_HAL_Driver/Src/stm32f0xx_hal.o
                0x000000000800f318                HAL_Delay
 .text.HAL_GetREVID
                0x000000000800f334        0xc Thirdparty/STM32F0xx_HAL_Driver/Src/stm32f0xx_hal.o
                0x000000000800f334                HAL_GetREVID
 .text.HAL_GetDEVID
                0x000000000800f340       0x10 Thirdparty/STM32F0xx_HAL_Driver/Src/stm32f0xx_hal.o
                0x000000000800f340                HAL_GetDEVID
 .text.ADC_Disable
                0x000000000800f350       0x7c Thirdparty/STM32F0xx_HAL_Driver/Src/stm32f0xx_hal_adc.o
 .text.ADC_Enable
                0x000000000800f3cc       0xa8 Thirdparty/STM32F0xx_HAL_Driver/Src/stm32f0xx_hal_adc.o
 .text.ADC_ConversionStop
                0x000000000800f474       0x58 Thirdparty/STM32F0xx_HAL_Driver/Src/stm32f0xx_hal_adc.o
 .text.HAL_ADC_Init
                0x000000000800f4cc      0x144 Thirdparty/STM32F0xx_HAL_Driver/Src/stm32f0xx_hal_adc.o
                0x000000000800f4cc                HAL_ADC_Init
 .text.HAL_ADC_Start
                0x000000000800f610       0x58 Thirdparty/STM32F0xx_HAL_Driver/Src/stm32f0xx_hal_adc.o
                0x000000000800f610                HAL_ADC_Start
 .text.HAL_ADC_Stop
                0x000000000800f668       0x40 Thirdparty/STM32F0xx_HAL_Driver/Src/stm32f0xx_hal_adc.o
                0x000000000800f668                HAL_ADC_Stop
 .text.HAL_ADC_PollForConversion
                0x000000000800f6a8       0xc8 Thirdparty/STM32F0xx_HAL_Driver/Src/stm32f0xx_hal_adc.o
                0x000000000800f6a8                HAL_ADC_PollForConversion
 .text.HAL_ADC_GetValue
                0x000000000800f770        0xc Thirdparty/STM32F0xx_HAL_Driver/Src/stm32f0xx_hal_adc.o
                0x000000000800f770                HAL_ADC_GetValue
 .text.HAL_ADC_ConvCpltCallback
                0x000000000800f77c        0x4 Thirdparty/STM32F0xx_HAL_Driver/Src/stm32f0xx_hal_adc.o
                0x000000000800f77c                HAL_ADC_ConvCpltCallback
 .text.HAL_ADC_LevelOutOfWindowCallback
                0x000000000800f780        0x4 Thirdparty/STM32F0xx_HAL_Driver/Src/stm32f0xx_hal_adc.o
                0x000000000800f780                HAL_ADC_LevelOutOfWindowCallback
 .text.HAL_ADC_ErrorCallback
                0x000000000800f784        0x4 Thirdparty/STM32F0xx_HAL_Driver/Src/stm32f0xx_hal_adc.o
                0x000000000800f784                HAL_ADC_ErrorCallback
 .text.HAL_ADC_IRQHandler
                0x000000000800f788       0xe0 Thirdparty/STM32F0xx_HAL_Driver/Src/stm32f0xx_hal_adc.o
                0x000000000800f788                HAL_ADC_IRQHandler
 .text.HAL_ADC_ConfigChannel
                0x000000000800f868      0x120 Thirdparty/STM32F0xx_HAL_Driver/Src/stm32f0xx_hal_adc.o
                0x000000000800f868                HAL_ADC_ConfigChannel
 .text.HAL_NVIC_SetPriority
                0x000000000800f988       0x58 Thirdparty/STM32F0xx_HAL_Driver/Src/stm32f0xx_hal_cortex.o
                0x000000000800f988                HAL_NVIC_SetPriority
 .text.HAL_NVIC_EnableIRQ
                0x000000000800f9e0       0x14 Thirdparty/STM32F0xx_HAL_Driver/Src/stm32f0xx_hal_cortex.o
                0x000000000800f9e0                HAL_NVIC_EnableIRQ
 .text.HAL_NVIC_DisableIRQ
                0x000000000800f9f4       0x14 Thirdparty/STM32F0xx_HAL_Driver/Src/stm32f0xx_hal_cortex.o
                0x000000000800f9f4                HAL_NVIC_DisableIRQ
 .text.HAL_SYSTICK_Config
                0x000000000800fa08       0x38 Thirdparty/STM32F0xx_HAL_Driver/Src/stm32f0xx_hal_cortex.o
                0x000000000800fa08                HAL_SYSTICK_Config
 .text.HAL_SYSTICK_CLKSourceConfig
                0x000000000800fa40       0x1c Thirdparty/STM32F0xx_HAL_Driver/Src/stm32f0xx_hal_cortex.o
                0x000000000800fa40                HAL_SYSTICK_CLKSourceConfig
 .text.CRC_Handle_8
                0x000000000800fa5c       0x6c Thirdparty/STM32F0xx_HAL_Driver/Src/stm32f0xx_hal_crc.o
 .text.CRC_Handle_16
                0x000000000800fac8       0x2c Thirdparty/STM32F0xx_HAL_Driver/Src/stm32f0xx_hal_crc.o
 .text.HAL_CRC_Init
                0x000000000800faf4       0x68 Thirdparty/STM32F0xx_HAL_Driver/Src/stm32f0xx_hal_crc.o
                0x000000000800faf4                HAL_CRC_Init
 .text.HAL_CRC_Accumulate
                0x000000000800fb5c       0x54 Thirdparty/STM32F0xx_HAL_Driver/Src/stm32f0xx_hal_crc.o
                0x000000000800fb5c                HAL_CRC_Accumulate
 .text.HAL_CRC_Calculate
                0x000000000800fbb0       0x5c Thirdparty/STM32F0xx_HAL_Driver/Src/stm32f0xx_hal_crc.o
                0x000000000800fbb0                HAL_CRC_Calculate
 .text.HAL_CRCEx_Polynomial_Set
                0x000000000800fc0c       0x5c Thirdparty/STM32F0xx_HAL_Driver/Src/stm32f0xx_hal_crc_ex.o
                0x000000000800fc0c                HAL_CRCEx_Polynomial_Set
 .text.HAL_CRCEx_Init
                0x000000000800fc68       0x30 Thirdparty/STM32F0xx_HAL_Driver/Src/stm32f0xx_hal_crc_ex.o
                0x000000000800fc68                HAL_CRCEx_Init
 .text.HAL_DMA_Init
                0x000000000800fc98       0x58 Thirdparty/STM32F0xx_HAL_Driver/Src/stm32f0xx_hal_dma.o
                0x000000000800fc98                HAL_DMA_Init
 .text.HAL_DMA_Start_IT
                0x000000000800fcf0       0x58 Thirdparty/STM32F0xx_HAL_Driver/Src/stm32f0xx_hal_dma.o
                0x000000000800fcf0                HAL_DMA_Start_IT
 .text.HAL_DMA_Abort
                0x000000000800fd48       0x50 Thirdparty/STM32F0xx_HAL_Driver/Src/stm32f0xx_hal_dma.o
                0x000000000800fd48                HAL_DMA_Abort
 .text.HAL_DMA_IRQHandler
                0x000000000800fd98      0x940 Thirdparty/STM32F0xx_HAL_Driver/Src/stm32f0xx_hal_dma.o
                0x000000000800fd98                HAL_DMA_IRQHandler
 .text.HAL_FLASH_Unlock
                0x00000000080106d8       0x24 Thirdparty/STM32F0xx_HAL_Driver/Src/stm32f0xx_hal_flash.o
                0x00000000080106d8                HAL_FLASH_Unlock
 .text.HAL_FLASH_Lock
                0x00000000080106fc       0x14 Thirdparty/STM32F0xx_HAL_Driver/Src/stm32f0xx_hal_flash.o
                0x00000000080106fc                HAL_FLASH_Lock
 .text.FLASH_WaitForLastOperation
                0x0000000008010710       0x88 Thirdparty/STM32F0xx_HAL_Driver/Src/stm32f0xx_hal_flash.o
                0x0000000008010710                FLASH_WaitForLastOperation
 .text.HAL_FLASH_Program
                0x0000000008010798       0xc8 Thirdparty/STM32F0xx_HAL_Driver/Src/stm32f0xx_hal_flash.o
                0x0000000008010798                HAL_FLASH_Program
 .text.HAL_FLASHEx_Erase
                0x0000000008010860       0xd8 Thirdparty/STM32F0xx_HAL_Driver/Src/stm32f0xx_hal_flash_ex.o
                0x0000000008010860                HAL_FLASHEx_Erase
 .text.FLASH_PageErase
                0x0000000008010938       0x24 Thirdparty/STM32F0xx_HAL_Driver/Src/stm32f0xx_hal_flash_ex.o
                0x0000000008010938                FLASH_PageErase
 .text.HAL_GPIO_Init
                0x000000000801095c      0x1f8 Thirdparty/STM32F0xx_HAL_Driver/Src/stm32f0xx_hal_gpio.o
                0x000000000801095c                HAL_GPIO_Init
 .text.HAL_GPIO_DeInit
                0x0000000008010b54      0x13c Thirdparty/STM32F0xx_HAL_Driver/Src/stm32f0xx_hal_gpio.o
                0x0000000008010b54                HAL_GPIO_DeInit
 .text.HAL_GPIO_ReadPin
                0x0000000008010c90        0xc Thirdparty/STM32F0xx_HAL_Driver/Src/stm32f0xx_hal_gpio.o
                0x0000000008010c90                HAL_GPIO_ReadPin
 .text.HAL_GPIO_WritePin
                0x0000000008010c9c        0xc Thirdparty/STM32F0xx_HAL_Driver/Src/stm32f0xx_hal_gpio.o
                0x0000000008010c9c                HAL_GPIO_WritePin
 .text.HAL_GPIO_TogglePin
                0x0000000008010ca8        0x8 Thirdparty/STM32F0xx_HAL_Driver/Src/stm32f0xx_hal_gpio.o
                0x0000000008010ca8                HAL_GPIO_TogglePin
 .text.HAL_MspInit
                0x0000000008010cb0        0x4 Thirdparty/STM32F0xx_HAL_Driver/Src/stm32f0xx_hal_msp_template.o
                0x0000000008010cb0                HAL_MspInit
 .text.HAL_PWR_EnableBkUpAccess
                0x0000000008010cb4       0x14 Thirdparty/STM32F0xx_HAL_Driver/Src/stm32f0xx_hal_pwr.o
                0x0000000008010cb4                HAL_PWR_EnableBkUpAccess
 .text.HAL_RCC_OscConfig
                0x0000000008010cc8      0x544 Thirdparty/STM32F0xx_HAL_Driver/Src/stm32f0xx_hal_rcc.o
                0x0000000008010cc8                HAL_RCC_OscConfig
 .text.HAL_RCC_ClockConfig
                0x000000000801120c      0x230 Thirdparty/STM32F0xx_HAL_Driver/Src/stm32f0xx_hal_rcc.o
                0x000000000801120c                HAL_RCC_ClockConfig
 .text.HAL_RCC_GetSysClockFreq
                0x000000000801143c       0x8c Thirdparty/STM32F0xx_HAL_Driver/Src/stm32f0xx_hal_rcc.o
                0x000000000801143c                HAL_RCC_GetSysClockFreq
 .text.HAL_RCC_GetHCLKFreq
                0x00000000080114c8       0x28 Thirdparty/STM32F0xx_HAL_Driver/Src/stm32f0xx_hal_rcc.o
                0x00000000080114c8                HAL_RCC_GetHCLKFreq
 .text.HAL_RCC_GetPCLK1Freq
                0x00000000080114f0       0x34 Thirdparty/STM32F0xx_HAL_Driver/Src/stm32f0xx_hal_rcc.o
                0x00000000080114f0                HAL_RCC_GetPCLK1Freq
 .text.HAL_RCCEx_PeriphCLKConfig
                0x0000000008011524      0x128 Thirdparty/STM32F0xx_HAL_Driver/Src/stm32f0xx_hal_rcc_ex.o
                0x0000000008011524                HAL_RCCEx_PeriphCLKConfig
 .text.HAL_RTC_MspInit
                0x000000000801164c        0x4 Thirdparty/STM32F0xx_HAL_Driver/Src/stm32f0xx_hal_rtc.o
                0x000000000801164c                HAL_RTC_MspInit
 .text.HAL_RTC_GetTime
                0x0000000008011650       0x60 Thirdparty/STM32F0xx_HAL_Driver/Src/stm32f0xx_hal_rtc.o
                0x0000000008011650                HAL_RTC_GetTime
 .text.HAL_RTC_GetDate
                0x00000000080116b0       0x5c Thirdparty/STM32F0xx_HAL_Driver/Src/stm32f0xx_hal_rtc.o
                0x00000000080116b0                HAL_RTC_GetDate
 .text.HAL_RTC_WaitForSynchro
                0x000000000801170c       0x38 Thirdparty/STM32F0xx_HAL_Driver/Src/stm32f0xx_hal_rtc.o
                0x000000000801170c                HAL_RTC_WaitForSynchro
 .text.RTC_EnterInitMode
                0x0000000008011744       0x3c Thirdparty/STM32F0xx_HAL_Driver/Src/stm32f0xx_hal_rtc.o
                0x0000000008011744                RTC_EnterInitMode
 .text.HAL_RTC_Init
                0x0000000008011780       0x90 Thirdparty/STM32F0xx_HAL_Driver/Src/stm32f0xx_hal_rtc.o
                0x0000000008011780                HAL_RTC_Init
 .text.HAL_RTC_SetTime
                0x0000000008011810      0x128 Thirdparty/STM32F0xx_HAL_Driver/Src/stm32f0xx_hal_rtc.o
                0x0000000008011810                HAL_RTC_SetTime
 .text.HAL_RTC_SetDate
                0x0000000008011938       0xf8 Thirdparty/STM32F0xx_HAL_Driver/Src/stm32f0xx_hal_rtc.o
                0x0000000008011938                HAL_RTC_SetDate
 .text.HAL_RTCEx_BKUPWrite
                0x0000000008011a30        0xc Thirdparty/STM32F0xx_HAL_Driver/Src/stm32f0xx_hal_rtc_ex.o
                0x0000000008011a30                HAL_RTCEx_BKUPWrite
 .text.HAL_RTCEx_BKUPRead
                0x0000000008011a3c        0xc Thirdparty/STM32F0xx_HAL_Driver/Src/stm32f0xx_hal_rtc_ex.o
                0x0000000008011a3c                HAL_RTCEx_BKUPRead
 .text.TIM_OC1_SetConfig
                0x0000000008011a48       0x70 Thirdparty/STM32F0xx_HAL_Driver/Src/stm32f0xx_hal_tim.o
 .text.TIM_OC3_SetConfig
                0x0000000008011ab8       0x88 Thirdparty/STM32F0xx_HAL_Driver/Src/stm32f0xx_hal_tim.o
 .text.TIM_OC4_SetConfig
                0x0000000008011b40       0x74 Thirdparty/STM32F0xx_HAL_Driver/Src/stm32f0xx_hal_tim.o
 .text.HAL_TIM_Base_MspInit
                0x0000000008011bb4        0x4 Thirdparty/STM32F0xx_HAL_Driver/Src/stm32f0xx_hal_tim.o
                0x0000000008011bb4                HAL_TIM_Base_MspInit
 .text.HAL_TIM_Base_MspDeInit
                0x0000000008011bb8        0x4 Thirdparty/STM32F0xx_HAL_Driver/Src/stm32f0xx_hal_tim.o
                0x0000000008011bb8                HAL_TIM_Base_MspDeInit
 .text.HAL_TIM_Base_DeInit
                0x0000000008011bbc       0x40 Thirdparty/STM32F0xx_HAL_Driver/Src/stm32f0xx_hal_tim.o
                0x0000000008011bbc                HAL_TIM_Base_DeInit
 .text.HAL_TIM_Base_Start
                0x0000000008011bfc       0x18 Thirdparty/STM32F0xx_HAL_Driver/Src/stm32f0xx_hal_tim.o
                0x0000000008011bfc                HAL_TIM_Base_Start
 .text.HAL_TIM_OC_Start
                0x0000000008011c14       0x50 Thirdparty/STM32F0xx_HAL_Driver/Src/stm32f0xx_hal_tim.o
                0x0000000008011c14                HAL_TIM_OC_Start
 .text.HAL_TIM_PWM_MspInit
                0x0000000008011c64        0x4 Thirdparty/STM32F0xx_HAL_Driver/Src/stm32f0xx_hal_tim.o
                0x0000000008011c64                HAL_TIM_PWM_MspInit
 .text.HAL_TIM_PWM_MspDeInit
                0x0000000008011c68        0x4 Thirdparty/STM32F0xx_HAL_Driver/Src/stm32f0xx_hal_tim.o
                0x0000000008011c68                HAL_TIM_PWM_MspDeInit
 .text.HAL_TIM_PWM_DeInit
                0x0000000008011c6c       0x40 Thirdparty/STM32F0xx_HAL_Driver/Src/stm32f0xx_hal_tim.o
                0x0000000008011c6c                HAL_TIM_PWM_DeInit
 .text.HAL_TIM_PWM_Start
                0x0000000008011cac        0x8 Thirdparty/STM32F0xx_HAL_Driver/Src/stm32f0xx_hal_tim.o
                0x0000000008011cac                HAL_TIM_PWM_Start
 .text.HAL_TIM_PWM_Stop
                0x0000000008011cb4       0x84 Thirdparty/STM32F0xx_HAL_Driver/Src/stm32f0xx_hal_tim.o
                0x0000000008011cb4                HAL_TIM_PWM_Stop
 .text.HAL_TIM_ConfigClockSource
                0x0000000008011d38      0x18c Thirdparty/STM32F0xx_HAL_Driver/Src/stm32f0xx_hal_tim.o
                0x0000000008011d38                HAL_TIM_ConfigClockSource
 .text.TIM_Base_SetConfig
                0x0000000008011ec4       0xa8 Thirdparty/STM32F0xx_HAL_Driver/Src/stm32f0xx_hal_tim.o
                0x0000000008011ec4                TIM_Base_SetConfig
 .text.HAL_TIM_Base_Init
                0x0000000008011f6c       0x34 Thirdparty/STM32F0xx_HAL_Driver/Src/stm32f0xx_hal_tim.o
                0x0000000008011f6c                HAL_TIM_Base_Init
 .text.HAL_TIM_PWM_Init
                0x0000000008011fa0       0x34 Thirdparty/STM32F0xx_HAL_Driver/Src/stm32f0xx_hal_tim.o
                0x0000000008011fa0                HAL_TIM_PWM_Init
 .text.TIM_OC2_SetConfig
                0x0000000008011fd4       0x80 Thirdparty/STM32F0xx_HAL_Driver/Src/stm32f0xx_hal_tim.o
                0x0000000008011fd4                TIM_OC2_SetConfig
 .text.HAL_TIM_PWM_ConfigChannel
                0x0000000008012054       0xd0 Thirdparty/STM32F0xx_HAL_Driver/Src/stm32f0xx_hal_tim.o
                0x0000000008012054                HAL_TIM_PWM_ConfigChannel
 .text.HAL_TIMEx_MasterConfigSynchronization
                0x0000000008012124       0x44 Thirdparty/STM32F0xx_HAL_Driver/Src/stm32f0xx_hal_tim_ex.o
                0x0000000008012124                HAL_TIMEx_MasterConfigSynchronization
 .text.HAL_UART_MspDeInit
                0x0000000008012168        0x4 Thirdparty/STM32F0xx_HAL_Driver/Src/stm32f0xx_hal_uart.o
                0x0000000008012168                HAL_UART_MspDeInit
 .text.HAL_UART_DeInit
                0x000000000801216c       0x34 Thirdparty/STM32F0xx_HAL_Driver/Src/stm32f0xx_hal_uart.o
                0x000000000801216c                HAL_UART_DeInit
 .text.HAL_UART_Transmit_IT
                0x00000000080121a0       0x68 Thirdparty/STM32F0xx_HAL_Driver/Src/stm32f0xx_hal_uart.o
                0x00000000080121a0                HAL_UART_Transmit_IT
 .text.HAL_UART_Receive_IT
                0x0000000008012208       0xbc Thirdparty/STM32F0xx_HAL_Driver/Src/stm32f0xx_hal_uart.o
                0x0000000008012208                HAL_UART_Receive_IT
 .text.HAL_UART_Receive_DMA
                0x00000000080122c4       0x84 Thirdparty/STM32F0xx_HAL_Driver/Src/stm32f0xx_hal_uart.o
                0x00000000080122c4                HAL_UART_Receive_DMA
 .text.UART_DMAReceiveCplt
                0x0000000008012348       0x38 Thirdparty/STM32F0xx_HAL_Driver/Src/stm32f0xx_hal_uart.o
 .text.HAL_UART_RxHalfCpltCallback
                0x0000000008012380        0x4 Thirdparty/STM32F0xx_HAL_Driver/Src/stm32f0xx_hal_uart.o
                0x0000000008012380                HAL_UART_RxHalfCpltCallback
 .text.UART_DMARxHalfCplt
                0x0000000008012384        0xc Thirdparty/STM32F0xx_HAL_Driver/Src/stm32f0xx_hal_uart.o
 .text.UART_DMAError
                0x0000000008012390       0x24 Thirdparty/STM32F0xx_HAL_Driver/Src/stm32f0xx_hal_uart.o
 .text.UART_SetConfig
                0x00000000080123b4      0x1d8 Thirdparty/STM32F0xx_HAL_Driver/Src/stm32f0xx_hal_uart.o
                0x00000000080123b4                UART_SetConfig
 .text.UART_AdvFeatureConfig
                0x000000000801258c       0xd0 Thirdparty/STM32F0xx_HAL_Driver/Src/stm32f0xx_hal_uart.o
                0x000000000801258c                UART_AdvFeatureConfig
 .text.UART_WaitOnFlagUntilTimeout
                0x000000000801265c       0x98 Thirdparty/STM32F0xx_HAL_Driver/Src/stm32f0xx_hal_uart.o
                0x000000000801265c                UART_WaitOnFlagUntilTimeout
 .text.HAL_UART_Transmit
                0x00000000080126f4       0xc8 Thirdparty/STM32F0xx_HAL_Driver/Src/stm32f0xx_hal_uart.o
                0x00000000080126f4                HAL_UART_Transmit
 .text.UART_CheckIdleState
                0x00000000080127bc       0x7c Thirdparty/STM32F0xx_HAL_Driver/Src/stm32f0xx_hal_uart.o
                0x00000000080127bc                UART_CheckIdleState
 .text.HAL_UART_Init
                0x0000000008012838       0x6c Thirdparty/STM32F0xx_HAL_Driver/Src/stm32f0xx_hal_uart.o
                0x0000000008012838                HAL_UART_Init
 .text.UART_Transmit_IT
                0x00000000080128a4       0x64 Thirdparty/STM32F0xx_HAL_Driver/Src/stm32f0xx_hal_uart.o
                0x00000000080128a4                UART_Transmit_IT
 .text.UART_EndTransmit_IT
                0x0000000008012908       0x2c Thirdparty/STM32F0xx_HAL_Driver/Src/stm32f0xx_hal_uart.o
                0x0000000008012908                UART_EndTransmit_IT
 .text.UART_Receive_IT
                0x0000000008012934       0x8c Thirdparty/STM32F0xx_HAL_Driver/Src/stm32f0xx_hal_uart.o
                0x0000000008012934                UART_Receive_IT
 .text.HAL_UARTEx_WakeupCallback
                0x00000000080129c0        0x4 Thirdparty/STM32F0xx_HAL_Driver/Src/stm32f0xx_hal_uart_ex.o
                0x00000000080129c0                HAL_UARTEx_WakeupCallback
 .text.HAL_UART_IRQHandler
                0x00000000080129c4      0x108 Thirdparty/STM32F0xx_HAL_Driver/Src/stm32f0xx_hal_uart_ex.o
                0x00000000080129c4                HAL_UART_IRQHandler
 .text.startup.main
                0x0000000008012acc        0x8 User/main.o
                0x0000000008012acc                main
 .text.UserTask
                0x0000000008012ad4        0x4 User/main.o
                0x0000000008012ad4                UserTask
 .text.atof     0x0000000008012ad8        0xa c:/st/stm32cubeide_1.5.1/stm32cubeide/plugins/com.st.stm32cube.ide.mcu.externaltools.gnu-tools-for-stm32.7-2018-q2-update.win32_1.5.0.202011040924/tools/bin/../lib/gcc/arm-none-eabi/7.3.1/../../../../arm-none-eabi/lib/thumb/v6-m\libc.a(lib_a-atof.o)
                0x0000000008012ad8                atof
 .text.atoi     0x0000000008012ae2        0xc c:/st/stm32cubeide_1.5.1/stm32cubeide/plugins/com.st.stm32cube.ide.mcu.externaltools.gnu-tools-for-stm32.7-2018-q2-update.win32_1.5.0.202011040924/tools/bin/../lib/gcc/arm-none-eabi/7.3.1/../../../../arm-none-eabi/lib/thumb/v6-m\libc.a(lib_a-atoi.o)
                0x0000000008012ae2                atoi
 .text.atol     0x0000000008012aee        0xc c:/st/stm32cubeide_1.5.1/stm32cubeide/plugins/com.st.stm32cube.ide.mcu.externaltools.gnu-tools-for-stm32.7-2018-q2-update.win32_1.5.0.202011040924/tools/bin/../lib/gcc/arm-none-eabi/7.3.1/../../../../arm-none-eabi/lib/thumb/v6-m\libc.a(lib_a-atol.o)
                0x0000000008012aee                atol
 *fill*         0x0000000008012afa        0x2 
 .text.calloc   0x0000000008012afc       0x14 c:/st/stm32cubeide_1.5.1/stm32cubeide/plugins/com.st.stm32cube.ide.mcu.externaltools.gnu-tools-for-stm32.7-2018-q2-update.win32_1.5.0.202011040924/tools/bin/../lib/gcc/arm-none-eabi/7.3.1/../../../../arm-none-eabi/lib/thumb/v6-m\libc.a(lib_a-calloc.o)
                0x0000000008012afc                calloc
 .text._calloc_r
                0x0000000008012b10       0x58 c:/st/stm32cubeide_1.5.1/stm32cubeide/plugins/com.st.stm32cube.ide.mcu.externaltools.gnu-tools-for-stm32.7-2018-q2-update.win32_1.5.0.202011040924/tools/bin/../lib/gcc/arm-none-eabi/7.3.1/../../../../arm-none-eabi/lib/thumb/v6-m\libc.a(lib_a-callocr.o)
                0x0000000008012b10                _calloc_r
 .text.__libc_init_array
                0x0000000008012b68       0x48 c:/st/stm32cubeide_1.5.1/stm32cubeide/plugins/com.st.stm32cube.ide.mcu.externaltools.gnu-tools-for-stm32.7-2018-q2-update.win32_1.5.0.202011040924/tools/bin/../lib/gcc/arm-none-eabi/7.3.1/../../../../arm-none-eabi/lib/thumb/v6-m\libc.a(lib_a-init.o)
                0x0000000008012b68                __libc_init_array
 .text.__locale_ctype_ptr_l
                0x0000000008012bb0        0x6 c:/st/stm32cubeide_1.5.1/stm32cubeide/plugins/com.st.stm32cube.ide.mcu.externaltools.gnu-tools-for-stm32.7-2018-q2-update.win32_1.5.0.202011040924/tools/bin/../lib/gcc/arm-none-eabi/7.3.1/../../../../arm-none-eabi/lib/thumb/v6-m\libc.a(lib_a-locale.o)
                0x0000000008012bb0                __locale_ctype_ptr_l
 *fill*         0x0000000008012bb6        0x2 
 .text.__locale_ctype_ptr
                0x0000000008012bb8       0x1c c:/st/stm32cubeide_1.5.1/stm32cubeide/plugins/com.st.stm32cube.ide.mcu.externaltools.gnu-tools-for-stm32.7-2018-q2-update.win32_1.5.0.202011040924/tools/bin/../lib/gcc/arm-none-eabi/7.3.1/../../../../arm-none-eabi/lib/thumb/v6-m\libc.a(lib_a-locale.o)
                0x0000000008012bb8                __locale_ctype_ptr
 .text.malloc   0x0000000008012bd4       0x14 c:/st/stm32cubeide_1.5.1/stm32cubeide/plugins/com.st.stm32cube.ide.mcu.externaltools.gnu-tools-for-stm32.7-2018-q2-update.win32_1.5.0.202011040924/tools/bin/../lib/gcc/arm-none-eabi/7.3.1/../../../../arm-none-eabi/lib/thumb/v6-m\libc.a(lib_a-malloc.o)
                0x0000000008012bd4                malloc
 .text.free     0x0000000008012be8       0x14 c:/st/stm32cubeide_1.5.1/stm32cubeide/plugins/com.st.stm32cube.ide.mcu.externaltools.gnu-tools-for-stm32.7-2018-q2-update.win32_1.5.0.202011040924/tools/bin/../lib/gcc/arm-none-eabi/7.3.1/../../../../arm-none-eabi/lib/thumb/v6-m\libc.a(lib_a-malloc.o)
                0x0000000008012be8                free
 .text._malloc_r
                0x0000000008012bfc      0x430 c:/st/stm32cubeide_1.5.1/stm32cubeide/plugins/com.st.stm32cube.ide.mcu.externaltools.gnu-tools-for-stm32.7-2018-q2-update.win32_1.5.0.202011040924/tools/bin/../lib/gcc/arm-none-eabi/7.3.1/../../../../arm-none-eabi/lib/thumb/v6-m\libc.a(lib_a-mallocr.o)
                0x0000000008012bfc                _malloc_r
 .text.__ascii_mbtowc
                0x000000000801302c       0x24 c:/st/stm32cubeide_1.5.1/stm32cubeide/plugins/com.st.stm32cube.ide.mcu.externaltools.gnu-tools-for-stm32.7-2018-q2-update.win32_1.5.0.202011040924/tools/bin/../lib/gcc/arm-none-eabi/7.3.1/../../../../arm-none-eabi/lib/thumb/v6-m\libc.a(lib_a-mbtowc_r.o)
                0x000000000801302c                __ascii_mbtowc
 .text.memcmp   0x0000000008013050       0x1e c:/st/stm32cubeide_1.5.1/stm32cubeide/plugins/com.st.stm32cube.ide.mcu.externaltools.gnu-tools-for-stm32.7-2018-q2-update.win32_1.5.0.202011040924/tools/bin/../lib/gcc/arm-none-eabi/7.3.1/../../../../arm-none-eabi/lib/thumb/v6-m\libc.a(lib_a-memcmp.o)
                0x0000000008013050                memcmp
 .text.memcpy   0x000000000801306e       0x12 c:/st/stm32cubeide_1.5.1/stm32cubeide/plugins/com.st.stm32cube.ide.mcu.externaltools.gnu-tools-for-stm32.7-2018-q2-update.win32_1.5.0.202011040924/tools/bin/../lib/gcc/arm-none-eabi/7.3.1/../../../../arm-none-eabi/lib/thumb/v6-m\libc.a(lib_a-memcpy-stub.o)
                0x000000000801306e                memcpy
 .text.memset   0x0000000008013080       0x10 c:/st/stm32cubeide_1.5.1/stm32cubeide/plugins/com.st.stm32cube.ide.mcu.externaltools.gnu-tools-for-stm32.7-2018-q2-update.win32_1.5.0.202011040924/tools/bin/../lib/gcc/arm-none-eabi/7.3.1/../../../../arm-none-eabi/lib/thumb/v6-m\libc.a(lib_a-memset.o)
                0x0000000008013080                memset
 .text.__malloc_lock
                0x0000000008013090       0x10 c:/st/stm32cubeide_1.5.1/stm32cubeide/plugins/com.st.stm32cube.ide.mcu.externaltools.gnu-tools-for-stm32.7-2018-q2-update.win32_1.5.0.202011040924/tools/bin/../lib/gcc/arm-none-eabi/7.3.1/../../../../arm-none-eabi/lib/thumb/v6-m\libc.a(lib_a-mlock.o)
                0x0000000008013090                __malloc_lock
 .text.__malloc_unlock
                0x00000000080130a0       0x10 c:/st/stm32cubeide_1.5.1/stm32cubeide/plugins/com.st.stm32cube.ide.mcu.externaltools.gnu-tools-for-stm32.7-2018-q2-update.win32_1.5.0.202011040924/tools/bin/../lib/gcc/arm-none-eabi/7.3.1/../../../../arm-none-eabi/lib/thumb/v6-m\libc.a(lib_a-mlock.o)
                0x00000000080130a0                __malloc_unlock