Archive member included to satisfy reference by file (symbol)

c:/st/stm32cubeide_1.9.0/stm32cubeide/plugins/com.st.stm32cube.ide.mcu.externaltools.gnu-tools-for-stm32.10.3-2021.10.win32_1.0.0.202111181127/tools/bin/../lib/gcc/arm-none-eabi/10.3.1/../../../../arm-none-eabi/lib/thumb/v6-m/nofp\libc.a(lib_a-atof.o)
                              ./BOS/BOS_CLI.o (atof)
c:/st/stm32cubeide_1.9.0/stm32cubeide/plugins/com.st.stm32cube.ide.mcu.externaltools.gnu-tools-for-stm32.10.3-2021.10.win32_1.0.0.202111181127/tools/bin/../lib/gcc/arm-none-eabi/10.3.1/../../../../arm-none-eabi/lib/thumb/v6-m/nofp\libc.a(lib_a-atoi.o)
                              ./BOS/BOS_CLI.o (atoi)
c:/st/stm32cubeide_1.9.0/stm32cubeide/plugins/com.st.stm32cube.ide.mcu.externaltools.gnu-tools-for-stm32.10.3-2021.10.win32_1.0.0.202111181127/tools/bin/../lib/gcc/arm-none-eabi/10.3.1/../../../../arm-none-eabi/lib/thumb/v6-m/nofp\libc.a(lib_a-atol.o)
                              ./BOS/BOS.o (atol)
c:/st/stm32cubeide_1.9.0/stm32cubeide/plugins/com.st.stm32cube.ide.mcu.externaltools.gnu-tools-for-stm32.10.3-2021.10.win32_1.0.0.202111181127/tools/bin/../lib/gcc/arm-none-eabi/10.3.1/../../../../arm-none-eabi/lib/thumb/v6-m/nofp\libc.a(lib_a-calloc.o)
                              ./BOS/BOS.o (calloc)
c:/st/stm32cubeide_1.9.0/stm32cubeide/plugins/com.st.stm32cube.ide.mcu.externaltools.gnu-tools-for-stm32.10.3-2021.10.win32_1.0.0.202111181127/tools/bin/../lib/gcc/arm-none-eabi/10.3.1/../../../../arm-none-eabi/lib/thumb/v6-m/nofp\libc.a(lib_a-callocr.o)
                              c:/st/stm32cubeide_1.9.0/stm32cubeide/plugins/com.st.stm32cube.ide.mcu.externaltools.gnu-tools-for-stm32.10.3-2021.10.win32_1.0.0.202111181127/tools/bin/../lib/gcc/arm-none-eabi/10.3.1/../../../../arm-none-eabi/lib/thumb/v6-m/nofp\libc.a(lib_a-calloc.o) (_calloc_r)
c:/st/stm32cubeide_1.9.0/stm32cubeide/plugins/com.st.stm32cube.ide.mcu.externaltools.gnu-tools-for-stm32.10.3-2021.10.win32_1.0.0.202111181127/tools/bin/../lib/gcc/arm-none-eabi/10.3.1/../../../../arm-none-eabi/lib/thumb/v6-m/nofp\libc.a(lib_a-ctype_.o)
                              ./BOS/BOS_CLI.o (_ctype_)
c:/st/stm32cubeide_1.9.0/stm32cubeide/plugins/com.st.stm32cube.ide.mcu.externaltools.gnu-tools-for-stm32.10.3-2021.10.win32_1.0.0.202111181127/tools/bin/../lib/gcc/arm-none-eabi/10.3.1/../../../../arm-none-eabi/lib/thumb/v6-m/nofp\libc.a(lib_a-errno.o)
                              c:/st/stm32cubeide_1.9.0/stm32cubeide/plugins/com.st.stm32cube.ide.mcu.externaltools.gnu-tools-for-stm32.10.3-2021.10.win32_1.0.0.202111181127/tools/bin/../lib/gcc/arm-none-eabi/10.3.1/../../../../arm-none-eabi/lib/thumb/v6-m/nofp\libc.a(lib_a-callocr.o) (__errno)
c:/st/stm32cubeide_1.9.0/stm32cubeide/plugins/com.st.stm32cube.ide.mcu.externaltools.gnu-tools-for-stm32.10.3-2021.10.win32_1.0.0.202111181127/tools/bin/../lib/gcc/arm-none-eabi/10.3.1/../../../../arm-none-eabi/lib/thumb/v6-m/nofp\libc.a(lib_a-exit.o)
                              c:/st/stm32cubeide_1.9.0/stm32cubeide/plugins/com.st.stm32cube.ide.mcu.externaltools.gnu-tools-for-stm32.10.3-2021.10.win32_1.0.0.202111181127/tools/bin/../lib/gcc/arm-none-eabi/10.3.1/../../../../arm-none-eabi/lib/thumb/v6-m/nofp/crt0.o (exit)
c:/st/stm32cubeide_1.9.0/stm32cubeide/plugins/com.st.stm32cube.ide.mcu.externaltools.gnu-tools-for-stm32.10.3-2021.10.win32_1.0.0.202111181127/tools/bin/../lib/gcc/arm-none-eabi/10.3.1/../../../../arm-none-eabi/lib/thumb/v6-m/nofp\libc.a(lib_a-impure.o)
                              c:/st/stm32cubeide_1.9.0/stm32cubeide/plugins/com.st.stm32cube.ide.mcu.externaltools.gnu-tools-for-stm32.10.3-2021.10.win32_1.0.0.202111181127/tools/bin/../lib/gcc/arm-none-eabi/10.3.1/../../../../arm-none-eabi/lib/thumb/v6-m/nofp\libc.a(lib_a-exit.o) (_global_impure_ptr)
c:/st/stm32cubeide_1.9.0/stm32cubeide/plugins/com.st.stm32cube.ide.mcu.externaltools.gnu-tools-for-stm32.10.3-2021.10.win32_1.0.0.202111181127/tools/bin/../lib/gcc/arm-none-eabi/10.3.1/../../../../arm-none-eabi/lib/thumb/v6-m/nofp\libc.a(lib_a-init.o)
                              c:/st/stm32cubeide_1.9.0/stm32cubeide/plugins/com.st.stm32cube.ide.mcu.externaltools.gnu-tools-for-stm32.10.3-2021.10.win32_1.0.0.202111181127/tools/bin/../lib/gcc/arm-none-eabi/10.3.1/../../../../arm-none-eabi/lib/thumb/v6-m/nofp/crt0.o (__libc_init_array)
c:/st/stm32cubeide_1.9.0/stm32cubeide/plugins/com.st.stm32cube.ide.mcu.externaltools.gnu-tools-for-stm32.10.3-2021.10.win32_1.0.0.202111181127/tools/bin/../lib/gcc/arm-none-eabi/10.3.1/../../../../arm-none-eabi/lib/thumb/v6-m/nofp\libc.a(lib_a-malloc.o)
                              ./BOS/BOS.o (malloc)
c:/st/stm32cubeide_1.9.0/stm32cubeide/plugins/com.st.stm32cube.ide.mcu.externaltools.gnu-tools-for-stm32.10.3-2021.10.win32_1.0.0.202111181127/tools/bin/../lib/gcc/arm-none-eabi/10.3.1/../../../../arm-none-eabi/lib/thumb/v6-m/nofp\libc.a(lib_a-mallocr.o)
[...]
Memory Configuration

Name             Origin             Length             Attributes
RAM              0x0000000020000000 0x0000000000008000 xrw
FLASH            0x0000000008000000 0x0000000000020000 xr
*default*        0x0000000000000000 0xffffffffffffffff

Linker script and memory map

LOAD c:/st/stm32cubeide_1.9.0/stm32cubeide/plugins/com.st.stm32cube.ide.mcu.externaltools.gnu-tools-for-stm32.10.3-2021.10.win32_1.0.0.202111181127/tools/bin/../lib/gcc/arm-none-eabi/10.3.1/thumb/v6-m/nofp/crti.o
LOAD c:/st/stm32cubeide_1.9.0/stm32cubeide/plugins/com.st.stm32cube.ide.mcu.externaltools.gnu-tools-for-stm32.10.3-2021.10.win32_1.0.0.202111181127/tools/bin/../lib/gcc/arm-none-eabi/10.3.1/thumb/v6-m/nofp/crtbegin.o
LOAD c:/st/stm32cubeide_1.9.0/stm32cubeide/plugins/com.st.stm32cube.ide.mcu.externaltools.gnu-tools-for-stm32.10.3-2021.10.win32_1.0.0.202111181127/tools/bin/../lib/gcc/arm-none-eabi/10.3.1/../../../../arm-none-eabi/lib/thumb/v6-m/nofp/crt0.o
LOAD ./BOS/BOS.o
LOAD ./BOS/BOS_CLI.o
LOAD ./BOS/BOS_CLIcommands.o
LOAD ./BOS/BOS_dma.o
LOAD ./BOS/BOS_freertos.o
LOAD ./BOS/BOS_messaging.o
LOAD ./BOS/BOS_msgparser.o
LOAD ./H0FR6/H0FR6.o
LOAD ./H0FR6/H0FR6_adc.o
LOAD ./H0FR6/H0FR6_dma.o
LOAD ./H0FR6/H0FR6_eeprom.o
LOAD ./H0FR6/H0FR6_gpio.o
LOAD ./H0FR6/H0FR6_inputs.o
LOAD ./H0FR6/H0FR6_it.o
LOAD ./H0FR6/H0FR6_rtc.o
LOAD ./H0FR6/H0FR6_timers.o
LOAD ./H0FR6/H0FR6_uart.o
LOAD ./H0FR6/startup_stm32f091xc.o
LOAD ./Thirdparty/CMSIS/STM32F0xx/Device/ST/STM32F0xx/Source/Templates/system_stm32f0xx.o
LOAD ./Thirdparty/Middleware/STM32F0xx/FreeRTOS/Source/CMSIS_RTOS/cmsis_os.o
LOAD ./Thirdparty/Middleware/STM32F0xx/FreeRTOS/Source/FreeRTOS_CLI.o
LOAD ./Thirdparty/Middleware/STM32F0xx/FreeRTOS/Source/croutine.o
LOAD ./Thirdparty/Middleware/STM32F0xx/FreeRTOS/Source/event_groups.o
LOAD ./Thirdparty/Middleware/STM32F0xx/FreeRTOS/Source/list.o
LOAD ./Thirdparty/Middleware/STM32F0xx/FreeRTOS/Source/queue.o
LOAD ./Thirdparty/Middleware/STM32F0xx/FreeRTOS/Source/tasks.o
LOAD ./Thirdparty/Middleware/STM32F0xx/FreeRTOS/Source/timers.o
LOAD ./Thirdparty/Middleware/STM32F0xx/FreeRTOS/Source/portable/GCC/ARM_CM0/port.o
LOAD ./Thirdparty/Middleware/STM32F0xx/FreeRTOS/Source/portable/MemMang/heap_4.o
LOAD ./Thirdparty/STM32F0xx_HAL_Driver/Src/stm32f0xx_hal.o
LOAD ./Thirdparty/STM32F0xx_HAL_Driver/Src/stm32f0xx_hal_adc.o
LOAD ./Thirdparty/STM32F0xx_HAL_Driver/Src/stm32f0xx_hal_adc_ex.o
LOAD ./Thirdparty/STM32F0xx_HAL_Driver/Src/stm32f0xx_hal_can.o
LOAD ./Thirdparty/STM32F0xx_HAL_Driver/Src/stm32f0xx_hal_cec.o
LOAD ./Thirdparty/STM32F0xx_HAL_Driver/Src/stm32f0xx_hal_comp.o
LOAD ./Thirdparty/STM32F0xx_HAL_Driver/Src/stm32f0xx_hal_cortex.o
LOAD ./Thirdparty/STM32F0xx_HAL_Driver/Src/stm32f0xx_hal_crc.o
LOAD ./Thirdparty/STM32F0xx_HAL_Driver/Src/stm32f0xx_hal_crc_ex.o
LOAD ./Thirdparty/STM32F0xx_HAL_Driver/Src/stm32f0xx_hal_dac.o
LOAD ./Thirdparty/STM32F0xx_HAL_Driver/Src/stm32f0xx_hal_dac_ex.o
LOAD ./Thirdparty/STM32F0xx_HAL_Driver/Src/stm32f0xx_hal_dma.o
LOAD ./Thirdparty/STM32F0xx_HAL_Driver/Src/stm32f0xx_hal_flash.o
LOAD ./Thirdparty/STM32F0xx_HAL_Driver/Src/stm32f0xx_hal_flash_ex.o
LOAD ./Thirdparty/STM32F0xx_HAL_Driver/Src/stm32f0xx_hal_gpio.o
LOAD ./Thirdparty/STM32F0xx_HAL_Driver/Src/stm32f0xx_hal_i2c.o
LOAD ./Thirdparty/STM32F0xx_HAL_Driver/Src/stm32f0xx_hal_i2c_ex.o
LOAD ./Thirdparty/STM32F0xx_HAL_Driver/Src/stm32f0xx_hal_i2s.o
LOAD ./Thirdparty/STM32F0xx_HAL_Driver/Src/stm32f0xx_hal_irda.o
LOAD ./Thirdparty/STM32F0xx_HAL_Driver/Src/stm32f0xx_hal_iwdg.o
LOAD ./Thirdparty/STM32F0xx_HAL_Driver/Src/stm32f0xx_hal_msp_template.o
LOAD ./Thirdparty/STM32F0xx_HAL_Driver/Src/stm32f0xx_hal_pcd.o
LOAD ./Thirdparty/STM32F0xx_HAL_Driver/Src/stm32f0xx_hal_pcd_ex.o
LOAD ./Thirdparty/STM32F0xx_HAL_Driver/Src/stm32f0xx_hal_pwr.o
LOAD ./Thirdparty/STM32F0xx_HAL_Driver/Src/stm32f0xx_hal_pwr_ex.o
LOAD ./Thirdparty/STM32F0xx_HAL_Driver/Src/stm32f0xx_hal_rcc.o
LOAD ./Thirdparty/STM32F0xx_HAL_Driver/Src/stm32f0xx_hal_rcc_ex.o
LOAD ./Thirdparty/STM32F0xx_HAL_Driver/Src/stm32f0xx_hal_rtc.o
LOAD ./Thirdparty/STM32F0xx_HAL_Driver/Src/stm32f0xx_hal_rtc_ex.o
LOAD ./Thirdparty/STM32F0xx_HAL_Driver/Src/stm32f0xx_hal_smartcard.o
LOAD ./Thirdparty/STM32F0xx_HAL_Driver/Src/stm32f0xx_hal_smartcard_ex.o
LOAD ./Thirdparty/STM32F0xx_HAL_Driver/Src/stm32f0xx_hal_smbus.o
LOAD ./Thirdparty/STM32F0xx_HAL_Driver/Src/stm32f0xx_hal_spi.o
LOAD ./Thirdparty/STM32F0xx_HAL_Driver/Src/stm32f0xx_hal_spi_ex.o
LOAD ./Thirdparty/STM32F0xx_HAL_Driver/Src/stm32f0xx_hal_tim.o
LOAD ./Thirdparty/STM32F0xx_HAL_Driver/Src/stm32f0xx_hal_tim_ex.o
LOAD ./Thirdparty/STM32F0xx_HAL_Driver/Src/stm32f0xx_hal_tsc.o
LOAD ./Thirdparty/STM32F0xx_HAL_Driver/Src/stm32f0xx_hal_uart.o
LOAD ./Thirdparty/STM32F0xx_HAL_Driver/Src/stm32f0xx_hal_uart_ex.o
LOAD ./Thirdparty/STM32F0xx_HAL_Driver/Src/stm32f0xx_hal_usart.o
LOAD ./Thirdparty/STM32F0xx_HAL_Driver/Src/stm32f0xx_hal_wwdg.o
LOAD ./User/main.o
START GROUP
LOAD c:/st/stm32cubeide_1.9.0/stm32cubeide/plugins/com.st.stm32cube.ide.mcu.externaltools.gnu-tools-for-stm32.10.3-2021.10.win32_1.0.0.202111181127/tools/bin/../lib/gcc/arm-none-eabi/10.3.1/../../../../arm-none-eabi/lib/thumb/v6-m/nofp\libc.a
LOAD c:/st/stm32cubeide_1.9.0/stm32cubeide/plugins/com.st.stm32cube.ide.mcu.externaltools.gnu-tools-for-stm32.10.3-2021.10.win32_1.0.0.202111181127/tools/bin/../lib/gcc/arm-none-eabi/10.3.1/../../../../arm-none-eabi/lib/thumb/v6-m/nofp\libm.a
END GROUP
START GROUP
LOAD c:/st/stm32cubeide_1.9.0/stm32cubeide/plugins/com.st.stm32cube.ide.mcu.externaltools.gnu-tools-for-stm32.10.3-2021.10.win32_1.0.0.202111181127/tools/bin/../lib/gcc/arm-none-eabi/10.3.1/thumb/v6-m/nofp\libgcc.a
LOAD c:/st/stm32cubeide_1.9.0/stm32cubeide/plugins/com.st.stm32cube.ide.mcu.externaltools.gnu-tools-for-stm32.10.3-2021.10.win32_1.0.0.202111181127/tools/bin/../lib/gcc/arm-none-eabi/10.3.1/../../../../arm-none-eabi/lib/thumb/v6-m/nofp\libc.a
END GROUP
START GROUP
LOAD c:/st/stm32cubeide_1.9.0/stm32cubeide/plugins/com.st.stm32cube.ide.mcu.externaltools.gnu-tools-for-stm32.10.3-2021.10.win32_1.0.0.202111181127/tools/bin/../lib/gcc/arm-none-eabi/10.3.1/thumb/v6-m/nofp\libgcc.a
LOAD c:/st/stm32cubeide_1.9.0/stm32cubeide/plugins/com.st.stm32cube.ide.mcu.externaltools.gnu-tools-for-stm32.10.3-2021.10.win32_1.0.0.202111181127/tools/bin/../lib/gcc/arm-none-eabi/10.3.1/../../../../arm-none-eabi/lib/thumb/v6-m/nofp\libc.a
LOAD c:/st/stm32cubeide_1.9.0/stm32cubeide/plugins/com.st.stm32cube.ide.mcu.externaltools.gnu-tools-for-stm32.10.3-2021.10.win32_1.0.0.202111181127/tools/bin/../lib/gcc/arm-none-eabi/10.3.1/../../../../arm-none-eabi/lib/thumb/v6-m/nofp\libnosys.a
END GROUP
LOAD c:/st/stm32cubeide_1.9.0/stm32cubeide/plugins/com.st.stm32cube.ide.mcu.externaltools.gnu-tools-for-stm32.10.3-2021.10.win32_1.0.0.202111181127/tools/bin/../lib/gcc/arm-none-eabi/10.3.1/thumb/v6-m/nofp/crtend.o
LOAD c:/st/stm32cubeide_1.9.0/stm32cubeide/plugins/com.st.stm32cube.ide.mcu.externaltools.gnu-tools-for-stm32.10.3-2021.10.win32_1.0.0.202111181127/tools/bin/../lib/gcc/arm-none-eabi/10.3.1/thumb/v6-m/nofp/crtn.o
                0x0000000020008000                _estack = 0x20008000
                0x0000000000000200                _Min_Heap_Size = 0x200
                0x0000000000000400                _Min_Stack_Size = 0x400

.isr_vector     0x0000000008000000       0xbc
                0x0000000008000000                . = ALIGN (0x4)
 *(.isr_vector)
 .isr_vector    0x0000000008000000       0xbc ./H0FR6/startup_stm32f091xc.o
                0x0000000008000000                g_pfnVectors
                0x00000000080000bc                . = ALIGN (0x4)

.text           0x00000000080000bc    0x19bf0
                0x00000000080000bc                . = ALIGN (0x4)
 *(.text)
 .text          0x00000000080000bc       0x48 c:/st/stm32cubeide_1.9.0/stm32cubeide/plugins/com.st.stm32cube.ide.mcu.externaltools.gnu-tools-for-stm32.10.3-2021.10.win32_1.0.0.202111181127/tools/bin/../lib/gcc/arm-none-eabi/10.3.1/thumb/v6-m/nofp/crtbegin.o
 .text          0x0000000008000104       0x14 c:/st/stm32cubeide_1.9.0/stm32cubeide/plugins/com.st.stm32cube.ide.mcu.externaltools.gnu-tools-for-stm32.10.3-2021.10.win32_1.0.0.202111181127/tools/bin/../lib/gcc/arm-none-eabi/10.3.1/../../../../arm-none-eabi/lib/thumb/v6-m/nofp\libc.a(lib_a-strcmp.o)
                0x0000000008000104                strcmp
 .text          0x0000000008000118        0xe c:/st/stm32cubeide_1.9.0/stm32cubeide/plugins/com.st.stm32cube.ide.mcu.externaltools.gnu-tools-for-stm32.10.3-2021.10.win32_1.0.0.202111181127/tools/bin/../lib/gcc/arm-none-eabi/10.3.1/../../../../arm-none-eabi/lib/thumb/v6-m/nofp\libc.a(lib_a-strlen.o)
                0x0000000008000118                strlen
 *fill*         0x0000000008000126        0x2 
 .text          0x0000000008000128       0x14 c:/st/stm32cubeide_1.9.0/stm32cubeide/plugins/com.st.stm32cube.ide.mcu.externaltools.gnu-tools-for-stm32.10.3-2021.10.win32_1.0.0.202111181127/tools/bin/../lib/gcc/arm-none-eabi/10.3.1/thumb/v6-m/nofp\libgcc.a(_thumb1_case_uqi.o)
                0x0000000008000128                __gnu_thumb1_case_uqi
 .text          0x000000000800013c       0x14 c:/st/stm32cubeide_1.9.0/stm32cubeide/plugins/com.st.stm32cube.ide.mcu.externaltools.gnu-tools-for-stm32.10.3-2021.10.win32_1.0.0.202111181127/tools/bin/../lib/gcc/arm-none-eabi/10.3.1/thumb/v6-m/nofp\libgcc.a(_thumb1_case_uhi.o)
                0x000000000800013c                __gnu_thumb1_case_uhi
 .text          0x0000000008000150      0x114 c:/st/stm32cubeide_1.9.0/stm32cubeide/plugins/com.st.stm32cube.ide.mcu.externaltools.gnu-tools-for-stm32.10.3-2021.10.win32_1.0.0.202111181127/tools/bin/../lib/gcc/arm-none-eabi/10.3.1/thumb/v6-m/nofp\libgcc.a(_udivsi3.o)
                0x0000000008000150                __aeabi_uidiv
                0x0000000008000150                __udivsi3
                0x000000000800025c                __aeabi_uidivmod
 .text          0x0000000008000264      0x1d4 c:/st/stm32cubeide_1.9.0/stm32cubeide/plugins/com.st.stm32cube.ide.mcu.externaltools.gnu-tools-for-stm32.10.3-2021.10.win32_1.0.0.202111181127/tools/bin/../lib/gcc/arm-none-eabi/10.3.1/thumb/v6-m/nofp\libgcc.a(_divsi3.o)
                0x0000000008000264                __divsi3
                0x0000000008000264                __aeabi_idiv
                0x0000000008000430                __aeabi_idivmod
 .text          0x0000000008000438        0x4 c:/st/stm32cubeide_1.9.0/stm32cubeide/plugins/com.st.stm32cube.ide.mcu.externaltools.gnu-tools-for-stm32.10.3-2021.10.win32_1.0.0.202111181127/tools/bin/../lib/gcc/arm-none-eabi/10.3.1/thumb/v6-m/nofp\libgcc.a(_dvmd_tls.o)
                0x0000000008000438                __aeabi_idiv0
                0x0000000008000438                __aeabi_ldiv0
 .text          0x000000000800043c       0x7c c:/st/stm32cubeide_1.9.0/stm32cubeide/plugins/com.st.stm32cube.ide.mcu.externaltools.gnu-tools-for-stm32.10.3-2021.10.win32_1.0.0.202111181127/tools/bin/../lib/gcc/arm-none-eabi/10.3.1/thumb/v6-m/nofp\libgcc.a(_arm_cmpdf2.o)
                0x000000000800043c                __aeabi_cdrcmple
                0x000000000800044c                __aeabi_cdcmple
                0x000000000800044c                __aeabi_cdcmpeq
                0x000000000800045c                __aeabi_dcmpeq
                0x0000000008000468                __aeabi_dcmplt
                0x000000000800047c                __aeabi_dcmple
                0x0000000008000490                __aeabi_dcmpgt
                0x00000000080004a4                __aeabi_dcmpge
 .text          0x00000000080004b8       0x74 c:/st/stm32cubeide_1.9.0/stm32cubeide/plugins/com.st.stm32cube.ide.mcu.externaltools.gnu-tools-for-stm32.10.3-2021.10.win32_1.0.0.202111181127/tools/bin/../lib/gcc/arm-none-eabi/10.3.1/thumb/v6-m/nofp\libgcc.a(_arm_cmpsf2.o)
                0x00000000080004b8                __aeabi_cfrcmple
                0x00000000080004c0                __aeabi_cfcmpeq
                0x00000000080004c0                __aeabi_cfcmple
                0x00000000080004d0                __aeabi_fcmpeq
                0x00000000080004dc                __aeabi_fcmplt
                0x00000000080004f0                __aeabi_fcmple
                0x0000000008000504                __aeabi_fcmpgt
                0x0000000008000518                __aeabi_fcmpge
 .text          0x000000000800052c       0x40 c:/st/stm32cubeide_1.9.0/stm32cubeide/plugins/com.st.stm32cube.ide.mcu.externaltools.gnu-tools-for-stm32.10.3-2021.10.win32_1.0.0.202111181127/tools/bin/../lib/gcc/arm-none-eabi/10.3.1/thumb/v6-m/nofp\libgcc.a(_aeabi_uldivmod.o)
                0x000000000800052c                __aeabi_uldivmod
 .text          0x000000000800056c       0x5c c:/st/stm32cubeide_1.9.0/stm32cubeide/plugins/com.st.stm32cube.ide.mcu.externaltools.gnu-tools-for-stm32.10.3-2021.10.win32_1.0.0.202111181127/tools/bin/../lib/gcc/arm-none-eabi/10.3.1/thumb/v6-m/nofp\libgcc.a(_muldi3.o)
                0x000000000800056c                __muldi3
                0x000000000800056c                __aeabi_lmul
 .text          0x00000000080005c8       0x30 c:/st/stm32cubeide_1.9.0/stm32cubeide/plugins/com.st.stm32cube.ide.mcu.externaltools.gnu-tools-for-stm32.10.3-2021.10.win32_1.0.0.202111181127/tools/bin/../lib/gcc/arm-none-eabi/10.3.1/thumb/v6-m/nofp\libgcc.a(_fixunssfsi.o)
                0x00000000080005c8                __fixunssfsi
                0x00000000080005c8                __aeabi_f2uiz
 .text          0x00000000080005f8       0x3c c:/st/stm32cubeide_1.9.0/stm32cubeide/plugins/com.st.stm32cube.ide.mcu.externaltools.gnu-tools-for-stm32.10.3-2021.10.win32_1.0.0.202111181127/tools/bin/../lib/gcc/arm-none-eabi/10.3.1/thumb/v6-m/nofp\libgcc.a(_fixunsdfsi.o)
                0x00000000080005f8                __aeabi_d2uiz
                0x00000000080005f8                __fixunsdfsi
 .text          0x0000000008000634       0x3c c:/st/stm32cubeide_1.9.0/stm32cubeide/plugins/com.st.stm32cube.ide.mcu.externaltools.gnu-tools-for-stm32.10.3-2021.10.win32_1.0.0.202111181127/tools/bin/../lib/gcc/arm-none-eabi/10.3.1/thumb/v6-m/nofp\libgcc.a(_fixdfdi.o)
                0x0000000008000634                __fixdfdi
                0x0000000008000634                __aeabi_d2lz
 .text          0x0000000008000670       0x3c c:/st/stm32cubeide_1.9.0/stm32cubeide/plugins/com.st.stm32cube.ide.mcu.externaltools.gnu-tools-for-stm32.10.3-2021.10.win32_1.0.0.202111181127/tools/bin/../lib/gcc/arm-none-eabi/10.3.1/thumb/v6-m/nofp\libgcc.a(_fixunsdfdi.o)
                0x0000000008000670                __fixunsdfdi
                0x0000000008000670                __aeabi_d2ulz
 .text          0x00000000080006ac       0x2c c:/st/stm32cubeide_1.9.0/stm32cubeide/plugins/com.st.stm32cube.ide.mcu.externaltools.gnu-tools-for-stm32.10.3-2021.10.win32_1.0.0.202111181127/tools/bin/../lib/gcc/arm-none-eabi/10.3.1/thumb/v6-m/nofp\libgcc.a(_floatdidf.o)
                0x00000000080006ac                __aeabi_l2d
                0x00000000080006ac                __floatdidf
 .text          0x00000000080006d8      0x198 c:/st/stm32cubeide_1.9.0/stm32cubeide/plugins/com.st.stm32cube.ide.mcu.externaltools.gnu-tools-for-stm32.10.3-2021.10.win32_1.0.0.202111181127/tools/bin/../lib/gcc/arm-none-eabi/10.3.1/thumb/v6-m/nofp\libgcc.a(_udivmoddi4.o)
                0x00000000080006d8                __udivmoddi4
 .text          0x0000000008000870      0x230 c:/st/stm32cubeide_1.9.0/stm32cubeide/plugins/com.st.stm32cube.ide.mcu.externaltools.gnu-tools-for-stm32.10.3-2021.10.win32_1.0.0.202111181127/tools/bin/../lib/gcc/arm-none-eabi/10.3.1/thumb/v6-m/nofp\libgcc.a(divsf3.o)
                0x0000000008000870                __aeabi_fdiv
 .text          0x0000000008000aa0       0x4c c:/st/stm32cubeide_1.9.0/stm32cubeide/plugins/com.st.stm32cube.ide.mcu.externaltools.gnu-tools-for-stm32.10.3-2021.10.win32_1.0.0.202111181127/tools/bin/../lib/gcc/arm-none-eabi/10.3.1/thumb/v6-m/nofp\libgcc.a(eqsf2.o)
                0x0000000008000aa0                __eqsf2
                0x0000000008000aa0                __nesf2
 .text          0x0000000008000aec       0x8c c:/st/stm32cubeide_1.9.0/stm32cubeide/plugins/com.st.stm32cube.ide.mcu.externaltools.gnu-tools-for-stm32.10.3-2021.10.win32_1.0.0.202111181127/tools/bin/../lib/gcc/arm-none-eabi/10.3.1/thumb/v6-m/nofp\libgcc.a(gesf2.o)
                0x0000000008000aec                __gesf2
                0x0000000008000aec                __gtsf2
 .text          0x0000000008000b78       0x88 c:/st/stm32cubeide_1.9.0/stm32cubeide/plugins/com.st.stm32cube.ide.mcu.externaltools.gnu-tools-for-stm32.10.3-2021.10.win32_1.0.0.202111181127/tools/bin/../lib/gcc/arm-none-eabi/10.3.1/thumb/v6-m/nofp\libgcc.a(lesf2.o)
                0x0000000008000b78                __ltsf2
                0x0000000008000b78                __lesf2
 .text          0x0000000008000c00      0x24c c:/st/stm32cubeide_1.9.0/stm32cubeide/plugins/com.st.stm32cube.ide.mcu.externaltools.gnu-tools-for-stm32.10.3-2021.10.win32_1.0.0.202111181127/tools/bin/../lib/gcc/arm-none-eabi/10.3.1/thumb/v6-m/nofp\libgcc.a(mulsf3.o)
                0x0000000008000c00                __aeabi_fmul
 .text          0x0000000008000e4c      0x35c c:/st/stm32cubeide_1.9.0/stm32cubeide/plugins/com.st.stm32cube.ide.mcu.externaltools.gnu-tools-for-stm32.10.3-2021.10.win32_1.0.0.202111181127/tools/bin/../lib/gcc/arm-none-eabi/10.3.1/thumb/v6-m/nofp\libgcc.a(subsf3.o)
                0x0000000008000e4c                __aeabi_fsub
 .text          0x00000000080011a8       0x40 c:/st/stm32cubeide_1.9.0/stm32cubeide/plugins/com.st.stm32cube.ide.mcu.externaltools.gnu-tools-for-stm32.10.3-2021.10.win32_1.0.0.202111181127/tools/bin/../lib/gcc/arm-none-eabi/10.3.1/thumb/v6-m/nofp\libgcc.a(fixsfsi.o)
                0x00000000080011a8                __aeabi_f2iz
 .text          0x00000000080011e8       0x84 c:/st/stm32cubeide_1.9.0/stm32cubeide/plugins/com.st.stm32cube.ide.mcu.externaltools.gnu-tools-for-stm32.10.3-2021.10.win32_1.0.0.202111181127/tools/bin/../lib/gcc/arm-none-eabi/10.3.1/thumb/v6-m/nofp\libgcc.a(floatunsisf.o)
                0x00000000080011e8                __aeabi_ui2f
 .text          0x000000000800126c      0x678 c:/st/stm32cubeide_1.9.0/stm32cubeide/plugins/com.st.stm32cube.ide.mcu.externaltools.gnu-tools-for-stm32.10.3-2021.10.win32_1.0.0.202111181127/tools/bin/../lib/gcc/arm-none-eabi/10.3.1/thumb/v6-m/nofp\libgcc.a(adddf3.o)
                0x000000000800126c                __aeabi_dadd
 .text          0x00000000080018e4      0x5ec c:/st/stm32cubeide_1.9.0/stm32cubeide/plugins/com.st.stm32cube.ide.mcu.externaltools.gnu-tools-for-stm32.10.3-2021.10.win32_1.0.0.202111181127/tools/bin/../lib/gcc/arm-none-eabi/10.3.1/thumb/v6-m/nofp\libgcc.a(divdf3.o)
                0x00000000080018e4                __aeabi_ddiv
 .text          0x0000000008001ed0       0x84 c:/st/stm32cubeide_1.9.0/stm32cubeide/plugins/com.st.stm32cube.ide.mcu.externaltools.gnu-tools-for-stm32.10.3-2021.10.win32_1.0.0.202111181127/tools/bin/../lib/gcc/arm-none-eabi/10.3.1/thumb/v6-m/nofp\libgcc.a(eqdf2.o)
                0x0000000008001ed0                __nedf2
                0x0000000008001ed0                __eqdf2
 .text          0x0000000008001f54       0xcc c:/st/stm32cubeide_1.9.0/stm32cubeide/plugins/com.st.stm32cube.ide.mcu.externaltools.gnu-tools-for-stm32.10.3-2021.10.win32_1.0.0.202111181127/tools/bin/../lib/gcc/arm-none-eabi/10.3.1/thumb/v6-m/nofp\libgcc.a(gedf2.o)
                0x0000000008001f54                __gedf2
                0x0000000008001f54                __gtdf2
 .text          0x0000000008002020       0xc8 c:/st/stm32cubeide_1.9.0/stm32cubeide/plugins/com.st.stm32cube.ide.mcu.externaltools.gnu-tools-for-stm32.10.3-2021.10.win32_1.0.0.202111181127/tools/bin/../lib/gcc/arm-none-eabi/10.3.1/thumb/v6-m/nofp\libgcc.a(ledf2.o)
                0x0000000008002020                __ledf2
                0x0000000008002020                __ltdf2
 .text          0x00000000080020e8      0x4d8 c:/st/stm32cubeide_1.9.0/stm32cubeide/plugins/com.st.stm32cube.ide.mcu.externaltools.gnu-tools-for-stm32.10.3-2021.10.win32_1.0.0.202111181127/tools/bin/../lib/gcc/arm-none-eabi/10.3.1/thumb/v6-m/nofp\libgcc.a(muldf3.o)
                0x00000000080020e8                __aeabi_dmul
 .text          0x00000000080025c0      0x724 c:/st/stm32cubeide_1.9.0/stm32cubeide/plugins/com.st.stm32cube.ide.mcu.externaltools.gnu-tools-for-stm32.10.3-2021.10.win32_1.0.0.202111181127/tools/bin/../lib/gcc/arm-none-eabi/10.3.1/thumb/v6-m/nofp\libgcc.a(subdf3.o)
                0x00000000080025c0                __aeabi_dsub
 .text          0x0000000008002ce4       0x3c c:/st/stm32cubeide_1.9.0/stm32cubeide/plugins/com.st.stm32cube.ide.mcu.externaltools.gnu-tools-for-stm32.10.3-2021.10.win32_1.0.0.202111181127/tools/bin/../lib/gcc/arm-none-eabi/10.3.1/thumb/v6-m/nofp\libgcc.a(unorddf2.o)
                0x0000000008002ce4                __aeabi_dcmpun
 .text          0x0000000008002d20       0x6c c:/st/stm32cubeide_1.9.0/stm32cubeide/plugins/com.st.stm32cube.ide.mcu.externaltools.gnu-tools-for-stm32.10.3-2021.10.win32_1.0.0.202111181127/tools/bin/../lib/gcc/arm-none-eabi/10.3.1/thumb/v6-m/nofp\libgcc.a(fixdfsi.o)
                0x0000000008002d20                __aeabi_d2iz
 .text          0x0000000008002d8c       0x60 c:/st/stm32cubeide_1.9.0/stm32cubeide/plugins/com.st.stm32cube.ide.mcu.externaltools.gnu-tools-for-stm32.10.3-2021.10.win32_1.0.0.202111181127/tools/bin/../lib/gcc/arm-none-eabi/10.3.1/thumb/v6-m/nofp\libgcc.a(floatsidf.o)
                0x0000000008002d8c                __aeabi_i2d
 .text          0x0000000008002dec       0x4c c:/st/stm32cubeide_1.9.0/stm32cubeide/plugins/com.st.stm32cube.ide.mcu.externaltools.gnu-tools-for-stm32.10.3-2021.10.win32_1.0.0.202111181127/tools/bin/../lib/gcc/arm-none-eabi/10.3.1/thumb/v6-m/nofp\libgcc.a(floatunsidf.o)
                0x0000000008002dec                __aeabi_ui2d
 .text          0x0000000008002e38       0x90 c:/st/stm32cubeide_1.9.0/stm32cubeide/plugins/com.st.stm32cube.ide.mcu.externaltools.gnu-tools-for-stm32.10.3-2021.10.win32_1.0.0.202111181127/tools/bin/../lib/gcc/arm-none-eabi/10.3.1/thumb/v6-m/nofp\libgcc.a(extendsfdf2.o)
                0x0000000008002e38                __aeabi_f2d
 .text          0x0000000008002ec8      0x110 c:/st/stm32cubeide_1.9.0/stm32cubeide/plugins/com.st.stm32cube.ide.mcu.externaltools.gnu-tools-for-stm32.10.3-2021.10.win32_1.0.0.202111181127/tools/bin/../lib/gcc/arm-none-eabi/10.3.1/thumb/v6-m/nofp\libgcc.a(truncdfsf2.o)
                0x0000000008002ec8                __aeabi_d2f
 .text          0x0000000008002fd8       0x3c c:/st/stm32cubeide_1.9.0/stm32cubeide/plugins/com.st.stm32cube.ide.mcu.externaltools.gnu-tools-for-stm32.10.3-2021.10.win32_1.0.0.202111181127/tools/bin/../lib/gcc/arm-none-eabi/10.3.1/thumb/v6-m/nofp\libgcc.a(_clzsi2.o)
                0x0000000008002fd8                __clzsi2
 .text          0x0000000008003014       0x18 c:/st/stm32cubeide_1.9.0/stm32cubeide/plugins/com.st.stm32cube.ide.mcu.externaltools.gnu-tools-for-stm32.10.3-2021.10.win32_1.0.0.202111181127/tools/bin/../lib/gcc/arm-none-eabi/10.3.1/thumb/v6-m/nofp\libgcc.a(_clzdi2.o)
                0x0000000008003014                __clzdi2
 *(.text*)
 .text.Processor_type
                0x000000000800302c       0x18 ./BOS/BOS.o
                0x000000000800302c                Processor_type
 .text.Send_BOS_Message
                0x0000000008003044       0x9c ./BOS/BOS.o
                0x0000000008003044                Send_BOS_Message
 .text.LoadROtopology
                0x00000000080030e0       0xa0 ./BOS/BOS.o
                0x00000000080030e0                LoadROtopology
 .text.LoadEEalias
                0x0000000008003180       0x88 ./BOS/BOS.o
                0x0000000008003180                LoadEEalias
 .text.LoadEEgroup
                0x0000000008003208       0xa8 ./BOS/BOS.o
                0x0000000008003208                LoadEEgroup
 .text.LoadEEstreams
                0x00000000080032b0      0x11c ./BOS/BOS.o
                0x00000000080032b0                LoadEEstreams
 .text.LoadEEparams
                0x00000000080033cc      0x164 ./BOS/BOS.o
                0x00000000080033cc                LoadEEparams
 .text.LoadEEbuttons
                0x0000000008003530       0xf8 ./BOS/BOS.o
                0x0000000008003530                LoadEEbuttons
 .text.LoadROsnippets
                0x0000000008003628      0x100 ./BOS/BOS.o
                0x0000000008003628                LoadROsnippets
 .text.LoadEEvars
                0x0000000008003728       0x4c ./BOS/BOS.o
                0x0000000008003728                LoadEEvars
 .text.SaveEEportsDir
                0x0000000008003774       0x50 ./BOS/BOS.o
                0x0000000008003774                SaveEEportsDir
 .text.SaveEEalias
                0x00000000080037c4       0x88 ./BOS/BOS.o
                0x00000000080037c4                SaveEEalias
 .text.SaveEEstreams
                0x000000000800384c       0x94 ./BOS/BOS.o
                0x000000000800384c                SaveEEstreams
 .text.SaveEEparams
                0x00000000080038e0       0x8c ./BOS/BOS.o
                0x00000000080038e0                SaveEEparams
 .text.ClearEEportsDir
                0x000000000800396c       0x58 ./BOS/BOS.o
                0x000000000800396c                ClearEEportsDir
 .text.IsLowerCLIbaud
                0x00000000080039c4       0x9c ./BOS/BOS.o
                0x00000000080039c4                IsLowerCLIbaud
 .text.IsModuleParameter
                0x0000000008003a60       0x18 ./BOS/BOS.o
                0x0000000008003a60                IsModuleParameter
 .text.IsMathOperator
                0x0000000008003a78       0x84 ./BOS/BOS.o
                0x0000000008003a78                IsMathOperator
 .text.BOS_Init
                0x0000000008003afc      0x128 ./BOS/BOS.o
                0x0000000008003afc                BOS_Init
 .text.Module_Init
                0x0000000008003c24       0x18 ./BOS/BOS.o
                0x0000000008003c24                Module_Init
 .text.ExploreNeighbors
                0x0000000008003c3c       0x58 ./BOS/BOS.o
                0x0000000008003c3c                ExploreNeighbors
 .text.FindBroadcastRoutes
                0x0000000008003c94      0x148 ./BOS/BOS.o
                0x0000000008003c94                FindBroadcastRoutes
 .text.FindRoute
                0x0000000008003ddc      0x1e0 ./BOS/BOS.o
                0x0000000008003ddc                FindRoute
 .text.DisplayTopology
                0x0000000008003fbc      0x1a8 ./BOS/BOS.o
                0x0000000008003fbc                DisplayTopology
 .text.DisplayPortsDir
                0x0000000008004164      0x100 ./BOS/BOS.o
                0x0000000008004164                DisplayPortsDir
 .text.DisplayModuleStatus
                0x0000000008004264      0x2f4 ./BOS/BOS.o
                0x0000000008004264                DisplayModuleStatus
 .text.GetID    0x0000000008004558       0xc4 ./BOS/BOS.o
                0x0000000008004558                GetID
 .text.NameModule
                0x000000000800461c       0xcc ./BOS/BOS.o
                0x000000000800461c                NameModule
 .text.AddModuleToGroup
                0x00000000080046e8      0x114 ./BOS/BOS.o
                0x00000000080046e8                AddModuleToGroup
 .text.WriteToRemote
                0x00000000080047fc      0x26c ./BOS/BOS.o
                0x00000000080047fc                WriteToRemote
 .text.GetDateString
                0x0000000008004a68       0x44 ./BOS/BOS.o
                0x0000000008004a68                GetDateString
 .text.Bridge   0x0000000008004aac       0x28 ./BOS/BOS.o
                0x0000000008004aac                Bridge
 .text.Unbridge
                0x0000000008004ad4       0x94 ./BOS/BOS.o
                0x0000000008004ad4                Unbridge
 .text.AddSnippet.part.0
                0x0000000008004b68       0xa4 ./BOS/BOS_CLI.o
 .text.ParseSnippetCondition
                0x0000000008004c0c      0x3ac ./BOS/BOS_CLI.o
                0x0000000008004c0c                ParseSnippetCondition
 .text.CLI_CommandParser
                0x0000000008004fb8      0x458 ./BOS/BOS_CLI.o
                0x0000000008004fb8                CLI_CommandParser
 .text.prvCLITask
                0x0000000008005410      0x1b8 ./BOS/BOS_CLI.o
                0x0000000008005410                prvCLITask
 .text.ParseSnippetCommand
                0x00000000080055c8       0x74 ./BOS/BOS_CLI.o
                0x00000000080055c8                ParseSnippetCommand
 .text.CheckSnippetCondition
                0x000000000800563c       0xcc ./BOS/BOS_CLI.o
                0x000000000800563c                CheckSnippetCondition
 .text.ExecuteSnippet
                0x0000000008005708       0xb0 ./BOS/BOS_CLI.o
                0x0000000008005708                ExecuteSnippet
 .text.exploreCommand
                0x00000000080057b8        0x4 ./BOS/BOS_CLIcommands.o
 .text.resetCommand
                0x00000000080057bc       0x1c ./BOS/BOS_CLIcommands.o
 .text.setBaudrateCommand
                0x00000000080057d8       0x78 ./BOS/BOS_CLIcommands.o
 .text.flashsizeCommand
                0x0000000008005850       0x18 ./BOS/BOS_CLIcommands.o
 .text.GetReadPrecentageCommand
                0x0000000008005868       0x58 ./BOS/BOS_CLIcommands.o
 .text.ReadVrefCommand
                0x00000000080058c0       0x38 ./BOS/BOS_CLIcommands.o
 .text.ReadTempCommand
                0x00000000080058f8       0x38 ./BOS/BOS_CLIcommands.o
 .text.ADCReadCommand
                0x0000000008005930       0xb0 ./BOS/BOS_CLIcommands.o
 .text.testportCommand
                0x00000000080059e0      0x1b0 ./BOS/BOS_CLIcommands.o
 .text.unbridgeCommand
                0x0000000008005b90       0xa8 ./BOS/BOS_CLIcommands.o
 .text.bridgeCommand
                0x0000000008005c38       0xa8 ./BOS/BOS_CLIcommands.o
 .text.delSnipCommand
                0x0000000008005ce0       0xe8 ./BOS/BOS_CLIcommands.o
 .text.pauseSnipCommand
                0x0000000008005dc8       0x68 ./BOS/BOS_CLIcommands.o
 .text.actSnipCommand
                0x0000000008005e30       0x6c ./BOS/BOS_CLIcommands.o
 .text.snipCommand
                0x0000000008005e9c      0x218 ./BOS/BOS_CLIcommands.o
 .text.idcodeCommand
                0x00000000080060b4       0xa0 ./BOS/BOS_CLIcommands.o
 .text.uuidCommand
                0x0000000008006154       0x64 ./BOS/BOS_CLIcommands.o
 .text.dateCommand
                0x00000000080061b8       0x20 ./BOS/BOS_CLIcommands.o
 .text.getCommand
                0x00000000080061d8      0x234 ./BOS/BOS_CLIcommands.o
 .text.defaultCommand
                0x000000000800640c       0xb4 ./BOS/BOS_CLIcommands.o
 .text.setCommand
                0x00000000080064c0      0x808 ./BOS/BOS_CLIcommands.o
 .text.removebuttonCommand
                0x0000000008006cc8       0x4c ./BOS/BOS_CLIcommands.o
 .text.addbuttonCommand
                0x0000000008006d14       0xcc ./BOS/BOS_CLIcommands.o
 .text.scastCommand
                0x0000000008006de0      0x190 ./BOS/BOS_CLIcommands.o
 .text.infoCommand
                0x0000000008006f70       0xf8 ./BOS/BOS_CLIcommands.o
 .text.statusCommand
                0x0000000008007068        0xc ./BOS/BOS_CLIcommands.o
 .text.groupCommand
                0x0000000008007074      0x1b4 ./BOS/BOS_CLIcommands.o
 .text.nameCommand
                0x0000000008007228       0x88 ./BOS/BOS_CLIcommands.o
 .text.pingCommand
                0x00000000080072b0       0x5c ./BOS/BOS_CLIcommands.o
 .text.prvRunTimeStatsCommand
                0x000000000800730c       0x1c ./BOS/BOS_CLIcommands.o
 .text.prvTaskStatsCommand
                0x0000000008007328       0x1c ./BOS/BOS_CLIcommands.o
 .text.timeCommand
                0x0000000008007344       0x74 ./BOS/BOS_CLIcommands.o
 .text.bootloaderUpdateCommand
                0x00000000080073b8      0x178 ./BOS/BOS_CLIcommands.o
 .text.RegisterUserCLICommands
                0x0000000008007530        0x4 ./BOS/BOS_CLIcommands.o
                0x0000000008007530                RegisterUserCLICommands
 .text.vRegisterCLICommands
                0x0000000008007534      0x134 ./BOS/BOS_CLIcommands.o
                0x0000000008007534                vRegisterCLICommands
 .text.StartDMAstream
                0x0000000008007668       0x58 ./BOS/BOS_dma.o
                0x0000000008007668                StartDMAstream
 .text.DMA_IRQHandler
                0x00000000080076c0       0x5c ./BOS/BOS_dma.o
                0x00000000080076c0                DMA_IRQHandler
 .text.ResetUartORE
                0x000000000800771c       0x38 ./BOS/BOS_dma.o
                0x000000000800771c                ResetUartORE
 .text.ExecuteMonitor.part.0
                0x0000000008007754      0x360 ./BOS/BOS_freertos.o
 .text.StartDefaultTask
                0x0000000008007ab4       0xa0 ./BOS/BOS_freertos.o
                0x0000000008007ab4                StartDefaultTask
 .text.MX_FREERTOS_Init
                0x0000000008007b54      0x1a4 ./BOS/BOS_freertos.o
                0x0000000008007b54                MX_FREERTOS_Init
 .text.vMainConfigureTimerForRunTimeStats
                0x0000000008007cf8       0x20 ./BOS/BOS_freertos.o
                0x0000000008007cf8                vMainConfigureTimerForRunTimeStats
 .text.ulMainGetRunTimeCounterValue
                0x0000000008007d18       0x4c ./BOS/BOS_freertos.o
                0x0000000008007d18                ulMainGetRunTimeCounterValue
 .text.StreamTimerCallback
                0x0000000008007d64       0x18 ./BOS/BOS_messaging.o
                0x0000000008007d64                StreamTimerCallback
 .text.SetupDMAStreams
                0x0000000008007d7c      0x19c ./BOS/BOS_messaging.o
                0x0000000008007d7c                SetupDMAStreams
 .text.NotifyMessagingTask
                0x0000000008007f18       0x48 ./BOS/BOS_messaging.o
                0x0000000008007f18                NotifyMessagingTask
 .text.SendMessageFromPort
                0x0000000008007f60       0x2c ./BOS/BOS_messaging.o
                0x0000000008007f60                SendMessageFromPort
 .text.SendMessageFromPort.part.0
                0x0000000008007f8c      0x3d8 ./BOS/BOS_messaging.o
 .text.BroadcastReceivedMessage
                0x0000000008008364       0x3c ./BOS/BOS_messaging.o
                0x0000000008008364                BroadcastReceivedMessage
 .text.BroadcastMessage
                0x00000000080083a0       0x4c ./BOS/BOS_messaging.o
                0x00000000080083a0                BroadcastMessage
 .text.ForwardReceivedMessage
                0x00000000080083ec       0x54 ./BOS/BOS_messaging.o
                0x00000000080083ec                ForwardReceivedMessage
 .text.SendMessageToModule
                0x0000000008008440       0x6c ./BOS/BOS_messaging.o
                0x0000000008008440                SendMessageToModule
 .text.StartScastDMAStream
                0x00000000080084ac      0x18c ./BOS/BOS_messaging.o
                0x00000000080084ac                StartScastDMAStream
 .text.BackEndTask
                0x0000000008008638      0x3a8 ./BOS/BOS_msgparser.o
                0x0000000008008638                BackEndTask
 .text.User_MessagingParser
                0x00000000080089e0        0x4 ./BOS/BOS_msgparser.o
                0x00000000080089e0                User_MessagingParser
 .text.PxMessagingTask
                0x00000000080089e4     0x1854 ./BOS/BOS_msgparser.o
                0x00000000080089e4                PxMessagingTask
 .text.ledModeCommand
                0x000000000800a238       0x98 ./H0FR6/H0FR6.o
                0x000000000800a238                ledModeCommand
 .text.SystemClock_Config
                0x000000000800a2d0       0xb0 ./H0FR6/H0FR6.o
                0x000000000800a2d0                SystemClock_Config
 .text.SaveToRO
                0x000000000800a380      0x208 ./H0FR6/H0FR6.o
                0x000000000800a380                SaveToRO
 .text.ClearROtopology
                0x000000000800a588       0x2c ./H0FR6/H0FR6.o
                0x000000000800a588                ClearROtopology
 .text.remoteBootloaderUpdate
                0x000000000800a5b4      0x110 ./H0FR6/H0FR6.o
                0x000000000800a5b4                remoteBootloaderUpdate
 .text.Module_Peripheral_Init
                0x000000000800a6c4       0x44 ./H0FR6/H0FR6.o
                0x000000000800a6c4                Module_Peripheral_Init
 .text.RegisterModuleCLICommands
                0x000000000800a708       0x30 ./H0FR6/H0FR6.o
                0x000000000800a708                RegisterModuleCLICommands
 .text.GetPort  0x000000000800a738       0x54 ./H0FR6/H0FR6.o
                0x000000000800a738                GetPort
 .text.TIM3_Init
                0x000000000800a78c       0xac ./H0FR6/H0FR6.o
                0x000000000800a78c                TIM3_Init
 .text.Output_on
                0x000000000800a838       0xc4 ./H0FR6/H0FR6.o
                0x000000000800a838                Output_on
 .text.onCommand
                0x000000000800a8fc       0x78 ./H0FR6/H0FR6.o
                0x000000000800a8fc                onCommand
 .text.Output_off
                0x000000000800a974       0x70 ./H0FR6/H0FR6.o
                0x000000000800a974                Output_off
 .text.SwitchTimerCallback
                0x000000000800a9e4        0x8 ./H0FR6/H0FR6.o
                0x000000000800a9e4                SwitchTimerCallback
 .text.offCommand
                0x000000000800a9ec       0x20 ./H0FR6/H0FR6.o
                0x000000000800a9ec                offCommand
 .text.Output_PWM
                0x000000000800aa0c       0x98 ./H0FR6/H0FR6.o
                0x000000000800aa0c                Output_PWM
 .text.Output_toggle
                0x000000000800aaa4       0x3c ./H0FR6/H0FR6.o
                0x000000000800aaa4                Output_toggle
 .text.Module_MessagingTask
                0x000000000800aae0       0x94 ./H0FR6/H0FR6.o
                0x000000000800aae0                Module_MessagingTask
 .text.pwmCommand
                0x000000000800ab74       0x74 ./H0FR6/H0FR6.o
                0x000000000800ab74                pwmCommand
 .text.toggleCommand
                0x000000000800abe8       0x68 ./H0FR6/H0FR6.o
                0x000000000800abe8                toggleCommand
 .text.DMA_Init
                0x000000000800ac50      0x188 ./H0FR6/H0FR6_dma.o
                0x000000000800ac50                DMA_Init
 .text.StopStreamDMA
                0x000000000800add8       0x30 ./H0FR6/H0FR6_dma.o
                0x000000000800add8                StopStreamDMA
 .text.SwitchMsgDMAToStream
                0x000000000800ae08       0x40 ./H0FR6/H0FR6_dma.o
                0x000000000800ae08                SwitchMsgDMAToStream
 .text.SetupDMAInterrupts
                0x000000000800ae48       0xbc ./H0FR6/H0FR6_dma.o
                0x000000000800ae48                SetupDMAInterrupts
 .text.UnSetupDMAInterrupts
                0x000000000800af04       0xa4 ./H0FR6/H0FR6_dma.o
                0x000000000800af04                UnSetupDMAInterrupts
 .text.DMA_MSG_TX_UnSetup
                0x000000000800afa8       0x14 ./H0FR6/H0FR6_dma.o
                0x000000000800afa8                DMA_MSG_TX_UnSetup
 .text.RemapAndLinkDMAtoUARTRx
                0x000000000800afbc      0x5f0 ./H0FR6/H0FR6_dma.o
                0x000000000800afbc                RemapAndLinkDMAtoUARTRx
 .text.DMA_STREAM_Setup
                0x000000000800b5ac       0x40 ./H0FR6/H0FR6_dma.o
                0x000000000800b5ac                DMA_STREAM_Setup
 .text.SwitchStreamDMAToMsg
                0x000000000800b5ec       0xbc ./H0FR6/H0FR6_dma.o
                0x000000000800b5ec                SwitchStreamDMAToMsg
 .text.SetupMessagingRxDMAs
                0x000000000800b6a8      0x138 ./H0FR6/H0FR6_dma.o
                0x000000000800b6a8                SetupMessagingRxDMAs
 .text.CRC_Init
                0x000000000800b7e0       0x28 ./H0FR6/H0FR6_dma.o
                0x000000000800b7e0                CRC_Init
 .text.HAL_CRC_MspInit
                0x000000000800b808       0x1c ./H0FR6/H0FR6_dma.o
                0x000000000800b808                HAL_CRC_MspInit
 .text.CalculateCRC8
                0x000000000800b824       0x8c ./H0FR6/H0FR6_dma.o
                0x000000000800b824                CalculateCRC8
 .text.EE_VerifyPageFullWriteVariable
                0x000000000800b8b0       0xbc ./H0FR6/H0FR6_eeprom.o
 .text.EE_ReadVariable
                0x000000000800b96c       0x58 ./H0FR6/H0FR6_eeprom.o
                0x000000000800b96c                EE_ReadVariable
 .text.EE_WriteVariable
                0x000000000800b9c4      0x128 ./H0FR6/H0FR6_eeprom.o
                0x000000000800b9c4                EE_WriteVariable
 .text.EE_Format
                0x000000000800baec       0xa0 ./H0FR6/H0FR6_eeprom.o
                0x000000000800baec                EE_Format
 .text.EE_Init  0x000000000800bb8c      0x2c0 ./H0FR6/H0FR6_eeprom.o
                0x000000000800bb8c                EE_Init
 .text.EraseSector
                0x000000000800be4c       0x30 ./H0FR6/H0FR6_eeprom.o
                0x000000000800be4c                EraseSector
 .text.GPIO_Init
                0x000000000800be7c       0x88 ./H0FR6/H0FR6_gpio.o
                0x000000000800be7c                GPIO_Init
 .text.Switch_Init
                0x000000000800bf04       0x24 ./H0FR6/H0FR6_gpio.o
                0x000000000800bf04                Switch_Init
 .text.GetPortGPIOs
                0x000000000800bf28       0xb8 ./H0FR6/H0FR6_gpio.o
                0x000000000800bf28                GetPortGPIOs
 .text.IsFactoryReset
                0x000000000800bfe0       0xf0 ./H0FR6/H0FR6_gpio.o
                0x000000000800bfe0                IsFactoryReset
 .text.buttonPressedCallback
                0x000000000800c0d0        0x4 ./H0FR6/H0FR6_inputs.o
                0x000000000800c0d0                buttonPressedCallback
 .text.CheckForTimedButtonPress
                0x000000000800c0d4       0x54 ./H0FR6/H0FR6_inputs.o
                0x000000000800c0d4                CheckForTimedButtonPress
 .text.CheckForTimedButtonRelease
                0x000000000800c128       0x54 ./H0FR6/H0FR6_inputs.o
                0x000000000800c128                CheckForTimedButtonRelease
 .text.AddPortButton
                0x000000000800c17c       0xf4 ./H0FR6/H0FR6_inputs.o
                0x000000000800c17c                AddPortButton
 .text.RemovePortButton
                0x000000000800c270      0x118 ./H0FR6/H0FR6_inputs.o
                0x000000000800c270                RemovePortButton
 .text.SetButtonEvents
                0x000000000800c388      0x1cc ./H0FR6/H0FR6_inputs.o
                0x000000000800c388                SetButtonEvents
 .text.MX_ADC_Init
                0x000000000800c554       0x68 ./H0FR6/H0FR6_inputs.o
                0x000000000800c554                MX_ADC_Init
 .text.HAL_ADC_MspInit
                0x000000000800c5bc       0x60 ./H0FR6/H0FR6_inputs.o
                0x000000000800c5bc                HAL_ADC_MspInit
 .text.ReadTempAndVref
                0x000000000800c61c      0x198 ./H0FR6/H0FR6_inputs.o
                0x000000000800c61c                ReadTempAndVref
 .text.GetReadPrecentage
                0x000000000800c7b4      0x184 ./H0FR6/H0FR6_inputs.o
                0x000000000800c7b4                GetReadPrecentage
 .text.Get_Rank
                0x000000000800c938       0x64 ./H0FR6/H0FR6_inputs.o
                0x000000000800c938                Get_Rank
 .text.ADCSelectChannel
                0x000000000800c99c       0x9c ./H0FR6/H0FR6_inputs.o
                0x000000000800c99c                ADCSelectChannel
 .text.ReadADCChannel
                0x000000000800ca38      0x120 ./H0FR6/H0FR6_inputs.o
                0x000000000800ca38                ReadADCChannel
 .text.buttonReleasedCallback
                0x000000000800cb58        0x4 ./H0FR6/H0FR6_inputs.o
                0x000000000800cb58                buttonReleasedCallback
 .text.buttonClickedCallback
                0x000000000800cb5c        0x4 ./H0FR6/H0FR6_inputs.o
                0x000000000800cb5c                buttonClickedCallback
 .text.buttonDblClickedCallback
                0x000000000800cb60        0x4 ./H0FR6/H0FR6_inputs.o
                0x000000000800cb60                buttonDblClickedCallback
 .text.buttonPressedForXCallback
                0x000000000800cb64        0x4 ./H0FR6/H0FR6_inputs.o
                0x000000000800cb64                buttonPressedForXCallback
 .text.buttonReleasedForYCallback
                0x000000000800cb68        0x4 ./H0FR6/H0FR6_inputs.o
                0x000000000800cb68                buttonReleasedForYCallback
 .text.CheckAttachedButtons
                0x000000000800cb6c      0x474 ./H0FR6/H0FR6_inputs.o
                0x000000000800cb6c                CheckAttachedButtons
 .text.NVIC_SystemReset
                0x000000000800cfe0       0x1c ./H0FR6/H0FR6_it.o
 .text.SysTick_Handler
                0x000000000800cffc        0xc ./H0FR6/H0FR6_it.o
                0x000000000800cffc                SysTick_Handler
 .text.HardFault_Handler
                0x000000000800d008       0x38 ./H0FR6/H0FR6_it.o
                0x000000000800d008                HardFault_Handler
 .text.USART1_IRQHandler
                0x000000000800d040       0x10 ./H0FR6/H0FR6_it.o
                0x000000000800d040                USART1_IRQHandler
 .text.USART2_IRQHandler
                0x000000000800d050       0x10 ./H0FR6/H0FR6_it.o
                0x000000000800d050                USART2_IRQHandler
 .text.USART3_8_IRQHandler
                0x000000000800d060       0x24 ./H0FR6/H0FR6_it.o
                0x000000000800d060                USART3_8_IRQHandler
 .text.DMA1_Ch2_3_DMA2_Ch1_2_IRQHandler
                0x000000000800d084       0x40 ./H0FR6/H0FR6_it.o
                0x000000000800d084                DMA1_Ch2_3_DMA2_Ch1_2_IRQHandler
 .text.DMA1_Ch4_7_DMA2_Ch3_5_IRQHandler
                0x000000000800d0c4       0x5c ./H0FR6/H0FR6_it.o
                0x000000000800d0c4                DMA1_Ch4_7_DMA2_Ch3_5_IRQHandler
 .text.ADC1_COMP_IRQHandler
                0x000000000800d120       0x10 ./H0FR6/H0FR6_it.o
                0x000000000800d120                ADC1_COMP_IRQHandler
 .text.HAL_UART_TxCpltCallback
                0x000000000800d130       0x30 ./H0FR6/H0FR6_it.o
                0x000000000800d130                HAL_UART_TxCpltCallback
 .text.HAL_UART_ErrorCallback
                0x000000000800d160       0x48 ./H0FR6/H0FR6_it.o
                0x000000000800d160                HAL_UART_ErrorCallback
 .text.HAL_UART_RxCpltCallback
                0x000000000800d1a8      0x1d0 ./H0FR6/H0FR6_it.o
                0x000000000800d1a8                HAL_UART_RxCpltCallback
 .text.vApplicationStackOverflowHook
                0x000000000800d378       0x38 ./H0FR6/H0FR6_it.o
                0x000000000800d378                vApplicationStackOverflowHook
 .text.vApplicationMallocFailedHook
                0x000000000800d3b0       0x38 ./H0FR6/H0FR6_it.o
                0x000000000800d3b0                vApplicationMallocFailedHook
 .text.RTC_CalendarConfig
                0x000000000800d3e8      0x100 ./H0FR6/H0FR6_rtc.o
                0x000000000800d3e8                RTC_CalendarConfig
 .text.RTC_Init
                0x000000000800d4e8       0x84 ./H0FR6/H0FR6_rtc.o
                0x000000000800d4e8                RTC_Init
 .text.BOS_CalendarConfig
                0x000000000800d56c       0xbc ./H0FR6/H0FR6_rtc.o
                0x000000000800d56c                BOS_CalendarConfig
 .text.GetTimeDate
                0x000000000800d628       0x64 ./H0FR6/H0FR6_rtc.o
                0x000000000800d628                GetTimeDate
 .text.TIM_USEC_Init
                0x000000000800d68c       0x64 ./H0FR6/H0FR6_timers.o
                0x000000000800d68c                TIM_USEC_Init
 .text.TIM_MSEC_Init
                0x000000000800d6f0       0x64 ./H0FR6/H0FR6_timers.o
                0x000000000800d6f0                TIM_MSEC_Init
 .text.StartMicroDelay
                0x000000000800d754       0x24 ./H0FR6/H0FR6_timers.o
                0x000000000800d754                StartMicroDelay
 .text.StartMilliDelay
                0x000000000800d778       0x24 ./H0FR6/H0FR6_timers.o
                0x000000000800d778                StartMilliDelay
 .text.MX_USART1_UART_Init
                0x000000000800d79c       0x30 ./H0FR6/H0FR6_uart.o
                0x000000000800d79c                MX_USART1_UART_Init
 .text.MX_USART2_UART_Init
                0x000000000800d7cc       0x30 ./H0FR6/H0FR6_uart.o
                0x000000000800d7cc                MX_USART2_UART_Init
 .text.MX_USART3_UART_Init
                0x000000000800d7fc       0x30 ./H0FR6/H0FR6_uart.o
                0x000000000800d7fc                MX_USART3_UART_Init
 .text.MX_USART5_UART_Init
                0x000000000800d82c       0x30 ./H0FR6/H0FR6_uart.o
                0x000000000800d82c                MX_USART5_UART_Init
 .text.MX_USART6_UART_Init
                0x000000000800d85c       0x30 ./H0FR6/H0FR6_uart.o
                0x000000000800d85c                MX_USART6_UART_Init
 .text.HAL_UART_MspInit
                0x000000000800d88c      0x1e4 ./H0FR6/H0FR6_uart.o
                0x000000000800d88c                HAL_UART_MspInit
 .text.writePxMutex
                0x000000000800da70       0x6c ./H0FR6/H0FR6_uart.o
                0x000000000800da70                writePxMutex
 .text.writePxITMutex
                0x000000000800dadc       0x40 ./H0FR6/H0FR6_uart.o
                0x000000000800dadc                writePxITMutex
 .text.UpdateBaudrate
                0x000000000800db1c       0x24 ./H0FR6/H0FR6_uart.o
                0x000000000800db1c                UpdateBaudrate
 .text.GetUart  0x000000000800db40       0x18 ./H0FR6/H0FR6_uart.o
                0x000000000800db40                GetUart
 .text.SwapUartPins
                0x000000000800db58       0x74 ./H0FR6/H0FR6_uart.o
                0x000000000800db58                SwapUartPins
 .text.ReadPortsDir
                0x000000000800dbcc       0x58 ./H0FR6/H0FR6_uart.o
                0x000000000800dbcc                ReadPortsDir
 .text.ReadPortsDirMSG
                0x000000000800dc24       0x4c ./H0FR6/H0FR6_uart.o
                0x000000000800dc24                ReadPortsDirMSG
 .text.UpdateMyPortsDir
                0x000000000800dc70       0xc4 ./H0FR6/H0FR6_uart.o
                0x000000000800dc70                UpdateMyPortsDir
 .text.Reset_Handler
                0x000000000800dd34       0x8c ./H0FR6/startup_stm32f091xc.o
                0x000000000800dd34                Reset_Handler
 .text.Default_Handler
                0x000000000800ddc0        0x2 ./H0FR6/startup_stm32f091xc.o
                0x000000000800ddc0                TIM1_CC_IRQHandler
                0x000000000800ddc0                TSC_IRQHandler
                0x000000000800ddc0                NMI_Handler
                0x000000000800ddc0                I2C1_IRQHandler
                0x000000000800ddc0                RCC_CRS_IRQHandler
                0x000000000800ddc0                SPI1_IRQHandler
                0x000000000800ddc0                TIM6_DAC_IRQHandler
                0x000000000800ddc0                DMA1_Ch1_IRQHandler
                0x000000000800ddc0                EXTI2_3_IRQHandler
                0x000000000800ddc0                I2C2_IRQHandler
                0x000000000800ddc0                TIM17_IRQHandler
                0x000000000800ddc0                CEC_CAN_IRQHandler
                0x000000000800ddc0                RTC_IRQHandler
                0x000000000800ddc0                PVD_VDDIO2_IRQHandler
                0x000000000800ddc0                TIM16_IRQHandler
                0x000000000800ddc0                TIM3_IRQHandler
                0x000000000800ddc0                EXTI4_15_IRQHandler
                0x000000000800ddc0                Default_Handler
                0x000000000800ddc0                TIM14_IRQHandler
                0x000000000800ddc0                TIM7_IRQHandler
                0x000000000800ddc0                TIM15_IRQHandler
                0x000000000800ddc0                EXTI0_1_IRQHandler
                0x000000000800ddc0                SPI2_IRQHandler
                0x000000000800ddc0                WWDG_IRQHandler
                0x000000000800ddc0                TIM2_IRQHandler
                0x000000000800ddc0                FLASH_IRQHandler
                0x000000000800ddc0                TIM1_BRK_UP_TRG_COM_IRQHandler
 *fill*         0x000000000800ddc2        0x2 
 .text.SystemInit
                0x000000000800ddc4       0x60 ./Thirdparty/CMSIS/STM32F0xx/Device/ST/STM32F0xx/Source/Templates/system_stm32f0xx.o
                0x000000000800ddc4                SystemInit
 .text.osKernelStart
                0x000000000800de24        0xc ./Thirdparty/Middleware/STM32F0xx/FreeRTOS/Source/CMSIS_RTOS/cmsis_os.o
                0x000000000800de24                osKernelStart
 .text.osDelay  0x000000000800de30       0x10 ./Thirdparty/Middleware/STM32F0xx/FreeRTOS/Source/CMSIS_RTOS/cmsis_os.o
                0x000000000800de30                osDelay
 .text.osSemaphoreCreate
                0x000000000800de40       0x2c ./Thirdparty/Middleware/STM32F0xx/FreeRTOS/Source/CMSIS_RTOS/cmsis_os.o
                0x000000000800de40                osSemaphoreCreate
 .text.osSemaphoreWait
                0x000000000800de6c       0x50 ./Thirdparty/Middleware/STM32F0xx/FreeRTOS/Source/CMSIS_RTOS/cmsis_os.o
                0x000000000800de6c                osSemaphoreWait
 .text.osSemaphoreRelease
                0x000000000800debc       0x48 ./Thirdparty/Middleware/STM32F0xx/FreeRTOS/Source/CMSIS_RTOS/cmsis_os.o
                0x000000000800debc                osSemaphoreRelease
 .text.osSystickHandler
                0x000000000800df04       0x10 ./Thirdparty/Middleware/STM32F0xx/FreeRTOS/Source/CMSIS_RTOS/cmsis_os.o
                0x000000000800df04                osSystickHandler
 .text.prvHelpCommand
                0x000000000800df14      0x138 ./Thirdparty/Middleware/STM32F0xx/FreeRTOS/Source/FreeRTOS_CLI.o
 .text.FreeRTOS_CLIRegisterCommand
                0x000000000800e04c       0x30 ./Thirdparty/Middleware/STM32F0xx/FreeRTOS/Source/FreeRTOS_CLI.o
                0x000000000800e04c                FreeRTOS_CLIRegisterCommand
 .text.FreeRTOS_CLIProcessCommand
                0x000000000800e07c      0x104 ./Thirdparty/Middleware/STM32F0xx/FreeRTOS/Source/FreeRTOS_CLI.o
                0x000000000800e07c                FreeRTOS_CLIProcessCommand
 .text.FreeRTOS_CLIGetOutputBuffer
                0x000000000800e180        0x8 ./Thirdparty/Middleware/STM32F0xx/FreeRTOS/Source/FreeRTOS_CLI.o
                0x000000000800e180                FreeRTOS_CLIGetOutputBuffer
 .text.FreeRTOS_CLIGetParameter
                0x000000000800e188       0x58 ./Thirdparty/Middleware/STM32F0xx/FreeRTOS/Source/FreeRTOS_CLI.o
                0x000000000800e188                FreeRTOS_CLIGetParameter
 .text.vListInitialise
                0x000000000800e1e0       0x18 ./Thirdparty/Middleware/STM32F0xx/FreeRTOS/Source/list.o
                0x000000000800e1e0                vListInitialise
 .text.vListInitialiseItem
                0x000000000800e1f8        0x8 ./Thirdparty/Middleware/STM32F0xx/FreeRTOS/Source/list.o
                0x000000000800e1f8                vListInitialiseItem
 .text.vListInsertEnd
                0x000000000800e200       0x18 ./Thirdparty/Middleware/STM32F0xx/FreeRTOS/Source/list.o
                0x000000000800e200                vListInsertEnd
 .text.vListInsert
                0x000000000800e218       0x30 ./Thirdparty/Middleware/STM32F0xx/FreeRTOS/Source/list.o
                0x000000000800e218                vListInsert
 .text.uxListRemove
                0x000000000800e248       0x20 ./Thirdparty/Middleware/STM32F0xx/FreeRTOS/Source/list.o
                0x000000000800e248                uxListRemove
 .text.prvCopyDataToQueue
                0x000000000800e268       0x78 ./Thirdparty/Middleware/STM32F0xx/FreeRTOS/Source/queue.o
 .text.prvUnlockQueue
                0x000000000800e2e0       0x94 ./Thirdparty/Middleware/STM32F0xx/FreeRTOS/Source/queue.o
 .text.xQueueGenericCreate
                0x000000000800e374       0x74 ./Thirdparty/Middleware/STM32F0xx/FreeRTOS/Source/queue.o
                0x000000000800e374                xQueueGenericCreate
 .text.xQueueCreateCountingSemaphore
                0x000000000800e3e8       0x5c ./Thirdparty/Middleware/STM32F0xx/FreeRTOS/Source/queue.o
                0x000000000800e3e8                xQueueCreateCountingSemaphore
 .text.xQueueGenericSend
                0x000000000800e444       0xf8 ./Thirdparty/Middleware/STM32F0xx/FreeRTOS/Source/queue.o
                0x000000000800e444                xQueueGenericSend
 .text.xQueueGenericSendFromISR
                0x000000000800e53c       0x74 ./Thirdparty/Middleware/STM32F0xx/FreeRTOS/Source/queue.o
                0x000000000800e53c                xQueueGenericSendFromISR
 .text.xQueueGiveFromISR
                0x000000000800e5b0       0x54 ./Thirdparty/Middleware/STM32F0xx/FreeRTOS/Source/queue.o
                0x000000000800e5b0                xQueueGiveFromISR
 .text.xQueueGenericReceive
                0x000000000800e604      0x148 ./Thirdparty/Middleware/STM32F0xx/FreeRTOS/Source/queue.o
                0x000000000800e604                xQueueGenericReceive
 .text.xQueueReceiveFromISR
                0x000000000800e74c       0x7c ./Thirdparty/Middleware/STM32F0xx/FreeRTOS/Source/queue.o
                0x000000000800e74c                xQueueReceiveFromISR
 .text.vQueueAddToRegistry
                0x000000000800e7c8       0x28 ./Thirdparty/Middleware/STM32F0xx/FreeRTOS/Source/queue.o
                0x000000000800e7c8                vQueueAddToRegistry
 .text.vQueueWaitForMessageRestricted
                0x000000000800e7f0       0x3c ./Thirdparty/Middleware/STM32F0xx/FreeRTOS/Source/queue.o
                0x000000000800e7f0                vQueueWaitForMessageRestricted
 .text.prvListTaskWithinSingleList.part.0
                0x000000000800e82c       0xa8 ./Thirdparty/Middleware/STM32F0xx/FreeRTOS/Source/tasks.o
 .text.prvAddCurrentTaskToDelayedList
                0x000000000800e8d4       0x3c ./Thirdparty/Middleware/STM32F0xx/FreeRTOS/Source/tasks.o
 .text.vTaskSwitchContext.part.0
                0x000000000800e910       0xac ./Thirdparty/Middleware/STM32F0xx/FreeRTOS/Source/tasks.o
 .text.xTaskGenericCreate
                0x000000000800e9bc      0x1a4 ./Thirdparty/Middleware/STM32F0xx/FreeRTOS/Source/tasks.o
                0x000000000800e9bc                xTaskGenericCreate
 .text.uxTaskPriorityGet
                0x000000000800eb60       0x20 ./Thirdparty/Middleware/STM32F0xx/FreeRTOS/Source/tasks.o
                0x000000000800eb60                uxTaskPriorityGet
 .text.vTaskPrioritySet
                0x000000000800eb80       0xac ./Thirdparty/Middleware/STM32F0xx/FreeRTOS/Source/tasks.o
                0x000000000800eb80                vTaskPrioritySet
 .text.vTaskStartScheduler
                0x000000000800ec2c       0x50 ./Thirdparty/Middleware/STM32F0xx/FreeRTOS/Source/tasks.o
                0x000000000800ec2c                vTaskStartScheduler
 .text.vTaskSuspendAll
                0x000000000800ec7c       0x10 ./Thirdparty/Middleware/STM32F0xx/FreeRTOS/Source/tasks.o
                0x000000000800ec7c                vTaskSuspendAll
 .text.xTaskGetTickCount
                0x000000000800ec8c        0xc ./Thirdparty/Middleware/STM32F0xx/FreeRTOS/Source/tasks.o
                0x000000000800ec8c                xTaskGetTickCount
 .text.xTaskGetTickCountFromISR
                0x000000000800ec98        0xc ./Thirdparty/Middleware/STM32F0xx/FreeRTOS/Source/tasks.o
                0x000000000800ec98                xTaskGetTickCountFromISR
 .text.xTaskIncrementTick
                0x000000000800eca4      0x120 ./Thirdparty/Middleware/STM32F0xx/FreeRTOS/Source/tasks.o
                0x000000000800eca4                xTaskIncrementTick
 .text.xTaskResumeAll
                0x000000000800edc4       0xbc ./Thirdparty/Middleware/STM32F0xx/FreeRTOS/Source/tasks.o
                0x000000000800edc4                xTaskResumeAll
 .text.vTaskDelay
                0x000000000800ee80       0x38 ./Thirdparty/Middleware/STM32F0xx/FreeRTOS/Source/tasks.o
                0x000000000800ee80                vTaskDelay
 .text.prvIdleTask
                0x000000000800eeb8       0x64 ./Thirdparty/Middleware/STM32F0xx/FreeRTOS/Source/tasks.o
 .text.uxTaskGetSystemState
                0x000000000800ef1c       0xc4 ./Thirdparty/Middleware/STM32F0xx/FreeRTOS/Source/tasks.o
                0x000000000800ef1c                uxTaskGetSystemState
 .text.vTaskSwitchContext
                0x000000000800efe0       0x20 ./Thirdparty/Middleware/STM32F0xx/FreeRTOS/Source/tasks.o
                0x000000000800efe0                vTaskSwitchContext
 .text.vTaskPlaceOnEventList
                0x000000000800f000       0x38 ./Thirdparty/Middleware/STM32F0xx/FreeRTOS/Source/tasks.o
                0x000000000800f000                vTaskPlaceOnEventList
 .text.vTaskPlaceOnEventListRestricted
                0x000000000800f038       0x24 ./Thirdparty/Middleware/STM32F0xx/FreeRTOS/Source/tasks.o
                0x000000000800f038                vTaskPlaceOnEventListRestricted
 .text.xTaskRemoveFromEventList
                0x000000000800f05c       0x6c ./Thirdparty/Middleware/STM32F0xx/FreeRTOS/Source/tasks.o
                0x000000000800f05c                xTaskRemoveFromEventList
 .text.vTaskSetTimeOutState
                0x000000000800f0c8       0x18 ./Thirdparty/Middleware/STM32F0xx/FreeRTOS/Source/tasks.o
                0x000000000800f0c8                vTaskSetTimeOutState
 .text.xTaskCheckForTimeOut
                0x000000000800f0e0       0x58 ./Thirdparty/Middleware/STM32F0xx/FreeRTOS/Source/tasks.o
                0x000000000800f0e0                xTaskCheckForTimeOut
 .text.vTaskMissedYield
                0x000000000800f138        0xc ./Thirdparty/Middleware/STM32F0xx/FreeRTOS/Source/tasks.o
                0x000000000800f138                vTaskMissedYield
 .text.xTaskGetSchedulerState
                0x000000000800f144       0x18 ./Thirdparty/Middleware/STM32F0xx/FreeRTOS/Source/tasks.o
                0x000000000800f144                xTaskGetSchedulerState
 .text.vTaskPriorityInherit
                0x000000000800f15c       0x68 ./Thirdparty/Middleware/STM32F0xx/FreeRTOS/Source/tasks.o
                0x000000000800f15c                vTaskPriorityInherit
 .text.xTaskPriorityDisinherit
                0x000000000800f1c4       0x54 ./Thirdparty/Middleware/STM32F0xx/FreeRTOS/Source/tasks.o
                0x000000000800f1c4                xTaskPriorityDisinherit
 .text.vTaskList
                0x000000000800f218       0xe0 ./Thirdparty/Middleware/STM32F0xx/FreeRTOS/Source/tasks.o
                0x000000000800f218                vTaskList
 .text.vTaskGetRunTimeStats
                0x000000000800f2f8       0xfc ./Thirdparty/Middleware/STM32F0xx/FreeRTOS/Source/tasks.o
                0x000000000800f2f8                vTaskGetRunTimeStats
 .text.pvTaskIncrementMutexHeldCount
                0x000000000800f3f4       0x18 ./Thirdparty/Middleware/STM32F0xx/FreeRTOS/Source/tasks.o
                0x000000000800f3f4                pvTaskIncrementMutexHeldCount
 .text.ulTaskNotifyTake
                0x000000000800f40c       0x80 ./Thirdparty/Middleware/STM32F0xx/FreeRTOS/Source/tasks.o
                0x000000000800f40c                ulTaskNotifyTake
 .text.xTaskGenericNotify
                0x000000000800f48c       0x9c ./Thirdparty/Middleware/STM32F0xx/FreeRTOS/Source/tasks.o
                0x000000000800f48c                xTaskGenericNotify
 .text.prvCheckForValidListAndQueue
                0x000000000800f528       0x4c ./Thirdparty/Middleware/STM32F0xx/FreeRTOS/Source/timers.o
 .text.xTimerCreateTimerTask
                0x000000000800f574       0x38 ./Thirdparty/Middleware/STM32F0xx/FreeRTOS/Source/timers.o
                0x000000000800f574                xTimerCreateTimerTask
 .text.xTimerCreate
                0x000000000800f5ac       0x40 ./Thirdparty/Middleware/STM32F0xx/FreeRTOS/Source/timers.o
                0x000000000800f5ac                xTimerCreate
 .text.xTimerGenericCommand
                0x000000000800f5ec       0x54 ./Thirdparty/Middleware/STM32F0xx/FreeRTOS/Source/timers.o
                0x000000000800f5ec                xTimerGenericCommand
 .text.prvSwitchTimerLists
                0x000000000800f640       0x6c ./Thirdparty/Middleware/STM32F0xx/FreeRTOS/Source/timers.o
 .text.prvTimerTask
                0x000000000800f6ac      0x1c0 ./Thirdparty/Middleware/STM32F0xx/FreeRTOS/Source/timers.o
 .text.xTimerIsTimerActive
                0x000000000800f86c       0x18 ./Thirdparty/Middleware/STM32F0xx/FreeRTOS/Source/timers.o
                0x000000000800f86c                xTimerIsTimerActive
 .text.pvTimerGetTimerID
                0x000000000800f884       0x14 ./Thirdparty/Middleware/STM32F0xx/FreeRTOS/Source/timers.o
                0x000000000800f884                pvTimerGetTimerID
 .text.prvTaskExitError
                0x000000000800f898        0x4 ./Thirdparty/Middleware/STM32F0xx/FreeRTOS/Source/portable/GCC/ARM_CM0/port.o
 .text.vPortStartFirstTask
                0x000000000800f89c       0x20 ./Thirdparty/Middleware/STM32F0xx/FreeRTOS/Source/portable/GCC/ARM_CM0/port.o
 .text.pxPortInitialiseStack
                0x000000000800f8bc       0x20 ./Thirdparty/Middleware/STM32F0xx/FreeRTOS/Source/portable/GCC/ARM_CM0/port.o
                0x000000000800f8bc                pxPortInitialiseStack
 .text.SVC_Handler
                0x000000000800f8dc        0x4 ./Thirdparty/Middleware/STM32F0xx/FreeRTOS/Source/portable/GCC/ARM_CM0/port.o
                0x000000000800f8dc                SVC_Handler
 .text.xPortStartScheduler
                0x000000000800f8e0       0x54 ./Thirdparty/Middleware/STM32F0xx/FreeRTOS/Source/portable/GCC/ARM_CM0/port.o
                0x000000000800f8e0                xPortStartScheduler
 .text.vPortYield
                0x000000000800f934       0x18 ./Thirdparty/Middleware/STM32F0xx/FreeRTOS/Source/portable/GCC/ARM_CM0/port.o
                0x000000000800f934                vPortYield
 .text.vPortEnterCritical
                0x000000000800f94c       0x18 ./Thirdparty/Middleware/STM32F0xx/FreeRTOS/Source/portable/GCC/ARM_CM0/port.o
                0x000000000800f94c                vPortEnterCritical
 .text.vPortExitCritical
                0x000000000800f964       0x14 ./Thirdparty/Middleware/STM32F0xx/FreeRTOS/Source/portable/GCC/ARM_CM0/port.o
                0x000000000800f964                vPortExitCritical
 .text.ulSetInterruptMaskFromISR
                0x000000000800f978        0xc ./Thirdparty/Middleware/STM32F0xx/FreeRTOS/Source/portable/GCC/ARM_CM0/port.o
                0x000000000800f978                ulSetInterruptMaskFromISR
 .text.vClearInterruptMaskFromISR
                0x000000000800f984        0x8 ./Thirdparty/Middleware/STM32F0xx/FreeRTOS/Source/portable/GCC/ARM_CM0/port.o
                0x000000000800f984                vClearInterruptMaskFromISR
 .text.PendSV_Handler
                0x000000000800f98c       0x44 ./Thirdparty/Middleware/STM32F0xx/FreeRTOS/Source/portable/GCC/ARM_CM0/port.o
                0x000000000800f98c                PendSV_Handler
 .text.xPortSysTickHandler
                0x000000000800f9d0       0x24 ./Thirdparty/Middleware/STM32F0xx/FreeRTOS/Source/portable/GCC/ARM_CM0/port.o
                0x000000000800f9d0                xPortSysTickHandler
 .text.prvInsertBlockIntoFreeList
                0x000000000800f9f4       0x4c ./Thirdparty/Middleware/STM32F0xx/FreeRTOS/Source/portable/MemMang/heap_4.o
 .text.pvPortMalloc
                0x000000000800fa40       0xf4 ./Thirdparty/Middleware/STM32F0xx/FreeRTOS/Source/portable/MemMang/heap_4.o
                0x000000000800fa40                pvPortMalloc
 .text.vPortFree
                0x000000000800fb34       0x40 ./Thirdparty/Middleware/STM32F0xx/FreeRTOS/Source/portable/MemMang/heap_4.o
                0x000000000800fb34                vPortFree
 .text.HAL_InitTick
                0x000000000800fb74       0x24 ./Thirdparty/STM32F0xx_HAL_Driver/Src/stm32f0xx_hal.o
                0x000000000800fb74                HAL_InitTick
 .text.HAL_Init
                0x000000000800fb98       0x20 ./Thirdparty/STM32F0xx_HAL_Driver/Src/stm32f0xx_hal.o
                0x000000000800fb98                HAL_Init
 .text.HAL_IncTick
                0x000000000800fbb8       0x10 ./Thirdparty/STM32F0xx_HAL_Driver/Src/stm32f0xx_hal.o
                0x000000000800fbb8                HAL_IncTick
 .text.HAL_GetTick
                0x000000000800fbc8        0xc ./Thirdparty/STM32F0xx_HAL_Driver/Src/stm32f0xx_hal.o
                0x000000000800fbc8                HAL_GetTick
 .text.HAL_Delay
                0x000000000800fbd4       0x1c ./Thirdparty/STM32F0xx_HAL_Driver/Src/stm32f0xx_hal.o
                0x000000000800fbd4                HAL_Delay
 .text.HAL_GetREVID
                0x000000000800fbf0        0xc ./Thirdparty/STM32F0xx_HAL_Driver/Src/stm32f0xx_hal.o
                0x000000000800fbf0                HAL_GetREVID
 .text.HAL_GetDEVID
                0x000000000800fbfc       0x10 ./Thirdparty/STM32F0xx_HAL_Driver/Src/stm32f0xx_hal.o
                0x000000000800fbfc                HAL_GetDEVID
 .text.ADC_Disable
                0x000000000800fc0c       0x7c ./Thirdparty/STM32F0xx_HAL_Driver/Src/stm32f0xx_hal_adc.o
 .text.ADC_Enable
                0x000000000800fc88       0xa8 ./Thirdparty/STM32F0xx_HAL_Driver/Src/stm32f0xx_hal_adc.o
 .text.ADC_ConversionStop
                0x000000000800fd30       0x58 ./Thirdparty/STM32F0xx_HAL_Driver/Src/stm32f0xx_hal_adc.o
 .text.HAL_ADC_Init
                0x000000000800fd88      0x140 ./Thirdparty/STM32F0xx_HAL_Driver/Src/stm32f0xx_hal_adc.o
                0x000000000800fd88                HAL_ADC_Init
 .text.HAL_ADC_Start
                0x000000000800fec8       0x58 ./Thirdparty/STM32F0xx_HAL_Driver/Src/stm32f0xx_hal_adc.o
                0x000000000800fec8                HAL_ADC_Start
 .text.HAL_ADC_Stop
                0x000000000800ff20       0x40 ./Thirdparty/STM32F0xx_HAL_Driver/Src/stm32f0xx_hal_adc.o
                0x000000000800ff20                HAL_ADC_Stop
 .text.HAL_ADC_PollForConversion
                0x000000000800ff60       0xbc ./Thirdparty/STM32F0xx_HAL_Driver/Src/stm32f0xx_hal_adc.o
                0x000000000800ff60                HAL_ADC_PollForConversion
 .text.HAL_ADC_GetValue
                0x000000000801001c        0xc ./Thirdparty/STM32F0xx_HAL_Driver/Src/stm32f0xx_hal_adc.o
                0x000000000801001c                HAL_ADC_GetValue
 .text.HAL_ADC_ConvCpltCallback
                0x0000000008010028        0x4 ./Thirdparty/STM32F0xx_HAL_Driver/Src/stm32f0xx_hal_adc.o
                0x0000000008010028                HAL_ADC_ConvCpltCallback
 .text.HAL_ADC_LevelOutOfWindowCallback
                0x000000000801002c        0x4 ./Thirdparty/STM32F0xx_HAL_Driver/Src/stm32f0xx_hal_adc.o
                0x000000000801002c                HAL_ADC_LevelOutOfWindowCallback
 .text.HAL_ADC_ErrorCallback
                0x0000000008010030        0x4 ./Thirdparty/STM32F0xx_HAL_Driver/Src/stm32f0xx_hal_adc.o
                0x0000000008010030                HAL_ADC_ErrorCallback
 .text.HAL_ADC_IRQHandler
                0x0000000008010034       0xe0 ./Thirdparty/STM32F0xx_HAL_Driver/Src/stm32f0xx_hal_adc.o
                0x0000000008010034                HAL_ADC_IRQHandler
 .text.HAL_ADC_ConfigChannel
                0x0000000008010114      0x124 ./Thirdparty/STM32F0xx_HAL_Driver/Src/stm32f0xx_hal_adc.o
                0x0000000008010114                HAL_ADC_ConfigChannel
 .text.HAL_NVIC_SetPriority
                0x0000000008010238       0x64 ./Thirdparty/STM32F0xx_HAL_Driver/Src/stm32f0xx_hal_cortex.o
                0x0000000008010238                HAL_NVIC_SetPriority
 .text.HAL_NVIC_EnableIRQ
                0x000000000801029c       0x14 ./Thirdparty/STM32F0xx_HAL_Driver/Src/stm32f0xx_hal_cortex.o
                0x000000000801029c                HAL_NVIC_EnableIRQ
 .text.HAL_NVIC_DisableIRQ
                0x00000000080102b0       0x14 ./Thirdparty/STM32F0xx_HAL_Driver/Src/stm32f0xx_hal_cortex.o
                0x00000000080102b0                HAL_NVIC_DisableIRQ
 .text.HAL_SYSTICK_Config
                0x00000000080102c4       0x34 ./Thirdparty/STM32F0xx_HAL_Driver/Src/stm32f0xx_hal_cortex.o
                0x00000000080102c4                HAL_SYSTICK_Config
 .text.HAL_SYSTICK_CLKSourceConfig
                0x00000000080102f8       0x1c ./Thirdparty/STM32F0xx_HAL_Driver/Src/stm32f0xx_hal_cortex.o
                0x00000000080102f8                HAL_SYSTICK_CLKSourceConfig
 .text.CRC_Handle_8
                0x0000000008010314       0x64 ./Thirdparty/STM32F0xx_HAL_Driver/Src/stm32f0xx_hal_crc.o
 .text.CRC_Handle_16
                0x0000000008010378       0x2c ./Thirdparty/STM32F0xx_HAL_Driver/Src/stm32f0xx_hal_crc.o
 .text.HAL_CRC_Init
                0x00000000080103a4       0x5c ./Thirdparty/STM32F0xx_HAL_Driver/Src/stm32f0xx_hal_crc.o
                0x00000000080103a4                HAL_CRC_Init
 .text.HAL_CRC_Accumulate
                0x0000000008010400       0x54 ./Thirdparty/STM32F0xx_HAL_Driver/Src/stm32f0xx_hal_crc.o
                0x0000000008010400                HAL_CRC_Accumulate
 .text.HAL_CRC_Calculate
                0x0000000008010454       0x5c ./Thirdparty/STM32F0xx_HAL_Driver/Src/stm32f0xx_hal_crc.o
                0x0000000008010454                HAL_CRC_Calculate
 .text.HAL_CRCEx_Polynomial_Set
                0x00000000080104b0       0x60 ./Thirdparty/STM32F0xx_HAL_Driver/Src/stm32f0xx_hal_crc_ex.o
                0x00000000080104b0                HAL_CRCEx_Polynomial_Set
 .text.HAL_CRCEx_Init
                0x0000000008010510       0x30 ./Thirdparty/STM32F0xx_HAL_Driver/Src/stm32f0xx_hal_crc_ex.o
                0x0000000008010510                HAL_CRCEx_Init
 .text.HAL_DMA_Init
                0x0000000008010540       0x58 ./Thirdparty/STM32F0xx_HAL_Driver/Src/stm32f0xx_hal_dma.o
                0x0000000008010540                HAL_DMA_Init
 .text.HAL_DMA_Start_IT
                0x0000000008010598       0x58 ./Thirdparty/STM32F0xx_HAL_Driver/Src/stm32f0xx_hal_dma.o
                0x0000000008010598                HAL_DMA_Start_IT
 .text.HAL_DMA_Abort
                0x00000000080105f0       0x54 ./Thirdparty/STM32F0xx_HAL_Driver/Src/stm32f0xx_hal_dma.o
                0x00000000080105f0                HAL_DMA_Abort
 .text.HAL_DMA_IRQHandler
                0x0000000008010644      0xa6c ./Thirdparty/STM32F0xx_HAL_Driver/Src/stm32f0xx_hal_dma.o
                0x0000000008010644                HAL_DMA_IRQHandler
 .text.HAL_FLASH_Unlock
                0x00000000080110b0       0x24 ./Thirdparty/STM32F0xx_HAL_Driver/Src/stm32f0xx_hal_flash.o
                0x00000000080110b0                HAL_FLASH_Unlock
 .text.HAL_FLASH_Lock
                0x00000000080110d4       0x14 ./Thirdparty/STM32F0xx_HAL_Driver/Src/stm32f0xx_hal_flash.o
                0x00000000080110d4                HAL_FLASH_Lock
 .text.FLASH_WaitForLastOperation
                0x00000000080110e8       0x88 ./Thirdparty/STM32F0xx_HAL_Driver/Src/stm32f0xx_hal_flash.o
                0x00000000080110e8                FLASH_WaitForLastOperation
 .text.HAL_FLASH_Program
                0x0000000008011170       0xc8 ./Thirdparty/STM32F0xx_HAL_Driver/Src/stm32f0xx_hal_flash.o
                0x0000000008011170                HAL_FLASH_Program
 .text.HAL_FLASHEx_Erase
                0x0000000008011238       0xd8 ./Thirdparty/STM32F0xx_HAL_Driver/Src/stm32f0xx_hal_flash_ex.o
                0x0000000008011238                HAL_FLASHEx_Erase
 .text.FLASH_PageErase
                0x0000000008011310       0x24 ./Thirdparty/STM32F0xx_HAL_Driver/Src/stm32f0xx_hal_flash_ex.o
                0x0000000008011310                FLASH_PageErase
 .text.HAL_GPIO_Init
                0x0000000008011334      0x22c ./Thirdparty/STM32F0xx_HAL_Driver/Src/stm32f0xx_hal_gpio.o
                0x0000000008011334                HAL_GPIO_Init
 .text.HAL_GPIO_DeInit
                0x0000000008011560      0x130 ./Thirdparty/STM32F0xx_HAL_Driver/Src/stm32f0xx_hal_gpio.o
                0x0000000008011560                HAL_GPIO_DeInit
 .text.HAL_GPIO_ReadPin
                0x0000000008011690        0xc ./Thirdparty/STM32F0xx_HAL_Driver/Src/stm32f0xx_hal_gpio.o
                0x0000000008011690                HAL_GPIO_ReadPin
 .text.HAL_GPIO_WritePin
                0x000000000801169c        0xc ./Thirdparty/STM32F0xx_HAL_Driver/Src/stm32f0xx_hal_gpio.o
                0x000000000801169c                HAL_GPIO_WritePin
 .text.HAL_GPIO_TogglePin
                0x00000000080116a8        0x8 ./Thirdparty/STM32F0xx_HAL_Driver/Src/stm32f0xx_hal_gpio.o
                0x00000000080116a8                HAL_GPIO_TogglePin
 .text.HAL_MspInit
                0x00000000080116b0        0x4 ./Thirdparty/STM32F0xx_HAL_Driver/Src/stm32f0xx_hal_msp_template.o
                0x00000000080116b0                HAL_MspInit
 .text.HAL_PWR_EnableBkUpAccess
                0x00000000080116b4       0x14 ./Thirdparty/STM32F0xx_HAL_Driver/Src/stm32f0xx_hal_pwr.o
                0x00000000080116b4                HAL_PWR_EnableBkUpAccess
 .text.HAL_RCC_OscConfig
                0x00000000080116c8      0x544 ./Thirdparty/STM32F0xx_HAL_Driver/Src/stm32f0xx_hal_rcc.o
                0x00000000080116c8                HAL_RCC_OscConfig
 .text.HAL_RCC_ClockConfig
                0x0000000008011c0c      0x248 ./Thirdparty/STM32F0xx_HAL_Driver/Src/stm32f0xx_hal_rcc.o
                0x0000000008011c0c                HAL_RCC_ClockConfig
 .text.HAL_RCC_GetSysClockFreq
                0x0000000008011e54       0x90 ./Thirdparty/STM32F0xx_HAL_Driver/Src/stm32f0xx_hal_rcc.o
                0x0000000008011e54                HAL_RCC_GetSysClockFreq
 .text.HAL_RCC_GetHCLKFreq
                0x0000000008011ee4       0x28 ./Thirdparty/STM32F0xx_HAL_Driver/Src/stm32f0xx_hal_rcc.o
                0x0000000008011ee4                HAL_RCC_GetHCLKFreq
 .text.HAL_RCC_GetPCLK1Freq
                0x0000000008011f0c       0x30 ./Thirdparty/STM32F0xx_HAL_Driver/Src/stm32f0xx_hal_rcc.o
                0x0000000008011f0c                HAL_RCC_GetPCLK1Freq
 .text.HAL_RCCEx_PeriphCLKConfig
                0x0000000008011f3c      0x128 ./Thirdparty/STM32F0xx_HAL_Driver/Src/stm32f0xx_hal_rcc_ex.o
                0x0000000008011f3c                HAL_RCCEx_PeriphCLKConfig
 .text.HAL_RTC_MspInit
                0x0000000008012064        0x4 ./Thirdparty/STM32F0xx_HAL_Driver/Src/stm32f0xx_hal_rtc.o
                0x0000000008012064                HAL_RTC_MspInit
 .text.HAL_RTC_Init
                0x0000000008012068       0xb0 ./Thirdparty/STM32F0xx_HAL_Driver/Src/stm32f0xx_hal_rtc.o
                0x0000000008012068                HAL_RTC_Init
 .text.HAL_RTC_SetTime
                0x0000000008012118      0x1ac ./Thirdparty/STM32F0xx_HAL_Driver/Src/stm32f0xx_hal_rtc.o
                0x0000000008012118                HAL_RTC_SetTime
 .text.HAL_RTC_GetTime
                0x00000000080122c4       0x60 ./Thirdparty/STM32F0xx_HAL_Driver/Src/stm32f0xx_hal_rtc.o
                0x00000000080122c4                HAL_RTC_GetTime
 .text.HAL_RTC_SetDate
                0x0000000008012324      0x170 ./Thirdparty/STM32F0xx_HAL_Driver/Src/stm32f0xx_hal_rtc.o
                0x0000000008012324                HAL_RTC_SetDate
 .text.HAL_RTC_GetDate
                0x0000000008012494       0x5c ./Thirdparty/STM32F0xx_HAL_Driver/Src/stm32f0xx_hal_rtc.o
                0x0000000008012494                HAL_RTC_GetDate
 .text.HAL_RTCEx_BKUPWrite
                0x00000000080124f0        0xc ./Thirdparty/STM32F0xx_HAL_Driver/Src/stm32f0xx_hal_rtc_ex.o
                0x00000000080124f0                HAL_RTCEx_BKUPWrite
 .text.HAL_RTCEx_BKUPRead
                0x00000000080124fc        0xc ./Thirdparty/STM32F0xx_HAL_Driver/Src/stm32f0xx_hal_rtc_ex.o
                0x00000000080124fc                HAL_RTCEx_BKUPRead
 .text.TIM_OC1_SetConfig
                0x0000000008012508       0x70 ./Thirdparty/STM32F0xx_HAL_Driver/Src/stm32f0xx_hal_tim.o
 .text.TIM_OC3_SetConfig
                0x0000000008012578       0x88 ./Thirdparty/STM32F0xx_HAL_Driver/Src/stm32f0xx_hal_tim.o
 .text.TIM_OC4_SetConfig
                0x0000000008012600       0x74 ./Thirdparty/STM32F0xx_HAL_Driver/Src/stm32f0xx_hal_tim.o
 .text.HAL_TIM_Base_MspInit
                0x0000000008012674        0x4 ./Thirdparty/STM32F0xx_HAL_Driver/Src/stm32f0xx_hal_tim.o
                0x0000000008012674                HAL_TIM_Base_MspInit
 .text.HAL_TIM_Base_MspDeInit
                0x0000000008012678        0x4 ./Thirdparty/STM32F0xx_HAL_Driver/Src/stm32f0xx_hal_tim.o
                0x0000000008012678                HAL_TIM_Base_MspDeInit
 .text.HAL_TIM_Base_DeInit
                0x000000000801267c       0x40 ./Thirdparty/STM32F0xx_HAL_Driver/Src/stm32f0xx_hal_tim.o
                0x000000000801267c                HAL_TIM_Base_DeInit
 .text.HAL_TIM_Base_Start
                0x00000000080126bc       0x18 ./Thirdparty/STM32F0xx_HAL_Driver/Src/stm32f0xx_hal_tim.o
                0x00000000080126bc                HAL_TIM_Base_Start
 .text.HAL_TIM_PWM_MspInit
                0x00000000080126d4        0x4 ./Thirdparty/STM32F0xx_HAL_Driver/Src/stm32f0xx_hal_tim.o
                0x00000000080126d4                HAL_TIM_PWM_MspInit
 .text.HAL_TIM_PWM_MspDeInit
                0x00000000080126d8        0x4 ./Thirdparty/STM32F0xx_HAL_Driver/Src/stm32f0xx_hal_tim.o
                0x00000000080126d8                HAL_TIM_PWM_MspDeInit
 .text.HAL_TIM_PWM_DeInit
                0x00000000080126dc       0x40 ./Thirdparty/STM32F0xx_HAL_Driver/Src/stm32f0xx_hal_tim.o
                0x00000000080126dc                HAL_TIM_PWM_DeInit
 .text.HAL_TIM_PWM_Start
                0x000000000801271c       0x50 ./Thirdparty/STM32F0xx_HAL_Driver/Src/stm32f0xx_hal_tim.o
                0x000000000801271c                HAL_TIM_PWM_Start
 .text.HAL_TIM_PWM_Stop
                0x000000000801276c       0x84 ./Thirdparty/STM32F0xx_HAL_Driver/Src/stm32f0xx_hal_tim.o
                0x000000000801276c                HAL_TIM_PWM_Stop
 .text.HAL_TIM_ConfigClockSource
                0x00000000080127f0      0x198 ./Thirdparty/STM32F0xx_HAL_Driver/Src/stm32f0xx_hal_tim.o
                0x00000000080127f0                HAL_TIM_ConfigClockSource
 .text.TIM_Base_SetConfig
                0x0000000008012988       0x8c ./Thirdparty/STM32F0xx_HAL_Driver/Src/stm32f0xx_hal_tim.o
                0x0000000008012988                TIM_Base_SetConfig
 .text.HAL_TIM_Base_Init
                0x0000000008012a14       0x34 ./Thirdparty/STM32F0xx_HAL_Driver/Src/stm32f0xx_hal_tim.o
                0x0000000008012a14                HAL_TIM_Base_Init
 .text.HAL_TIM_PWM_Init
                0x0000000008012a48       0x34 ./Thirdparty/STM32F0xx_HAL_Driver/Src/stm32f0xx_hal_tim.o
                0x0000000008012a48                HAL_TIM_PWM_Init
 .text.TIM_OC2_SetConfig
                0x0000000008012a7c       0x80 ./Thirdparty/STM32F0xx_HAL_Driver/Src/stm32f0xx_hal_tim.o
                0x0000000008012a7c                TIM_OC2_SetConfig
 .text.HAL_TIM_PWM_ConfigChannel
                0x0000000008012afc       0xd0 ./Thirdparty/STM32F0xx_HAL_Driver/Src/stm32f0xx_hal_tim.o
                0x0000000008012afc                HAL_TIM_PWM_ConfigChannel
 .text.HAL_TIMEx_MasterConfigSynchronization
                0x0000000008012bcc       0x44 ./Thirdparty/STM32F0xx_HAL_Driver/Src/stm32f0xx_hal_tim_ex.o
                0x0000000008012bcc                HAL_TIMEx_MasterConfigSynchronization
 .text.HAL_UART_MspDeInit
                0x0000000008012c10        0x4 ./Thirdparty/STM32F0xx_HAL_Driver/Src/stm32f0xx_hal_uart.o
                0x0000000008012c10                HAL_UART_MspDeInit
 .text.HAL_UART_DeInit
                0x0000000008012c14       0x34 ./Thirdparty/STM32F0xx_HAL_Driver/Src/stm32f0xx_hal_uart.o
                0x0000000008012c14                HAL_UART_DeInit
 .text.HAL_UART_Transmit_IT
                0x0000000008012c48       0x68 ./Thirdparty/STM32F0xx_HAL_Driver/Src/stm32f0xx_hal_uart.o
                0x0000000008012c48                HAL_UART_Transmit_IT
 .text.HAL_UART_Receive_IT
                0x0000000008012cb0       0xc0 ./Thirdparty/STM32F0xx_HAL_Driver/Src/stm32f0xx_hal_uart.o
                0x0000000008012cb0                HAL_UART_Receive_IT
 .text.HAL_UART_Receive_DMA
                0x0000000008012d70       0x88 ./Thirdparty/STM32F0xx_HAL_Driver/Src/stm32f0xx_hal_uart.o
                0x0000000008012d70                HAL_UART_Receive_DMA
 .text.UART_DMAReceiveCplt
                0x0000000008012df8       0x3c ./Thirdparty/STM32F0xx_HAL_Driver/Src/stm32f0xx_hal_uart.o
 .text.HAL_UART_RxHalfCpltCallback
                0x0000000008012e34        0x4 ./Thirdparty/STM32F0xx_HAL_Driver/Src/stm32f0xx_hal_uart.o
                0x0000000008012e34                HAL_UART_RxHalfCpltCallback
 .text.UART_DMARxHalfCplt
                0x0000000008012e38        0xc ./Thirdparty/STM32F0xx_HAL_Driver/Src/stm32f0xx_hal_uart.o
 .text.UART_DMAError
                0x0000000008012e44       0x24 ./Thirdparty/STM32F0xx_HAL_Driver/Src/stm32f0xx_hal_uart.o
 .text.UART_SetConfig
                0x0000000008012e68      0x1dc ./Thirdparty/STM32F0xx_HAL_Driver/Src/stm32f0xx_hal_uart.o
                0x0000000008012e68                UART_SetConfig
 .text.UART_AdvFeatureConfig
                0x0000000008013044       0xd0 ./Thirdparty/STM32F0xx_HAL_Driver/Src/stm32f0xx_hal_uart.o
                0x0000000008013044                UART_AdvFeatureConfig
 .text.UART_WaitOnFlagUntilTimeout
                0x0000000008013114       0x98 ./Thirdparty/STM32F0xx_HAL_Driver/Src/stm32f0xx_hal_uart.o
                0x0000000008013114                UART_WaitOnFlagUntilTimeout
 .text.HAL_UART_Transmit
                0x00000000080131ac      0x11c ./Thirdparty/STM32F0xx_HAL_Driver/Src/stm32f0xx_hal_uart.o
                0x00000000080131ac                HAL_UART_Transmit
 .text.UART_CheckIdleState
                0x00000000080132c8       0x7c ./Thirdparty/STM32F0xx_HAL_Driver/Src/stm32f0xx_hal_uart.o
                0x00000000080132c8                UART_CheckIdleState
 .text.HAL_UART_Init
                0x0000000008013344       0x6c ./Thirdparty/STM32F0xx_HAL_Driver/Src/stm32f0xx_hal_uart.o
                0x0000000008013344                HAL_UART_Init
 .text.UART_Transmit_IT
                0x00000000080133b0       0x6c ./Thirdparty/STM32F0xx_HAL_Driver/Src/stm32f0xx_hal_uart.o
                0x00000000080133b0                UART_Transmit_IT
 .text.UART_EndTransmit_IT
                0x000000000801341c       0x2c ./Thirdparty/STM32F0xx_HAL_Driver/Src/stm32f0xx_hal_uart.o
                0x000000000801341c                UART_EndTransmit_IT
 .text.UART_Receive_IT
                0x0000000008013448       0x94 ./Thirdparty/STM32F0xx_HAL_Driver/Src/stm32f0xx_hal_uart.o
                0x0000000008013448                UART_Receive_IT
 .text.HAL_UARTEx_WakeupCallback
                0x00000000080134dc        0x4 ./Thirdparty/STM32F0xx_HAL_Driver/Src/stm32f0xx_hal_uart_ex.o
                0x00000000080134dc                HAL_UARTEx_WakeupCallback
 .text.HAL_UART_IRQHandler
                0x00000000080134e0      0x108 ./Thirdparty/STM32F0xx_HAL_Driver/Src/stm32f0xx_hal_uart_ex.o
                0x00000000080134e0                HAL_UART_IRQHandler
 .text.startup.main
                0x00000000080135e8        0x8 ./User/main.o
                0x00000000080135e8                main
 .text.UserTask
                0x00000000080135f0        0x4 ./User/main.o
                0x00000000080135f0                UserTask
 .text.atof     0x00000000080135f4        0xa c:/st/stm32cubeide_1.9.0/stm32cubeide/plugins/com.st.stm32cube.ide.mcu.externaltools.gnu-tools-for-stm32.10.3-2021.10.win32_1.0.0.202111181127/tools/bin/../lib/gcc/arm-none-eabi/10.3.1/../../../../arm-none-eabi/lib/thumb/v6-m/nofp\libc.a(lib_a-atof.o)
                0x00000000080135f4                atof
 .text.atoi     0x00000000080135fe        0xc c:/st/stm32cubeide_1.9.0/stm32cubeide/plugins/com.st.stm32cube.ide.mcu.externaltools.gnu-tools-for-stm32.10.3-2021.10.win32_1.0.0.202111181127/tools/bin/../lib/gcc/arm-none-eabi/10.3.1/../../../../arm-none-eabi/lib/thumb/v6-m/nofp\libc.a(lib_a-atoi.o)
                0x00000000080135fe                atoi
 .text.atol     0x000000000801360a        0xc c:/st/stm32cubeide_1.9.0/stm32cubeide/plugins/com.st.stm32cube.ide.mcu.externaltools.gnu-tools-for-stm32.10.3-2021.10.win32_1.0.0.202111181127/tools/bin/../lib/gcc/arm-none-eabi/10.3.1/../../../../arm-none-eabi/lib/thumb/v6-m/nofp\libc.a(lib_a-atol.o)
                0x000000000801360a                atol
 *fill*         0x0000000008013616        0x2 
 .text.calloc   0x0000000008013618       0x14 c:/st/stm32cubeide_1.9.0/stm32cubeide/plugins/com.st.stm32cube.ide.mcu.externaltools.gnu-tools-for-stm32.10.3-2021.10.win32_1.0.0.202111181127/tools/bin/../lib/gcc/arm-none-eabi/10.3.1/../../../../arm-none-eabi/lib/thumb/v6-m/nofp\libc.a(lib_a-calloc.o)
                0x0000000008013618                calloc
 .text._calloc_r
                0x000000000801362c       0x9e c:/st/stm32cubeide_1.9.0/stm32cubeide/plugins/com.st.stm32cube.ide.mcu.externaltools.gnu-tools-for-stm32.10.3-2021.10.win32_1.0.0.202111181127/tools/bin/../lib/gcc/arm-none-eabi/10.3.1/../../../../arm-none-eabi/lib/thumb/v6-m/nofp\libc.a(lib_a-callocr.o)
                0x000000000801362c                _calloc_r
 *fill*         0x00000000080136ca        0x2 
 .text.__errno  0x00000000080136cc        0xc c:/st/stm32cubeide_1.9.0/stm32cubeide/plugins/com.st.stm32cube.ide.mcu.externaltools.gnu-tools-for-stm32.10.3-2021.10.win32_1.0.0.202111181127/tools/bin/../lib/gcc/arm-none-eabi/10.3.1/../../../../arm-none-eabi/lib/thumb/v6-m/nofp\libc.a(lib_a-errno.o)
                0x00000000080136cc                __errno
 .text.__libc_init_array
                0x00000000080136d8       0x48 c:/st/stm32cubeide_1.9.0/stm32cubeide/plugins/com.st.stm32cube.ide.mcu.externaltools.gnu-tools-for-stm32.10.3-2021.10.win32_1.0.0.202111181127/tools/bin/../lib/gcc/arm-none-eabi/10.3.1/../../../../arm-none-eabi/lib/thumb/v6-m/nofp\libc.a(lib_a-init.o)
                0x00000000080136d8                __libc_init_array
 .text.malloc   0x0000000008013720       0x14 c:/st/stm32cubeide_1.9.0/stm32cubeide/plugins/com.st.stm32cube.ide.mcu.externaltools.gnu-tools-for-stm32.10.3-2021.10.win32_1.0.0.202111181127/tools/bin/../lib/gcc/arm-none-eabi/10.3.1/../../../../arm-none-eabi/lib/thumb/v6-m/nofp\libc.a(lib_a-malloc.o)
                0x0000000008013720                malloc
 .text.free     0x0000000008013734       0x14 c:/st/stm32cubeide_1.9.0/stm32cubeide/plugins/com.st.stm32cube.ide.mcu.externaltools.gnu-tools-for-stm32.10.3-2021.10.win32_1.0.0.202111181127/tools/bin/../lib/gcc/arm-none-eabi/10.3.1/../../../../arm-none-eabi/lib/thumb/v6-m/nofp\libc.a(lib_a-malloc.o)
                0x0000000008013734                free
 .text._malloc_r
                0x0000000008013748      0x424 c:/st/stm32cubeide_1.9.0/stm32cubeide/plugins/com.st.stm32cube.ide.mcu.externaltools.gnu-tools-for-stm32.10.3-2021.10.win32_1.0.0.202111181127/tools/bin/../lib/gcc/arm-none-eabi/10.3.1/../../../../arm-none-eabi/lib/thumb/v6-m/nofp\libc.a(lib_a-mallocr.o)
                0x0000000008013748                _malloc_r
 .text.memcmp   0x0000000008013b6c       0x1c c:/st/stm32cubeide_1.9.0/stm32cubeide/plugins/com.st.stm32cube.ide.mcu.externaltools.gnu-tools-for-stm32.10.3-2021.10.win32_1.0.0.202111181127/tools/bin/../lib/gcc/arm-none-eabi/10.3.1/../../../../arm-none-eabi/lib/thumb/v6-m/nofp\libc.a(lib_a-memcmp.o)
                0x0000000008013b6c                memcmp
 .text.memcpy   0x0000000008013b88       0x12 c:/st/stm32cubeide_1.9.0/stm32cubeide/plugins/com.st.stm32cube.ide.mcu.externaltools.gnu-tools-for-stm32.10.3-2021.10.win32_1.0.0.202111181127/tools/bin/../lib/gcc/arm-none-eabi/10.3.1/../../../../arm-none-eabi/lib/thumb/v6-m/nofp\libc.a(lib_a-memcpy-stub.o)
                0x0000000008013b88                memcpy
 .text.memset   0x0000000008013b9a       0x10 c:/st/stm32cubeide_1.9.0/stm32cubeide/plugins/com.st.stm32cube.ide.mcu.externaltools.gnu-tools-for-stm32.10.3-2021.10.win32_1.0.0.202111181127/tools/bin/../lib/gcc/arm-none-eabi/10.3.1/../../../../arm-none-eabi/lib/thumb/v6-m/nofp\libc.a(lib_a-memset.o)
                0x0000000008013b9a                memset
 *fill*         0x0000000008013baa        0x2 
 .text.__malloc_lock
                0x0000000008013bac       0x10 c:/st/stm32cubeide_1.9.0/stm32cubeide/plugins/com.st.stm32cube.ide.mcu.externaltools.gnu-tools-for-stm32.10.3-2021.10.win32_1.0.0.202111181127/tools/bin/../lib/gcc/arm-none-eabi/10.3.1/../../../../arm-none-eabi/lib/thumb/v6-m/nofp\libc.a(lib_a-mlock.o)
                0x0000000008013bac                __malloc_lock
 .text.__malloc_unlock
                0x0000000008013bbc       0x10 c:/st/stm32cubeide_1.9.0/stm32cubeide/plugins/com.st.stm32cube.ide.mcu.externaltools.gnu-tools-for-stm32.10.3-2021.10.win32_1.0.0.202111181127/tools/bin/../lib/gcc/arm-none-eabi/10.3.1/../../../../arm-none-eabi/lib/thumb/v6-m/nofp\libc.a(lib_a-mlock.o)
                0x0000000008013bbc                __malloc_unlock
 .text.rand     0x0000000008013bcc       0x34 c:/st/stm32cubeide_1.9.0/stm32cubeide/plugins/com.st.stm32cube.ide.mcu.externaltools.gnu-tools-for-stm32.10.3-2021.10.win32_1.0.0.202111181127/tools/bin/../lib/gcc/arm-none-eabi/10.3.1/../../../../arm-none-eabi/lib/thumb/v6-m/nofp\libc.a(lib_a-rand.o)
                0x0000000008013bcc                rand
 .text.realloc  0x0000000008013c00       0x14 c:/st/stm32cubeide_1.9.0/stm32cubeide/plugins/com.st.stm32cube.ide.mcu.externaltools.gnu-tools-for-stm32.10.3-2021.10.win32_1.0.0.202111181127/tools/bin/../lib/gcc/arm-none-eabi/10.3.1/../../../../arm-none-eabi/lib/thumb/v6-m/nofp\libc.a(lib_a-realloc.o)
                0x0000000008013c00                realloc
 .text._realloc_r